<html>
<body>
<pre>
<h1>µVision Build Log</h1>
<h2>Tool Versions:</h2>
IDE-Version: £gVision V5.20.0.0
Copyright (C) 2016 ARM Ltd and ARM Germany GmbH. All rights reserved.
License Information: Ken Ken, Ken, LIC=VGXGK-ZKQMF-Z9QG9-46SZE-R67JE-WJQH6
 
Tool Versions:
Toolchain:       MDK-ARM Plus  Version: 5.20
Toolchain Path:  C:\Keil_v5\ARM\ARMCC\Bin
C Compiler:      Armcc.exe V5.06 update 2 (build 183)
Assembler:       Armasm.exe V5.06 update 2 (build 183)
Linker/Locator:  ArmLink.exe V5.06 update 2 (build 183)
Library Manager: ArmAr.exe V5.06 update 2 (build 183)
Hex Converter:   FromElf.exe V5.06 update 2 (build 183)
CPU DLL:         SARMCM3.DLL V5.20
Dialog DLL:      DCM.DLL V1.13.7.0
Target DLL:      STLink\ST-LINKIII-KEIL_SWO.dll V2.0.18.0
Dialog DLL:      TCM.DLL V1.14.9.0
 
<h2>Project:</h2>
D:\STM32_GrayBMP\Project\FatFS_uSD\MDK-ARM\Project.uvprojx
Project File Date:  08/05/2016

<h2>Output:</h2>
*** Using Compiler 'V5.06 update 2 (build 183)', folder: 'C:\Keil_v5\ARM\ARMCC\Bin'
Build target 'STM324xG-EVAL'
compiling main.c...
..\main.c(142): warning:  #9-D: nested comment is not allowed
  	/*if ( f_mount( 0, &fs ) != FR_OK )
..\main.c(202): warning:  #111-D: statement is unreachable
  	f_close(&file);
..\main.c(323): warning:  #177-D: variable "i" was declared but never referenced
    uint32_t index = 0, i = 0;
..\main.c(337): warning:  #177-D: variable "i" was declared but never referenced
    uint32_t index = 0, i = 0;
..\main.c: 4 warnings, 0 errors
linking...
Program Size: Code=14908 RO-data=164644 RW-data=144 ZI-data=80584  
FromELF: creating hex file...
"STM324xG-EVAL\STM324xG-EVAL.axf" - 0 Error(s), 4 Warning(s).

<h2>Software Packages used:</h2>

Package Vendor: ARM
                http://www.keil.com/pack/ARM.CMSIS.5.0.0-Beta4.pack
                ARM::CMSIS:CORE:5.0.0
                CMSIS (Cortex Microcontroller Software Interface Standard)
   * Component: CORE Version: 5.0.0

<h2>Collection of Component include folders:</h2>
  D:\STM32_GrayBMP\Project\FatFS_uSD\MDK-ARM\RTE
  C:\Keil_v5\ARM\PACK\ARM\CMSIS\5.0.0-Beta4\CMSIS\Include
  C:\Keil_v5\ARM\PACK\Keil\STM32F4xx_DFP\2.9.0\Drivers\CMSIS\Device\ST\STM32F4xx\Include

<h2>Collection of Component Files used:</h2>

   * Component: ARM::CMSIS:CORE:5.0.0
Build Time Elapsed:  00:00:02
</pre>
</body>
</html>
