Component: ARM Compiler 5.06 update 2 (build 183) Tool: armlink [4d35b7]

==============================================================================

Section Cross References

    bsp.o(i.BSP_Init) refers to stm324xg_eval.o(i.STM_EVAL_LEDInit) for STM_EVAL_LEDInit
    bsp.o(i.BSP_Init) refers to stm324xg_eval_lcd.o(i.STM324xG_LCD_Init) for STM324xG_LCD_Init
    bsp.o(i.BSP_Init) refers to lcd_log.o(i.LCD_LOG_Init) for LCD_LOG_Init
    bsp.o(i.BSP_Init) refers to lcd_log.o(i.LCD_LOG_SetHeader) for LCD_LOG_SetHeader
    bsp.o(i.BSP_Init) refers to lcd_log.o(i.LCD_LOG_SetFooter) for LCD_LOG_SetFooter
    system_stm32f4xx.o(i.SystemCoreClockUpdate) refers to system_stm32f4xx.o(.data) for .data
    system_stm32f4xx.o(i.SystemInit) refers to system_stm32f4xx.o(i.SetSysClock) for SetSysClock
    startup_stm32f40_41xx.o(RESET) refers to startup_stm32f40_41xx.o(STACK) for __initial_sp
    startup_stm32f40_41xx.o(RESET) refers to startup_stm32f40_41xx.o(.text) for Reset_Handler
    startup_stm32f40_41xx.o(RESET) refers to stm32xxx_it.o(i.NMI_Handler) for NMI_Handler
    startup_stm32f40_41xx.o(RESET) refers to stm32xxx_it.o(i.HardFault_Handler) for HardFault_Handler
    startup_stm32f40_41xx.o(RESET) refers to stm32xxx_it.o(i.MemManage_Handler) for MemManage_Handler
    startup_stm32f40_41xx.o(RESET) refers to stm32xxx_it.o(i.BusFault_Handler) for BusFault_Handler
    startup_stm32f40_41xx.o(RESET) refers to stm32xxx_it.o(i.UsageFault_Handler) for UsageFault_Handler
    startup_stm32f40_41xx.o(RESET) refers to stm32xxx_it.o(i.SVC_Handler) for SVC_Handler
    startup_stm32f40_41xx.o(RESET) refers to stm32xxx_it.o(i.DebugMon_Handler) for DebugMon_Handler
    startup_stm32f40_41xx.o(RESET) refers to stm32xxx_it.o(i.PendSV_Handler) for PendSV_Handler
    startup_stm32f40_41xx.o(RESET) refers to stm32xxx_it.o(i.SysTick_Handler) for SysTick_Handler
    startup_stm32f40_41xx.o(RESET) refers to stm32xxx_it.o(i.SDIO_IRQHandler) for SDIO_IRQHandler
    startup_stm32f40_41xx.o(RESET) refers to stm32xxx_it.o(i.DMA2_Stream3_IRQHandler) for DMA2_Stream3_IRQHandler
    startup_stm32f40_41xx.o(.text) refers to system_stm32f4xx.o(i.SystemInit) for SystemInit
    startup_stm32f40_41xx.o(.text) refers to entry.o(.ARM.Collect$$$$00000000) for __main
    stm324xg_eval.o(i.SD_LowLevel_DMA_RxConfig) refers to stm32f4xx_dma.o(i.DMA_ClearFlag) for DMA_ClearFlag
    stm324xg_eval.o(i.SD_LowLevel_DMA_RxConfig) refers to stm32f4xx_dma.o(i.DMA_Cmd) for DMA_Cmd
    stm324xg_eval.o(i.SD_LowLevel_DMA_RxConfig) refers to stm32f4xx_dma.o(i.DMA_DeInit) for DMA_DeInit
    stm324xg_eval.o(i.SD_LowLevel_DMA_RxConfig) refers to stm32f4xx_dma.o(i.DMA_Init) for DMA_Init
    stm324xg_eval.o(i.SD_LowLevel_DMA_RxConfig) refers to stm32f4xx_dma.o(i.DMA_ITConfig) for DMA_ITConfig
    stm324xg_eval.o(i.SD_LowLevel_DMA_RxConfig) refers to stm32f4xx_dma.o(i.DMA_FlowControllerConfig) for DMA_FlowControllerConfig
    stm324xg_eval.o(i.SD_LowLevel_DMA_TxConfig) refers to stm32f4xx_dma.o(i.DMA_ClearFlag) for DMA_ClearFlag
    stm324xg_eval.o(i.SD_LowLevel_DMA_TxConfig) refers to stm32f4xx_dma.o(i.DMA_Cmd) for DMA_Cmd
    stm324xg_eval.o(i.SD_LowLevel_DMA_TxConfig) refers to stm32f4xx_dma.o(i.DMA_DeInit) for DMA_DeInit
    stm324xg_eval.o(i.SD_LowLevel_DMA_TxConfig) refers to stm32f4xx_dma.o(i.DMA_Init) for DMA_Init
    stm324xg_eval.o(i.SD_LowLevel_DMA_TxConfig) refers to stm32f4xx_dma.o(i.DMA_ITConfig) for DMA_ITConfig
    stm324xg_eval.o(i.SD_LowLevel_DMA_TxConfig) refers to stm32f4xx_dma.o(i.DMA_FlowControllerConfig) for DMA_FlowControllerConfig
    stm324xg_eval.o(i.SD_LowLevel_DeInit) refers to stm32f4xx_sdio.o(i.SDIO_ClockCmd) for SDIO_ClockCmd
    stm324xg_eval.o(i.SD_LowLevel_DeInit) refers to stm32f4xx_sdio.o(i.SDIO_SetPowerState) for SDIO_SetPowerState
    stm324xg_eval.o(i.SD_LowLevel_DeInit) refers to stm32f4xx_sdio.o(i.SDIO_DeInit) for SDIO_DeInit
    stm324xg_eval.o(i.SD_LowLevel_DeInit) refers to stm32f4xx_rcc.o(i.RCC_APB2PeriphClockCmd) for RCC_APB2PeriphClockCmd
    stm324xg_eval.o(i.SD_LowLevel_DeInit) refers to stm32f4xx_gpio.o(i.GPIO_PinAFConfig) for GPIO_PinAFConfig
    stm324xg_eval.o(i.SD_LowLevel_DeInit) refers to stm32f4xx_gpio.o(i.GPIO_Init) for GPIO_Init
    stm324xg_eval.o(i.SD_LowLevel_Init) refers to stm32f4xx_rcc.o(i.RCC_AHB1PeriphClockCmd) for RCC_AHB1PeriphClockCmd
    stm324xg_eval.o(i.SD_LowLevel_Init) refers to stm32f4xx_gpio.o(i.GPIO_PinAFConfig) for GPIO_PinAFConfig
    stm324xg_eval.o(i.SD_LowLevel_Init) refers to stm32f4xx_gpio.o(i.GPIO_Init) for GPIO_Init
    stm324xg_eval.o(i.SD_LowLevel_Init) refers to stm32f4xx_rcc.o(i.RCC_APB2PeriphClockCmd) for RCC_APB2PeriphClockCmd
    stm324xg_eval.o(i.STM_EVAL_COMInit) refers to stm32f4xx_rcc.o(i.RCC_AHB1PeriphClockCmd) for RCC_AHB1PeriphClockCmd
    stm324xg_eval.o(i.STM_EVAL_COMInit) refers to stm32f4xx_rcc.o(i.RCC_APB1PeriphClockCmd) for RCC_APB1PeriphClockCmd
    stm324xg_eval.o(i.STM_EVAL_COMInit) refers to stm32f4xx_gpio.o(i.GPIO_PinAFConfig) for GPIO_PinAFConfig
[...]
    Removing stm32f4xx_tim.o(i.TIM_SetIC1Prescaler), (16 bytes).
    Removing stm32f4xx_tim.o(i.TIM_SetIC2Prescaler), (24 bytes).
    Removing stm32f4xx_tim.o(i.TIM_SetIC3Prescaler), (16 bytes).
    Removing stm32f4xx_tim.o(i.TIM_SetIC4Prescaler), (24 bytes).
    Removing stm32f4xx_tim.o(i.TIM_TIxExternalClockConfig), (46 bytes).
    Removing stm32f4xx_tim.o(i.TIM_TimeBaseInit), (124 bytes).
    Removing stm32f4xx_tim.o(i.TIM_TimeBaseStructInit), (18 bytes).
    Removing stm32f4xx_tim.o(i.TIM_UpdateDisableConfig), (20 bytes).
    Removing stm32f4xx_tim.o(i.TIM_UpdateRequestConfig), (20 bytes).
    Removing stm32f4xx_exti.o(.rev16_text), (4 bytes).
    Removing stm32f4xx_exti.o(.revsh_text), (4 bytes).
    Removing stm32f4xx_exti.o(.rrx_text), (6 bytes).
    Removing stm32f4xx_exti.o(i.EXTI_ClearFlag), (12 bytes).
    Removing stm32f4xx_exti.o(i.EXTI_ClearITPendingBit), (12 bytes).
    Removing stm32f4xx_exti.o(i.EXTI_DeInit), (36 bytes).
    Removing stm32f4xx_exti.o(i.EXTI_GenerateSWInterrupt), (16 bytes).
    Removing stm32f4xx_exti.o(i.EXTI_GetFlagStatus), (20 bytes).
    Removing stm32f4xx_exti.o(i.EXTI_GetITStatus), (32 bytes).
    Removing stm32f4xx_exti.o(i.EXTI_Init), (112 bytes).
    Removing stm32f4xx_exti.o(i.EXTI_StructInit), (14 bytes).
    Removing stm32f4xx_i2c.o(.rev16_text), (4 bytes).
    Removing stm32f4xx_i2c.o(.revsh_text), (4 bytes).
    Removing stm32f4xx_i2c.o(.rrx_text), (6 bytes).
    Removing stm32f4xx_i2c.o(i.I2C_ARPCmd), (20 bytes).
    Removing stm32f4xx_i2c.o(i.I2C_AcknowledgeConfig), (20 bytes).
    Removing stm32f4xx_i2c.o(i.I2C_CalculatePEC), (20 bytes).
    Removing stm32f4xx_i2c.o(i.I2C_CheckEvent), (24 bytes).
    Removing stm32f4xx_i2c.o(i.I2C_ClearFlag), (6 bytes).
    Removing stm32f4xx_i2c.o(i.I2C_ClearITPendingBit), (6 bytes).
    Removing stm32f4xx_i2c.o(i.I2C_Cmd), (20 bytes).
    Removing stm32f4xx_i2c.o(i.I2C_DMACmd), (20 bytes).
    Removing stm32f4xx_i2c.o(i.I2C_DMALastTransferCmd), (20 bytes).
    Removing stm32f4xx_i2c.o(i.I2C_DeInit), (68 bytes).
    Removing stm32f4xx_i2c.o(i.I2C_DualAddressCmd), (20 bytes).
    Removing stm32f4xx_i2c.o(i.I2C_FastModeDutyCycleConfig), (22 bytes).
    Removing stm32f4xx_i2c.o(i.I2C_GeneralCallCmd), (20 bytes).
    Removing stm32f4xx_i2c.o(i.I2C_GenerateSTART), (20 bytes).
    Removing stm32f4xx_i2c.o(i.I2C_GenerateSTOP), (20 bytes).
    Removing stm32f4xx_i2c.o(i.I2C_GetFlagStatus), (42 bytes).
    Removing stm32f4xx_i2c.o(i.I2C_GetITStatus), (36 bytes).
    Removing stm32f4xx_i2c.o(i.I2C_GetLastEvent), (14 bytes).
    Removing stm32f4xx_i2c.o(i.I2C_GetPEC), (6 bytes).
    Removing stm32f4xx_i2c.o(i.I2C_ITConfig), (16 bytes).
    Removing stm32f4xx_i2c.o(i.I2C_Init), (184 bytes).
    Removing stm32f4xx_i2c.o(i.I2C_NACKPositionConfig), (22 bytes).
    Removing stm32f4xx_i2c.o(i.I2C_OwnAddress2Config), (16 bytes).
    Removing stm32f4xx_i2c.o(i.I2C_PECPositionConfig), (22 bytes).
    Removing stm32f4xx_i2c.o(i.I2C_ReadRegister), (10 bytes).
    Removing stm32f4xx_i2c.o(i.I2C_ReceiveData), (6 bytes).
    Removing stm32f4xx_i2c.o(i.I2C_SMBusAlertConfig), (22 bytes).
    Removing stm32f4xx_i2c.o(i.I2C_Send7bitAddress), (16 bytes).
    Removing stm32f4xx_i2c.o(i.I2C_SendData), (4 bytes).
    Removing stm32f4xx_i2c.o(i.I2C_SoftwareResetCmd), (20 bytes).
    Removing stm32f4xx_i2c.o(i.I2C_StretchClockCmd), (20 bytes).
    Removing stm32f4xx_i2c.o(i.I2C_StructInit), (28 bytes).
    Removing stm32f4xx_i2c.o(i.I2C_TransmitPEC), (20 bytes).
    Removing stm32f4xx_usart.o(.rev16_text), (4 bytes).
    Removing stm32f4xx_usart.o(.revsh_text), (4 bytes).
    Removing stm32f4xx_usart.o(.rrx_text), (6 bytes).
    Removing stm32f4xx_usart.o(i.USART_ClearFlag), (6 bytes).
    Removing stm32f4xx_usart.o(i.USART_ClearITPendingBit), (12 bytes).
    Removing stm32f4xx_usart.o(i.USART_ClockInit), (28 bytes).
    Removing stm32f4xx_usart.o(i.USART_ClockStructInit), (12 bytes).
    Removing stm32f4xx_usart.o(i.USART_Cmd), (20 bytes).
    Removing stm32f4xx_usart.o(i.USART_DMACmd), (16 bytes).
    Removing stm32f4xx_usart.o(i.USART_DeInit), (140 bytes).
    Removing stm32f4xx_usart.o(i.USART_GetFlagStatus), (14 bytes).
    Removing stm32f4xx_usart.o(i.USART_GetITStatus), (62 bytes).
    Removing stm32f4xx_usart.o(i.USART_HalfDuplexCmd), (20 bytes).
    Removing stm32f4xx_usart.o(i.USART_ITConfig), (48 bytes).
    Removing stm32f4xx_usart.o(i.USART_Init), (172 bytes).
    Removing stm32f4xx_usart.o(i.USART_IrDACmd), (20 bytes).
    Removing stm32f4xx_usart.o(i.USART_IrDAConfig), (16 bytes).
    Removing stm32f4xx_usart.o(i.USART_LINBreakDetectLengthConfig), (16 bytes).
    Removing stm32f4xx_usart.o(i.USART_LINCmd), (20 bytes).
    Removing stm32f4xx_usart.o(i.USART_OneBitMethodCmd), (20 bytes).
    Removing stm32f4xx_usart.o(i.USART_OverSampling8Cmd), (20 bytes).
    Removing stm32f4xx_usart.o(i.USART_ReceiveData), (8 bytes).
    Removing stm32f4xx_usart.o(i.USART_ReceiverWakeUpCmd), (20 bytes).
    Removing stm32f4xx_usart.o(i.USART_SendBreak), (10 bytes).
    Removing stm32f4xx_usart.o(i.USART_SendData), (8 bytes).
    Removing stm32f4xx_usart.o(i.USART_SetAddress), (16 bytes).
    Removing stm32f4xx_usart.o(i.USART_SetGuardTime), (16 bytes).
    Removing stm32f4xx_usart.o(i.USART_SetPrescaler), (16 bytes).
    Removing stm32f4xx_usart.o(i.USART_SmartCardCmd), (20 bytes).
    Removing stm32f4xx_usart.o(i.USART_SmartCardNACKCmd), (20 bytes).
    Removing stm32f4xx_usart.o(i.USART_StructInit), (22 bytes).
    Removing stm32f4xx_usart.o(i.USART_WakeUpConfig), (16 bytes).
    Removing stm32f4xx_syscfg.o(.rev16_text), (4 bytes).
    Removing stm32f4xx_syscfg.o(.revsh_text), (4 bytes).
    Removing stm32f4xx_syscfg.o(.rrx_text), (6 bytes).
    Removing stm32f4xx_syscfg.o(i.SYSCFG_CompensationCellCmd), (12 bytes).
    Removing stm32f4xx_syscfg.o(i.SYSCFG_DeInit), (24 bytes).
    Removing stm32f4xx_syscfg.o(i.SYSCFG_ETH_MediaInterfaceConfig), (12 bytes).
    Removing stm32f4xx_syscfg.o(i.SYSCFG_EXTILineConfig), (48 bytes).
    Removing stm32f4xx_syscfg.o(i.SYSCFG_GetCompensationCellStatus), (20 bytes).
    Removing stm32f4xx_syscfg.o(i.SYSCFG_MemoryRemapConfig), (12 bytes).
    Removing fatfs_drv.o(.rev16_text), (4 bytes).
    Removing fatfs_drv.o(.revsh_text), (4 bytes).
    Removing fatfs_drv.o(.rrx_text), (6 bytes).
    Removing fatfs_drv.o(i.disk_ioctl), (84 bytes).
    Removing main.o(.rev16_text), (4 bytes).
    Removing main.o(.revsh_text), (4 bytes).
    Removing main.o(.rrx_text), (6 bytes).
    Removing main.o(i.LCD_ShowBMP), (70 bytes).
    Removing main.o(.constdata), (76800 bytes).
    Removing main.o(.constdata), (76800 bytes).
    Removing main.o(.constdata), (9600 bytes).
    Removing main.o(.constdata), (76800 bytes).
    Removing main.o(.constdata), (9600 bytes).
    Removing main.o(.constdata), (76800 bytes).
    Removing main.o(.constdata), (153600 bytes).
    Removing main.o(.data), (55 bytes).
    Removing main.o(.data), (4 bytes).
    Removing main.o(.data), (4 bytes).
    Removing stm32xxx_it.o(.rev16_text), (4 bytes).
    Removing stm32xxx_it.o(.revsh_text), (4 bytes).
    Removing stm32xxx_it.o(.rrx_text), (6 bytes).
    Removing lcd_log.o(.rev16_text), (4 bytes).
    Removing lcd_log.o(.revsh_text), (4 bytes).
    Removing lcd_log.o(.rrx_text), (6 bytes).
    Removing lcd_log.o(i.LCD_LOG_ClearTextZone), (38 bytes).
    Removing ff.o(i.dir_read), (240 bytes).
    Removing ff.o(i.dir_remove), (80 bytes).
    Removing ff.o(i.f_chmod), (84 bytes).
    Removing ff.o(i.f_close), (18 bytes).
    Removing ff.o(i.f_getfree), (200 bytes).
    Removing ff.o(i.f_gets), (68 bytes).
    Removing ff.o(i.f_lseek), (306 bytes).
    Removing ff.o(i.f_mkdir), (400 bytes).
    Removing ff.o(i.f_opendir), (88 bytes).
    Removing ff.o(i.f_printf), (516 bytes).
    Removing ff.o(i.f_putc), (32 bytes).
    Removing ff.o(i.f_puts), (40 bytes).
    Removing ff.o(i.f_readdir), (88 bytes).
    Removing ff.o(i.f_rename), (264 bytes).
    Removing ff.o(i.f_stat), (68 bytes).
    Removing ff.o(i.f_sync), (164 bytes).
    Removing ff.o(i.f_truncate), (144 bytes).
    Removing ff.o(i.f_unlink), (160 bytes).
    Removing ff.o(i.f_utime), (88 bytes).
    Removing ff.o(i.f_write), (400 bytes).
    Removing ff.o(i.get_fileinfo), (208 bytes).
    Removing ff.o(i.sync), (184 bytes).
    Removing dflti.o(.text), (34 bytes).
    Removing dfltui.o(.text), (26 bytes).
    Removing cdcmple.o(.text), (48 bytes).
    Removing cdrcmple.o(.text), (48 bytes).
    Removing depilogue.o(.text), (186 bytes).
    Removing dadd.o(.text), (334 bytes).
    Removing dmul.o(.text), (228 bytes).
    Removing ddiv.o(.text), (222 bytes).
    Removing dfixul.o(.text), (48 bytes).

450 unused section(s) (total 501241 bytes) removed from the image.

==============================================================================

Image Symbol Table

    Local Symbols

    Symbol Name                              Value     Ov Type        Size  Object(Section)

    ../clib/microlib/division.c              0x00000000   Number         0  uidiv.o ABSOLUTE
    ../clib/microlib/division.c              0x00000000   Number         0  uldiv.o ABSOLUTE
    ../clib/microlib/init/entry.s            0x00000000   Number         0  entry8b.o ABSOLUTE
    ../clib/microlib/init/entry.s            0x00000000   Number         0  entry5.o ABSOLUTE
    ../clib/microlib/init/entry.s            0x00000000   Number         0  entry9a.o ABSOLUTE
    ../clib/microlib/init/entry.s            0x00000000   Number         0  entry7a.o ABSOLUTE
    ../clib/microlib/init/entry.s            0x00000000   Number         0  entry2.o ABSOLUTE
    ../clib/microlib/init/entry.s            0x00000000   Number         0  entry7b.o ABSOLUTE
    ../clib/microlib/init/entry.s            0x00000000   Number         0  entry9b.o ABSOLUTE
    ../clib/microlib/init/entry.s            0x00000000   Number         0  entry8a.o ABSOLUTE
    ../clib/microlib/init/entry.s            0x00000000   Number         0  entry10a.o ABSOLUTE
    ../clib/microlib/init/entry.s            0x00000000   Number         0  entry10b.o ABSOLUTE
    ../clib/microlib/init/entry.s            0x00000000   Number         0  entry.o ABSOLUTE
    ../clib/microlib/init/entry.s            0x00000000   Number         0  entry11a.o ABSOLUTE
    ../clib/microlib/init/entry.s            0x00000000   Number         0  entry11b.o ABSOLUTE
    ../clib/microlib/longlong.c              0x00000000   Number         0  llsshr.o ABSOLUTE
    ../clib/microlib/longlong.c              0x00000000   Number         0  llushr.o ABSOLUTE
    ../clib/microlib/longlong.c              0x00000000   Number         0  llshl.o ABSOLUTE
    ../clib/microlib/printf/printf.c         0x00000000   Number         0  printf7.o ABSOLUTE
    ../clib/microlib/printf/printf.c         0x00000000   Number         0  printf1.o ABSOLUTE
    ../clib/microlib/printf/printf.c         0x00000000   Number         0  printf8.o ABSOLUTE
    ../clib/microlib/printf/printf.c         0x00000000   Number         0  printfb.o ABSOLUTE
    ../clib/microlib/printf/printf.c         0x00000000   Number         0  printf6.o ABSOLUTE
    ../clib/microlib/printf/printf.c         0x00000000   Number         0  printf0.o ABSOLUTE
    ../clib/microlib/printf/printf.c         0x00000000   Number         0  printfa.o ABSOLUTE
    ../clib/microlib/printf/printf.c         0x00000000   Number         0  printf5.o ABSOLUTE
    ../clib/microlib/printf/printf.c         0x00000000   Number         0  printf4.o ABSOLUTE
    ../clib/microlib/printf/printf.c         0x00000000   Number         0  printf3.o ABSOLUTE
    ../clib/microlib/printf/printf.c         0x00000000   Number         0  printf2.o ABSOLUTE
    ../clib/microlib/stdio/streams.c         0x00000000   Number         0  stdout.o ABSOLUTE
    ../clib/microlib/string/memcpy.c         0x00000000   Number         0  memcpya.o ABSOLUTE
    ../clib/microlib/string/memcpy.c         0x00000000   Number         0  memcpyb.o ABSOLUTE
    ../clib/microlib/string/memset.c         0x00000000   Number         0  memseta.o ABSOLUTE
    ../clib/microlib/stubs.s                 0x00000000   Number         0  iusefp.o ABSOLUTE
    ../fplib/microlib/fpadd.c                0x00000000   Number         0  dadd.o ABSOLUTE
    ../fplib/microlib/fpdiv.c                0x00000000   Number         0  ddiv.o ABSOLUTE
    ../fplib/microlib/fpepilogue.c           0x00000000   Number         0  depilogue.o ABSOLUTE
    ../fplib/microlib/fpfix.c                0x00000000   Number         0  dfixul.o ABSOLUTE
    ../fplib/microlib/fpflt.c                0x00000000   Number         0  dflti.o ABSOLUTE
    ../fplib/microlib/fpflt.c                0x00000000   Number         0  dfltui.o ABSOLUTE
    ../fplib/microlib/fpmul.c                0x00000000   Number         0  dmul.o ABSOLUTE
    ..\..\..\Libraries\STM32F4xx_StdPeriph_Driver\src\misc.c 0x00000000   Number         0  misc.o ABSOLUTE
    ..\..\..\Libraries\STM32F4xx_StdPeriph_Driver\src\stm32f4xx_dma.c 0x00000000   Number         0  stm32f4xx_dma.o ABSOLUTE
    ..\..\..\Libraries\STM32F4xx_StdPeriph_Driver\src\stm32f4xx_exti.c 0x00000000   Number         0  stm32f4xx_exti.o ABSOLUTE
    ..\..\..\Libraries\STM32F4xx_StdPeriph_Driver\src\stm32f4xx_flash.c 0x00000000   Number         0  stm32f4xx_flash.o ABSOLUTE
    ..\..\..\Libraries\STM32F4xx_StdPeriph_Driver\src\stm32f4xx_fsmc.c 0x00000000   Number         0  stm32f4xx_fsmc.o ABSOLUTE
    ..\..\..\Libraries\STM32F4xx_StdPeriph_Driver\src\stm32f4xx_gpio.c 0x00000000   Number         0  stm32f4xx_gpio.o ABSOLUTE
    ..\..\..\Libraries\STM32F4xx_StdPeriph_Driver\src\stm32f4xx_i2c.c 0x00000000   Number         0  stm32f4xx_i2c.o ABSOLUTE
    ..\..\..\Libraries\STM32F4xx_StdPeriph_Driver\src\stm32f4xx_rcc.c 0x00000000   Number         0  stm32f4xx_rcc.o ABSOLUTE
    ..\..\..\Libraries\STM32F4xx_StdPeriph_Driver\src\stm32f4xx_sdio.c 0x00000000   Number         0  stm32f4xx_sdio.o ABSOLUTE
    ..\..\..\Libraries\STM32F4xx_StdPeriph_Driver\src\stm32f4xx_syscfg.c 0x00000000   Number         0  stm32f4xx_syscfg.o ABSOLUTE
    ..\..\..\Libraries\STM32F4xx_StdPeriph_Driver\src\stm32f4xx_tim.c 0x00000000   Number         0  stm32f4xx_tim.o ABSOLUTE
    ..\..\..\Libraries\STM32F4xx_StdPeriph_Driver\src\stm32f4xx_usart.c 0x00000000   Number         0  stm32f4xx_usart.o ABSOLUTE
    ..\..\..\Utilities\STM32_EVAL\Common\lcd_log.c 0x00000000   Number         0  lcd_log.o ABSOLUTE
    ..\..\..\Utilities\STM32_EVAL\STM3240_41_G_EVAL\stm324xg_eval.c 0x00000000   Number         0  stm324xg_eval.o ABSOLUTE
    ..\..\..\Utilities\STM32_EVAL\STM3240_41_G_EVAL\stm324xg_eval_lcd.c 0x00000000   Number         0  stm324xg_eval_lcd.o ABSOLUTE
    ..\..\..\Utilities\STM32_EVAL\STM3240_41_G_EVAL\stm324xg_eval_sdio_sd.c 0x00000000   Number         0  stm324xg_eval_sdio_sd.o ABSOLUTE
    ..\..\..\Utilities\Third_Party\fat_fs\src\ff.c 0x00000000   Number         0  ff.o ABSOLUTE
    ..\..\..\Utilities\Third_Party\fat_fs\src\option\ccsbcs.c 0x00000000   Number         0  ccsbcs.o ABSOLUTE
    ..\Devices\STM32F4xx\bsp.c               0x00000000   Number         0  bsp.o ABSOLUTE
    ..\\..\\..\\Libraries\\STM32F4xx_StdPeriph_Driver\\src\\misc.c 0x00000000   Number         0  misc.o ABSOLUTE
    ..\\..\\..\\Libraries\\STM32F4xx_StdPeriph_Driver\\src\\stm32f4xx_dma.c 0x00000000   Number         0  stm32f4xx_dma.o ABSOLUTE
    ..\\..\\..\\Libraries\\STM32F4xx_StdPeriph_Driver\\src\\stm32f4xx_exti.c 0x00000000   Number         0  stm32f4xx_exti.o ABSOLUTE
    ..\\..\\..\\Libraries\\STM32F4xx_StdPeriph_Driver\\src\\stm32f4xx_flash.c 0x00000000   Number         0  stm32f4xx_flash.o ABSOLUTE
    ..\\..\\..\\Libraries\\STM32F4xx_StdPeriph_Driver\\src\\stm32f4xx_fsmc.c 0x00000000   Number         0  stm32f4xx_fsmc.o ABSOLUTE
    ..\\..\\..\\Libraries\\STM32F4xx_StdPeriph_Driver\\src\\stm32f4xx_gpio.c 0x00000000   Number         0  stm32f4xx_gpio.o ABSOLUTE
    ..\\..\\..\\Libraries\\STM32F4xx_StdPeriph_Driver\\src\\stm32f4xx_i2c.c 0x00000000   Number         0  stm32f4xx_i2c.o ABSOLUTE
    ..\\..\\..\\Libraries\\STM32F4xx_StdPeriph_Driver\\src\\stm32f4xx_rcc.c 0x00000000   Number         0  stm32f4xx_rcc.o ABSOLUTE
    ..\\..\\..\\Libraries\\STM32F4xx_StdPeriph_Driver\\src\\stm32f4xx_sdio.c 0x00000000   Number         0  stm32f4xx_sdio.o ABSOLUTE
    ..\\..\\..\\Libraries\\STM32F4xx_StdPeriph_Driver\\src\\stm32f4xx_syscfg.c 0x00000000   Number         0  stm32f4xx_syscfg.o ABSOLUTE
    ..\\..\\..\\Libraries\\STM32F4xx_StdPeriph_Driver\\src\\stm32f4xx_tim.c 0x00000000   Number         0  stm32f4xx_tim.o ABSOLUTE
    ..\\..\\..\\Libraries\\STM32F4xx_StdPeriph_Driver\\src\\stm32f4xx_usart.c 0x00000000   Number         0  stm32f4xx_usart.o ABSOLUTE
    ..\\..\\..\\Utilities\\STM32_EVAL\\Common\\lcd_log.c 0x00000000   Number         0  lcd_log.o ABSOLUTE
    ..\\..\\..\\Utilities\\STM32_EVAL\\STM3240_41_G_EVAL\\stm324xg_eval.c 0x00000000   Number         0  stm324xg_eval.o ABSOLUTE
    ..\\..\\..\\Utilities\\STM32_EVAL\\STM3240_41_G_EVAL\\stm324xg_eval_lcd.c 0x00000000   Number         0  stm324xg_eval_lcd.o ABSOLUTE
    ..\\..\\..\\Utilities\\STM32_EVAL\\STM3240_41_G_EVAL\\stm324xg_eval_sdio_sd.c 0x00000000   Number         0  stm324xg_eval_sdio_sd.o ABSOLUTE
    ..\\Devices\\STM32F4xx\\bsp.c            0x00000000   Number         0  bsp.o ABSOLUTE
    ..\\fatfs_drv.c                          0x00000000   Number         0  fatfs_drv.o ABSOLUTE
    ..\\main.c                               0x00000000   Number         0  main.o ABSOLUTE
    ..\\stm32xxx_it.c                        0x00000000   Number         0  stm32xxx_it.o ABSOLUTE
    ..\\system_stm32f4xx.c                   0x00000000   Number         0  system_stm32f4xx.o ABSOLUTE
    ..\fatfs_drv.c                           0x00000000   Number         0  fatfs_drv.o ABSOLUTE
    ..\main.c                                0x00000000   Number         0  main.o ABSOLUTE
    ..\startup_stm32f40_41xx.s               0x00000000   Number         0  startup_stm32f40_41xx.o ABSOLUTE
    ..\stm32xxx_it.c                         0x00000000   Number         0  stm32xxx_it.o ABSOLUTE
    ..\system_stm32f4xx.c                    0x00000000   Number         0  system_stm32f4xx.o ABSOLUTE
    cdcmple.s                                0x00000000   Number         0  cdcmple.o ABSOLUTE
    cdrcmple.s                               0x00000000   Number         0  cdrcmple.o ABSOLUTE
    dc.s                                     0x00000000   Number         0  dc.o ABSOLUTE
    handlers.s                               0x00000000   Number         0  handlers.o ABSOLUTE
    init.s                                   0x00000000   Number         0  init.o ABSOLUTE
    RESET                                    0x08000000   Section      392  startup_stm32f40_41xx.o(RESET)
    .ARM.Collect$$$$00000000                 0x08000188   Section        0  entry.o(.ARM.Collect$$$$00000000)
    .ARM.Collect$$$$00000001                 0x08000188   Section        4  entry2.o(.ARM.Collect$$$$00000001)
    .ARM.Collect$$$$00000004                 0x0800018c   Section        4  entry5.o(.ARM.Collect$$$$00000004)
    .ARM.Collect$$$$00000008                 0x08000190   Section        0  entry7b.o(.ARM.Collect$$$$00000008)
    .ARM.Collect$$$$0000000A                 0x08000190   Section        0  entry8b.o(.ARM.Collect$$$$0000000A)
    .ARM.Collect$$$$0000000B                 0x08000190   Section        8  entry9a.o(.ARM.Collect$$$$0000000B)
    .ARM.Collect$$$$0000000D                 0x08000198   Section        0  entry10a.o(.ARM.Collect$$$$0000000D)
    .ARM.Collect$$$$0000000F                 0x08000198   Section        0  entry11a.o(.ARM.Collect$$$$0000000F)
    .ARM.Collect$$$$00002712                 0x08000198   Section        4  entry2.o(.ARM.Collect$$$$00002712)
    __lit__00000000                          0x08000198   Data           4  entry2.o(.ARM.Collect$$$$00002712)
    .text                                    0x0800019c   Section       36  startup_stm32f40_41xx.o(.text)
    $v0                                      0x0800019c   Number         0  startup_stm32f40_41xx.o(.text)
    .text                                    0x080001c0   Section        0  memcpya.o(.text)
    .text                                    0x080001e4   Section        0  memseta.o(.text)
    .text                                    0x08000208   Section       36  init.o(.text)
    i.BSP_Init                               0x0800022c   Section        0  bsp.o(i.BSP_Init)
    i.BusFault_Handler                       0x08000298   Section        0  stm32xxx_it.o(i.BusFault_Handler)
    i.CmdResp1Error                          0x0800029c   Section        0  stm324xg_eval_sdio_sd.o(i.CmdResp1Error)
    CmdResp1Error                            0x0800029d   Thumb Code   224  stm324xg_eval_sdio_sd.o(i.CmdResp1Error)
    i.CmdResp2Error                          0x08000384   Section        0  stm324xg_eval_sdio_sd.o(i.CmdResp2Error)
    CmdResp2Error                            0x08000385   Thumb Code    46  stm324xg_eval_sdio_sd.o(i.CmdResp2Error)
    i.CmdResp6Error                          0x080003b8   Section        0  stm324xg_eval_sdio_sd.o(i.CmdResp6Error)
    CmdResp6Error                            0x080003b9   Thumb Code   106  stm324xg_eval_sdio_sd.o(i.CmdResp6Error)
    i.DMA2_Stream3_IRQHandler                0x08000428   Section        0  stm32xxx_it.o(i.DMA2_Stream3_IRQHandler)
    i.DMA_ClearFlag                          0x0800042c   Section        0  stm32f4xx_dma.o(i.DMA_ClearFlag)
    i.DMA_Cmd                                0x08000458   Section        0  stm32f4xx_dma.o(i.DMA_Cmd)
    i.DMA_DeInit                             0x0800046c   Section        0  stm32f4xx_dma.o(i.DMA_DeInit)
    i.DMA_FlowControllerConfig               0x08000590   Section        0  stm32f4xx_dma.o(i.DMA_FlowControllerConfig)
    i.DMA_ITConfig                           0x080005a4   Section        0  stm32f4xx_dma.o(i.DMA_ITConfig)
    i.DMA_Init                               0x080005d0   Section        0  stm32f4xx_dma.o(i.DMA_Init)
    i.DebugMon_Handler                       0x08000624   Section        0  stm32xxx_it.o(i.DebugMon_Handler)
    i.Delay                                  0x08000628   Section        0  main.o(i.Delay)
    Delay                                    0x08000629   Thumb Code    22  main.o(i.Delay)
    i.FSMC_NORSRAMCmd                        0x08000644   Section        0  stm32f4xx_fsmc.o(i.FSMC_NORSRAMCmd)
    i.FSMC_NORSRAMInit                       0x08000664   Section        0  stm32f4xx_fsmc.o(i.FSMC_NORSRAMInit)
    i.FindSCR                                0x0800072c   Section        0  stm324xg_eval_sdio_sd.o(i.FindSCR)
    FindSCR                                  0x0800072d   Thumb Code   296  stm324xg_eval_sdio_sd.o(i.FindSCR)
    i.GPIO_Init                              0x08000860   Section        0  stm32f4xx_gpio.o(i.GPIO_Init)
    i.GPIO_PinAFConfig                       0x08000902   Section        0  stm32f4xx_gpio.o(i.GPIO_PinAFConfig)
    i.GPIO_ReadInputDataBit                  0x08000922   Section        0  stm32f4xx_gpio.o(i.GPIO_ReadInputDataBit)
    i.HardFault_Handler                      0x08000930   Section        0  stm32xxx_it.o(i.HardFault_Handler)
    i.LCD_Clear                              0x08000932   Section        0  stm324xg_eval_lcd.o(i.LCD_Clear)
    i.LCD_ClearLine                          0x08000958   Section        0  stm324xg_eval_lcd.o(i.LCD_ClearLine)
    i.LCD_CtrlLinesConfig                    0x08000988   Section        0  stm324xg_eval_lcd.o(i.LCD_CtrlLinesConfig)
    i.LCD_DisplayChar                        0x08000abc   Section        0  stm324xg_eval_lcd.o(i.LCD_DisplayChar)
    i.LCD_DisplayStringLine                  0x08000adc   Section        0  stm324xg_eval_lcd.o(i.LCD_DisplayStringLine)
    i.LCD_Draw16BitBMP                       0x08000b14   Section        0  main.o(i.LCD_Draw16BitBMP)
    i.LCD_DrawChar                           0x08000b3c   Section        0  stm324xg_eval_lcd.o(i.LCD_DrawChar)
    i.LCD_DrawGrayPict                       0x08000bb8   Section        0  main.o(i.LCD_DrawGrayPict)
    i.LCD_DrawMonoPict                       0x08000be0   Section        0  stm324xg_eval_lcd.o(i.LCD_DrawMonoPict)
    i.LCD_FSMCConfig                         0x08000c2c   Section        0  stm324xg_eval_lcd.o(i.LCD_FSMCConfig)
    i.LCD_GetFont                            0x08000c84   Section        0  stm324xg_eval_lcd.o(i.LCD_GetFont)
    i.LCD_LOG_DeInit                         0x08000c90   Section        0  lcd_log.o(i.LCD_LOG_DeInit)
    i.LCD_LOG_Init                           0x08000cb8   Section        0  lcd_log.o(i.LCD_LOG_Init)
    i.LCD_LOG_SetFooter                      0x08000cc8   Section        0  lcd_log.o(i.LCD_LOG_SetFooter)
    i.LCD_LOG_SetHeader                      0x08000d2c   Section        0  lcd_log.o(i.LCD_LOG_SetHeader)
    i.LCD_LOG_UpdateDisplay                  0x08000dbc   Section        0  lcd_log.o(i.LCD_LOG_UpdateDisplay)
    LCD_LOG_UpdateDisplay                    0x08000dbd   Thumb Code   150  lcd_log.o(i.LCD_LOG_UpdateDisplay)
    i.LCD_ReadReg                            0x08000e5c   Section        0  stm324xg_eval_lcd.o(i.LCD_ReadReg)
    i.LCD_SetBackColor                       0x08000e68   Section        0  stm324xg_eval_lcd.o(i.LCD_SetBackColor)
    i.LCD_SetCursor                          0x08000e78   Section        0  stm324xg_eval_lcd.o(i.LCD_SetCursor)
    i.LCD_SetFont                            0x08000e90   Section        0  stm324xg_eval_lcd.o(i.LCD_SetFont)
    i.LCD_SetTextColor                       0x08000e9c   Section        0  stm324xg_eval_lcd.o(i.LCD_SetTextColor)
    i.LCD_WriteRAM                           0x08000eac   Section        0  stm324xg_eval_lcd.o(i.LCD_WriteRAM)
    i.LCD_WriteRAM_Prepare                   0x08000eb4   Section        0  stm324xg_eval_lcd.o(i.LCD_WriteRAM_Prepare)
    i.LCD_WriteReg                           0x08000ebe   Section        0  stm324xg_eval_lcd.o(i.LCD_WriteReg)
    i.MemManage_Handler                      0x08000ec8   Section        0  stm32xxx_it.o(i.MemManage_Handler)
    i.NMI_Handler                            0x08000eca   Section        0  stm32xxx_it.o(i.NMI_Handler)
    i.NVIC_Init                              0x08000ecc   Section        0  misc.o(i.NVIC_Init)
    i.PendSV_Handler                         0x08000f30   Section        0  stm32xxx_it.o(i.PendSV_Handler)
    i.RCC_AHB1PeriphClockCmd                 0x08000f34   Section        0  stm32f4xx_rcc.o(i.RCC_AHB1PeriphClockCmd)
    i.RCC_AHB3PeriphClockCmd                 0x08000f4c   Section        0  stm32f4xx_rcc.o(i.RCC_AHB3PeriphClockCmd)
    i.RCC_APB2PeriphClockCmd                 0x08000f64   Section        0  stm32f4xx_rcc.o(i.RCC_APB2PeriphClockCmd)
    i.RCC_APB2PeriphResetCmd                 0x08000f7c   Section        0  stm32f4xx_rcc.o(i.RCC_APB2PeriphResetCmd)
    i.SDCardConfig                           0x08000f94   Section        0  main.o(i.SDCardConfig)
    i.SDEnWideBus                            0x0800104c   Section        0  stm324xg_eval_sdio_sd.o(i.SDEnWideBus)
    SDEnWideBus                              0x0800104d   Thumb Code   182  stm324xg_eval_sdio_sd.o(i.SDEnWideBus)
    i.SDIO_ClearFlag                         0x0800110c   Section        0  stm32f4xx_sdio.o(i.SDIO_ClearFlag)
    i.SDIO_ClearITPendingBit                 0x08001118   Section        0  stm32f4xx_sdio.o(i.SDIO_ClearITPendingBit)
    i.SDIO_ClockCmd                          0x08001124   Section        0  stm32f4xx_sdio.o(i.SDIO_ClockCmd)
    i.SDIO_DMACmd                            0x08001130   Section        0  stm32f4xx_sdio.o(i.SDIO_DMACmd)
    i.SDIO_DataConfig                        0x0800113c   Section        0  stm32f4xx_sdio.o(i.SDIO_DataConfig)
    i.SDIO_DeInit                            0x0800116c   Section        0  stm32f4xx_sdio.o(i.SDIO_DeInit)
    i.SDIO_GetCommandResponse                0x08001184   Section        0  stm32f4xx_sdio.o(i.SDIO_GetCommandResponse)
    i.SDIO_GetFlagStatus                     0x08001190   Section        0  stm32f4xx_sdio.o(i.SDIO_GetFlagStatus)
    i.SDIO_GetITStatus                       0x080011a4   Section        0  stm32f4xx_sdio.o(i.SDIO_GetITStatus)
    i.SDIO_GetPowerState                     0x080011b8   Section        0  stm32f4xx_sdio.o(i.SDIO_GetPowerState)
    i.SDIO_GetResponse                       0x080011c8   Section        0  stm32f4xx_sdio.o(i.SDIO_GetResponse)
    i.SDIO_IRQHandler                        0x080011d8   Section        0  stm32xxx_it.o(i.SDIO_IRQHandler)
    i.SDIO_ITConfig                          0x080011dc   Section        0  stm32f4xx_sdio.o(i.SDIO_ITConfig)
    i.SDIO_Init                              0x080011f4   Section        0  stm32f4xx_sdio.o(i.SDIO_Init)
    i.SDIO_ReadData                          0x08001220   Section        0  stm32f4xx_sdio.o(i.SDIO_ReadData)
    i.SDIO_SendCommand                       0x0800122c   Section        0  stm32f4xx_sdio.o(i.SDIO_SendCommand)
    i.SDIO_SetPowerState                     0x08001254   Section        0  stm32f4xx_sdio.o(i.SDIO_SetPowerState)
    i.SD_Detect                              0x08001260   Section        0  stm324xg_eval_sdio_sd.o(i.SD_Detect)
    i.SD_EnableWideBusOperation              0x08001284   Section        0  stm324xg_eval_sdio_sd.o(i.SD_EnableWideBusOperation)
    i.SD_GetCardInfo                         0x080012f8   Section        0  stm324xg_eval_sdio_sd.o(i.SD_GetCardInfo)
    i.SD_GetState                            0x08001568   Section        0  stm324xg_eval_sdio_sd.o(i.SD_GetState)
    i.SD_GetStatus                           0x0800158a   Section        0  stm324xg_eval_sdio_sd.o(i.SD_GetStatus)
    i.SD_HighSpeed                           0x080015a4   Section        0  stm324xg_eval_sdio_sd.o(i.SD_HighSpeed)
    i.SD_Init                                0x08001704   Section        0  stm324xg_eval_sdio_sd.o(i.SD_Init)
    i.SD_InitializeCards                     0x08001784   Section        0  stm324xg_eval_sdio_sd.o(i.SD_InitializeCards)
    i.SD_LowLevel_DMA_RxConfig               0x08001880   Section        0  stm324xg_eval.o(i.SD_LowLevel_DMA_RxConfig)
    i.SD_LowLevel_DMA_TxConfig               0x08001908   Section        0  stm324xg_eval.o(i.SD_LowLevel_DMA_TxConfig)
    i.SD_LowLevel_Init                       0x08001990   Section        0  stm324xg_eval.o(i.SD_LowLevel_Init)
    i.SD_PowerON                             0x08001a50   Section        0  stm324xg_eval_sdio_sd.o(i.SD_PowerON)
    i.SD_ProcessDMAIRQ                       0x08001c34   Section        0  stm324xg_eval_sdio_sd.o(i.SD_ProcessDMAIRQ)
    i.SD_ProcessIRQSrc                       0x08001c5c   Section        0  stm324xg_eval_sdio_sd.o(i.SD_ProcessIRQSrc)
    i.SD_ReadBlock                           0x08001cec   Section        0  stm324xg_eval_sdio_sd.o(i.SD_ReadBlock)
    i.SD_ReadMultiBlocks                     0x08001da0   Section        0  stm324xg_eval_sdio_sd.o(i.SD_ReadMultiBlocks)
    i.SD_SelectDeselect                      0x08001e68   Section        0  stm324xg_eval_sdio_sd.o(i.SD_SelectDeselect)
    i.SD_SendStatus                          0x08001e94   Section        0  stm324xg_eval_sdio_sd.o(i.SD_SendStatus)
    i.SD_StopTransfer                        0x08001edc   Section        0  stm324xg_eval_sdio_sd.o(i.SD_StopTransfer)
    i.SD_WaitReadOperation                   0x08001f04   Section        0  stm324xg_eval_sdio_sd.o(i.SD_WaitReadOperation)
    i.SD_WaitWriteOperation                  0x08001f6c   Section        0  stm324xg_eval_sdio_sd.o(i.SD_WaitWriteOperation)
    i.SD_WriteBlock                          0x08001fd4   Section        0  stm324xg_eval_sdio_sd.o(i.SD_WriteBlock)
    i.SD_WriteMultiBlocks                    0x08002088   Section        0  stm324xg_eval_sdio_sd.o(i.SD_WriteMultiBlocks)
    i.STM324xG_LCD_Init                      0x08002198   Section        0  stm324xg_eval_lcd.o(i.STM324xG_LCD_Init)
    i.STM_EVAL_LEDInit                       0x080025a4   Section        0  stm324xg_eval.o(i.STM_EVAL_LEDInit)
    i.SVC_Handler                            0x080025ec   Section        0  stm32xxx_it.o(i.SVC_Handler)
    i.SetSysClock                            0x080025f0   Section        0  system_stm32f4xx.o(i.SetSysClock)
    SetSysClock                              0x080025f1   Thumb Code   190  system_stm32f4xx.o(i.SetSysClock)
    i.SysTick_Handler                        0x080026c8   Section        0  stm32xxx_it.o(i.SysTick_Handler)
    i.SystemInit                             0x080026cc   Section        0  system_stm32f4xx.o(i.SystemInit)
    i.UsageFault_Handler                     0x08002728   Section        0  stm32xxx_it.o(i.UsageFault_Handler)
    i.__0printf$bare                         0x0800272c   Section        0  printfb.o(i.__0printf$bare)
    i.__scatterload_copy                     0x0800273c   Section       14  handlers.o(i.__scatterload_copy)
    i.__scatterload_null                     0x0800274a   Section        2  handlers.o(i.__scatterload_null)
    i.__scatterload_zeroinit                 0x0800274c   Section       14  handlers.o(i.__scatterload_zeroinit)
    i._printf_core                           0x0800275a   Section        0  printfb.o(i._printf_core)
    _printf_core                             0x0800275b   Thumb Code    34  printfb.o(i._printf_core)
    i.check_fs                               0x0800277c   Section        0  ff.o(i.check_fs)
    check_fs                                 0x0800277d   Thumb Code    86  ff.o(i.check_fs)
    i.chk_chr                                0x080027d8   Section        0  ff.o(i.chk_chr)
    chk_chr                                  0x080027d9   Thumb Code    16  ff.o(i.chk_chr)
    i.chk_mounted                            0x080027e8   Section        0  ff.o(i.chk_mounted)
    chk_mounted                              0x080027e9   Thumb Code   518  ff.o(i.chk_mounted)
    i.clust2sect                             0x080029fc   Section        0  ff.o(i.clust2sect)
    i.create_chain                           0x08002a14   Section        0  ff.o(i.create_chain)
    create_chain                             0x08002a15   Thumb Code   150  ff.o(i.create_chain)
    i.create_name                            0x08002aac   Section        0  ff.o(i.create_name)
    create_name                              0x08002aad   Thumb Code   492  ff.o(i.create_name)
    i.delay                                  0x08002cb0   Section        0  stm324xg_eval_lcd.o(i.delay)
    delay                                    0x08002cb1   Thumb Code    22  stm324xg_eval_lcd.o(i.delay)
    i.dir_find                               0x08002ccc   Section        0  ff.o(i.dir_find)
    dir_find                                 0x08002ccd   Thumb Code   302  ff.o(i.dir_find)
    i.dir_next                               0x08002e00   Section        0  ff.o(i.dir_next)
    dir_next                                 0x08002e01   Thumb Code   238  ff.o(i.dir_next)
    i.dir_register                           0x08002ef0   Section        0  ff.o(i.dir_register)
    dir_register                             0x08002ef1   Thumb Code   424  ff.o(i.dir_register)
    i.dir_sdi                                0x0800309c   Section        0  ff.o(i.dir_sdi)
    dir_sdi                                  0x0800309d   Thumb Code   126  ff.o(i.dir_sdi)
    i.disk_initialize                        0x0800311c   Section        0  fatfs_drv.o(i.disk_initialize)
    i.disk_read                              0x08003168   Section        0  fatfs_drv.o(i.disk_read)
    i.disk_status                            0x08003204   Section        0  fatfs_drv.o(i.disk_status)
    i.disk_write                             0x08003234   Section        0  fatfs_drv.o(i.disk_write)
    i.f_mount                                0x080032d4   Section        0  ff.o(i.f_mount)
    i.f_open                                 0x080032fc   Section        0  ff.o(i.f_open)
    i.f_read                                 0x0800343c   Section        0  ff.o(i.f_read)
    i.ff_convert                             0x08003590   Section        0  ccsbcs.o(i.ff_convert)
    i.ff_wtoupper                            0x080035c8   Section        0  ccsbcs.o(i.ff_wtoupper)
    i.follow_path                            0x080035ec   Section        0  ff.o(i.follow_path)
    follow_path                              0x080035ed   Thumb Code   104  ff.o(i.follow_path)
    i.fputc                                  0x08003654   Section        0  lcd_log.o(i.fputc)
    i.gen_numname                            0x08003750   Section        0  ff.o(i.gen_numname)
    i.get_fat                                0x080037ba   Section        0  ff.o(i.get_fat)
    i.get_fattime                            0x08003872   Section        0  fatfs_drv.o(i.get_fattime)
    i.main                                   0x08003878   Section        0  main.o(i.main)
    i.mem_cpy                                0x080039a0   Section        0  ff.o(i.mem_cpy)
    mem_cpy                                  0x080039a1   Thumb Code    18  ff.o(i.mem_cpy)
    i.mem_set                                0x080039b2   Section        0  ff.o(i.mem_set)
    mem_set                                  0x080039b3   Thumb Code    14  ff.o(i.mem_set)
    i.move_window                            0x080039c0   Section        0  ff.o(i.move_window)
    move_window                              0x080039c1   Thumb Code   106  ff.o(i.move_window)
    i.put_fat                                0x08003a2c   Section        0  ff.o(i.put_fat)
    i.remove_chain                           0x08003b26   Section        0  ff.o(i.remove_chain)
    remove_chain                             0x08003b27   Thumb Code    98  ff.o(i.remove_chain)
    i.sum_sfn                                0x08003b88   Section        0  ff.o(i.sum_sfn)
    sum_sfn                                  0x08003b89   Thumb Code    26  ff.o(i.sum_sfn)
    i.validate                               0x08003ba2   Section        0  ff.o(i.validate)
    validate                                 0x08003ba3   Thumb Code    32  ff.o(i.validate)
    .constdata                               0x08003bc4   Section       92  stm324xg_eval.o(.constdata)
    .constdata                               0x08003c20   Section     4560  stm324xg_eval_lcd.o(.constdata)
    .constdata                               0x08004df0   Section     2304  stm324xg_eval_lcd.o(.constdata)
    .constdata                               0x080056f0   Section     2304  stm324xg_eval_lcd.o(.constdata)
    .constdata                               0x08005ff0   Section    153600  main.o(.constdata)
    welcome                                  0x08005ff0   Data       153600  main.o(.constdata)
    .constdata                               0x0802b7f0   Section      141  ff.o(.constdata)
    LfnOfs                                   0x0802b7f0   Data          13  ff.o(.constdata)
    excvt                                    0x0802b7fd   Data         128  ff.o(.constdata)
    .constdata                               0x0802b87e   Section     1216  ccsbcs.o(.constdata)
    Tbl                                      0x0802b87e   Data         256  ccsbcs.o(.constdata)
    tbl_lower                                0x0802b97e   Data         480  ccsbcs.o(.constdata)
    tbl_upper                                0x0802bb5e   Data         480  ccsbcs.o(.constdata)
    .data                                    0x20000000   Section       44  stm324xg_eval.o(.data)
    .data                                    0x2000002c   Section       16  stm324xg_eval_lcd.o(.data)
    LCD_Currentfonts                         0x20000030   Data           4  stm324xg_eval_lcd.o(.data)
    .data                                    0x2000003c   Section        8  stm324xg_eval_lcd.o(.data)
    .data                                    0x20000044   Section        8  stm324xg_eval_lcd.o(.data)
    .data                                    0x2000004c   Section       24  stm324xg_eval_sdio_sd.o(.data)
    CardType                                 0x20000050   Data           4  stm324xg_eval_sdio_sd.o(.data)
    RCA                                      0x20000054   Data           4  stm324xg_eval_sdio_sd.o(.data)
    .data                                    0x20000064   Section        1  fatfs_drv.o(.data)
    Stat                                     0x20000064   Data           1  fatfs_drv.o(.data)
    .data                                    0x20000068   Section        4  main.o(.data)
    .data                                    0x2000006c   Section       18  lcd_log.o(.data)
    .data                                    0x20000080   Section       12  ff.o(.data)
    Fsid                                     0x20000080   Data           2  ff.o(.data)
    FatFs                                    0x20000084   Data           8  ff.o(.data)
    .data                                    0x2000008c   Section        4  stdout.o(.data)
    .bss                                     0x20000090   Section      204  stm324xg_eval_sdio_sd.o(.bss)
    CSD_Tab                                  0x20000090   Data          16  stm324xg_eval_sdio_sd.o(.bss)
    CID_Tab                                  0x200000a0   Data          16  stm324xg_eval_sdio_sd.o(.bss)
    SDSTATUS_Tab                             0x200000b0   Data          16  stm324xg_eval_sdio_sd.o(.bss)
    .bss                                     0x2000015c   Section    78220  main.o(.bss)
    .bss                                     0x200132e8   Section      624  lcd_log.o(.bss)
    .bss                                     0x20013558   Section      512  ff.o(.bss)
    LfnBuf                                   0x20013558   Data         512  ff.o(.bss)
    STACK                                    0x20013758   Section     1024  startup_stm32f40_41xx.o(STACK)

    Global Symbols

    Symbol Name                              Value     Ov Type        Size  Object(Section)

    BuildAttributes$$THM_ISAv4$E$P$D$K$B$S$7EM$VFPi3$EXTD16$VFPS$VFMA$PE$A:L22UL41UL21$X:L11$S22US41US21$IEEE1$IW$USESV6$~STKCKD$USESV7$~SHL$OSPACE$ROPI$EBA8$MICROLIB$REQ8$PRES8$EABIv2 0x00000000   Number         0  anon$$obj.o ABSOLUTE
    __ARM_use_no_argv                        0x00000000   Number         0  main.o ABSOLUTE
    __cpp_initialize__aeabi_                  - Undefined Weak Reference
    __cxa_finalize                            - Undefined Weak Reference
    __decompress                              - Undefined Weak Reference
    _clock_init                               - Undefined Weak Reference
    _microlib_exit                            - Undefined Weak Reference
    __Vectors_Size                           0x00000188   Number         0  startup_stm32f40_41xx.o ABSOLUTE
    __Vectors                                0x08000000   Data           4  startup_stm32f40_41xx.o(RESET)
    __Vectors_End                            0x08000188   Data           0  startup_stm32f40_41xx.o(RESET)
    __main                                   0x08000189   Thumb Code     0  entry.o(.ARM.Collect$$$$00000000)
    _main_stk                                0x08000189   Thumb Code     0  entry2.o(.ARM.Collect$$$$00000001)
    _main_scatterload                        0x0800018d   Thumb Code     0  entry5.o(.ARM.Collect$$$$00000004)
    __main_after_scatterload                 0x08000191   Thumb Code     0  entry5.o(.ARM.Collect$$$$00000004)
    _main_clock                              0x08000191   Thumb Code     0  entry7b.o(.ARM.Collect$$$$00000008)
    _main_cpp_init                           0x08000191   Thumb Code     0  entry8b.o(.ARM.Collect$$$$0000000A)
    _main_init                               0x08000191   Thumb Code     0  entry9a.o(.ARM.Collect$$$$0000000B)
    __rt_final_cpp                           0x08000199   Thumb Code     0  entry10a.o(.ARM.Collect$$$$0000000D)
    __rt_final_exit                          0x08000199   Thumb Code     0  entry11a.o(.ARM.Collect$$$$0000000F)
    Reset_Handler                            0x0800019d   Thumb Code     8  startup_stm32f40_41xx.o(.text)
    ADC_IRQHandler                           0x080001b7   Thumb Code     0  startup_stm32f40_41xx.o(.text)
    CAN1_RX0_IRQHandler                      0x080001b7   Thumb Code     0  startup_stm32f40_41xx.o(.text)
    CAN1_RX1_IRQHandler                      0x080001b7   Thumb Code     0  startup_stm32f40_41xx.o(.text)
    CAN1_SCE_IRQHandler                      0x080001b7   Thumb Code     0  startup_stm32f40_41xx.o(.text)
    CAN1_TX_IRQHandler                       0x080001b7   Thumb Code     0  startup_stm32f40_41xx.o(.text)
    CAN2_RX0_IRQHandler                      0x080001b7   Thumb Code     0  startup_stm32f40_41xx.o(.text)
    CAN2_RX1_IRQHandler                      0x080001b7   Thumb Code     0  startup_stm32f40_41xx.o(.text)
    CAN2_SCE_IRQHandler                      0x080001b7   Thumb Code     0  startup_stm32f40_41xx.o(.text)
    CAN2_TX_IRQHandler                       0x080001b7   Thumb Code     0  startup_stm32f40_41xx.o(.text)
    CRYP_IRQHandler                          0x080001b7   Thumb Code     0  startup_stm32f40_41xx.o(.text)
    DCMI_IRQHandler                          0x080001b7   Thumb Code     0  startup_stm32f40_41xx.o(.text)
    DMA1_Stream0_IRQHandler                  0x080001b7   Thumb Code     0  startup_stm32f40_41xx.o(.text)
    DMA1_Stream1_IRQHandler                  0x080001b7   Thumb Code     0  startup_stm32f40_41xx.o(.text)
    DMA1_Stream2_IRQHandler                  0x080001b7   Thumb Code     0  startup_stm32f40_41xx.o(.text)
    DMA1_Stream3_IRQHandler                  0x080001b7   Thumb Code     0  startup_stm32f40_41xx.o(.text)
    DMA1_Stream4_IRQHandler                  0x080001b7   Thumb Code     0  startup_stm32f40_41xx.o(.text)
    DMA1_Stream5_IRQHandler                  0x080001b7   Thumb Code     0  startup_stm32f40_41xx.o(.text)
    DMA1_Stream6_IRQHandler                  0x080001b7   Thumb Code     0  startup_stm32f40_41xx.o(.text)
    DMA1_Stream7_IRQHandler                  0x080001b7   Thumb Code     0  startup_stm32f40_41xx.o(.text)
    DMA2_Stream0_IRQHandler                  0x080001b7   Thumb Code     0  startup_stm32f40_41xx.o(.text)
    DMA2_Stream1_IRQHandler                  0x080001b7   Thumb Code     0  startup_stm32f40_41xx.o(.text)
    DMA2_Stream2_IRQHandler                  0x080001b7   Thumb Code     0  startup_stm32f40_41xx.o(.text)
    DMA2_Stream4_IRQHandler                  0x080001b7   Thumb Code     0  startup_stm32f40_41xx.o(.text)
    DMA2_Stream5_IRQHandler                  0x080001b7   Thumb Code     0  startup_stm32f40_41xx.o(.text)
    DMA2_Stream6_IRQHandler                  0x080001b7   Thumb Code     0  startup_stm32f40_41xx.o(.text)
    DMA2_Stream7_IRQHandler                  0x080001b7   Thumb Code     0  startup_stm32f40_41xx.o(.text)
    ETH_IRQHandler                           0x080001b7   Thumb Code     0  startup_stm32f40_41xx.o(.text)
    ETH_WKUP_IRQHandler                      0x080001b7   Thumb Code     0  startup_stm32f40_41xx.o(.text)
    EXTI0_IRQHandler                         0x080001b7   Thumb Code     0  startup_stm32f40_41xx.o(.text)
    EXTI15_10_IRQHandler                     0x080001b7   Thumb Code     0  startup_stm32f40_41xx.o(.text)
    EXTI1_IRQHandler                         0x080001b7   Thumb Code     0  startup_stm32f40_41xx.o(.text)
    EXTI2_IRQHandler                         0x080001b7   Thumb Code     0  startup_stm32f40_41xx.o(.text)
    EXTI3_IRQHandler                         0x080001b7   Thumb Code     0  startup_stm32f40_41xx.o(.text)
    EXTI4_IRQHandler                         0x080001b7   Thumb Code     0  startup_stm32f40_41xx.o(.text)
    EXTI9_5_IRQHandler                       0x080001b7   Thumb Code     0  startup_stm32f40_41xx.o(.text)
    FLASH_IRQHandler                         0x080001b7   Thumb Code     0  startup_stm32f40_41xx.o(.text)
    FPU_IRQHandler                           0x080001b7   Thumb Code     0  startup_stm32f40_41xx.o(.text)
    FSMC_IRQHandler                          0x080001b7   Thumb Code     0  startup_stm32f40_41xx.o(.text)
    HASH_RNG_IRQHandler                      0x080001b7   Thumb Code     0  startup_stm32f40_41xx.o(.text)
    I2C1_ER_IRQHandler                       0x080001b7   Thumb Code     0  startup_stm32f40_41xx.o(.text)
    I2C1_EV_IRQHandler                       0x080001b7   Thumb Code     0  startup_stm32f40_41xx.o(.text)
    I2C2_ER_IRQHandler                       0x080001b7   Thumb Code     0  startup_stm32f40_41xx.o(.text)
    I2C2_EV_IRQHandler                       0x080001b7   Thumb Code     0  startup_stm32f40_41xx.o(.text)
    I2C3_ER_IRQHandler                       0x080001b7   Thumb Code     0  startup_stm32f40_41xx.o(.text)
    I2C3_EV_IRQHandler                       0x080001b7   Thumb Code     0  startup_stm32f40_41xx.o(.text)
    OTG_FS_IRQHandler                        0x080001b7   Thumb Code     0  startup_stm32f40_41xx.o(.text)
    OTG_FS_WKUP_IRQHandler                   0x080001b7   Thumb Code     0  startup_stm32f40_41xx.o(.text)
    OTG_HS_EP1_IN_IRQHandler                 0x080001b7   Thumb Code     0  startup_stm32f40_41xx.o(.text)
    OTG_HS_EP1_OUT_IRQHandler                0x080001b7   Thumb Code     0  startup_stm32f40_41xx.o(.text)
    OTG_HS_IRQHandler                        0x080001b7   Thumb Code     0  startup_stm32f40_41xx.o(.text)
    OTG_HS_WKUP_IRQHandler                   0x080001b7   Thumb Code     0  startup_stm32f40_41xx.o(.text)
    PVD_IRQHandler                           0x080001b7   Thumb Code     0  startup_stm32f40_41xx.o(.text)
    RCC_IRQHandler                           0x080001b7   Thumb Code     0  startup_stm32f40_41xx.o(.text)
    RTC_Alarm_IRQHandler                     0x080001b7   Thumb Code     0  startup_stm32f40_41xx.o(.text)
    RTC_WKUP_IRQHandler                      0x080001b7   Thumb Code     0  startup_stm32f40_41xx.o(.text)
    SPI1_IRQHandler                          0x080001b7   Thumb Code     0  startup_stm32f40_41xx.o(.text)
    SPI2_IRQHandler                          0x080001b7   Thumb Code     0  startup_stm32f40_41xx.o(.text)
    SPI3_IRQHandler                          0x080001b7   Thumb Code     0  startup_stm32f40_41xx.o(.text)
    TAMP_STAMP_IRQHandler                    0x080001b7   Thumb Code     0  startup_stm32f40_41xx.o(.text)
    TIM1_BRK_TIM9_IRQHandler                 0x080001b7   Thumb Code     0  startup_stm32f40_41xx.o(.text)
    TIM1_CC_IRQHandler                       0x080001b7   Thumb Code     0  startup_stm32f40_41xx.o(.text)
    TIM1_TRG_COM_TIM11_IRQHandler            0x080001b7   Thumb Code     0  startup_stm32f40_41xx.o(.text)
    TIM1_UP_TIM10_IRQHandler                 0x080001b7   Thumb Code     0  startup_stm32f40_41xx.o(.text)
    TIM2_IRQHandler                          0x080001b7   Thumb Code     0  startup_stm32f40_41xx.o(.text)
    TIM3_IRQHandler                          0x080001b7   Thumb Code     0  startup_stm32f40_41xx.o(.text)
    TIM4_IRQHandler                          0x080001b7   Thumb Code     0  startup_stm32f40_41xx.o(.text)
    TIM5_IRQHandler                          0x080001b7   Thumb Code     0  startup_stm32f40_41xx.o(.text)
    TIM6_DAC_IRQHandler                      0x080001b7   Thumb Code     0  startup_stm32f40_41xx.o(.text)
    TIM7_IRQHandler                          0x080001b7   Thumb Code     0  startup_stm32f40_41xx.o(.text)
    TIM8_BRK_TIM12_IRQHandler                0x080001b7   Thumb Code     0  startup_stm32f40_41xx.o(.text)
    TIM8_CC_IRQHandler                       0x080001b7   Thumb Code     0  startup_stm32f40_41xx.o(.text)
    TIM8_TRG_COM_TIM14_IRQHandler            0x080001b7   Thumb Code     0  startup_stm32f40_41xx.o(.text)
    TIM8_UP_TIM13_IRQHandler                 0x080001b7   Thumb Code     0  startup_stm32f40_41xx.o(.text)
    UART4_IRQHandler                         0x080001b7   Thumb Code     0  startup_stm32f40_41xx.o(.text)
    UART5_IRQHandler                         0x080001b7   Thumb Code     0  startup_stm32f40_41xx.o(.text)
    USART1_IRQHandler                        0x080001b7   Thumb Code     0  startup_stm32f40_41xx.o(.text)
    USART2_IRQHandler                        0x080001b7   Thumb Code     0  startup_stm32f40_41xx.o(.text)
    USART3_IRQHandler                        0x080001b7   Thumb Code     0  startup_stm32f40_41xx.o(.text)
    USART6_IRQHandler                        0x080001b7   Thumb Code     0  startup_stm32f40_41xx.o(.text)
    WWDG_IRQHandler                          0x080001b7   Thumb Code     0  startup_stm32f40_41xx.o(.text)
    __aeabi_memcpy                           0x080001c1   Thumb Code    36  memcpya.o(.text)
    __aeabi_memcpy4                          0x080001c1   Thumb Code     0  memcpya.o(.text)
    __aeabi_memcpy8                          0x080001c1   Thumb Code     0  memcpya.o(.text)
    __aeabi_memset                           0x080001e5   Thumb Code    14  memseta.o(.text)
    __aeabi_memset4                          0x080001e5   Thumb Code     0  memseta.o(.text)
    __aeabi_memset8                          0x080001e5   Thumb Code     0  memseta.o(.text)
    __aeabi_memclr                           0x080001f3   Thumb Code     4  memseta.o(.text)
    __aeabi_memclr4                          0x080001f3   Thumb Code     0  memseta.o(.text)
    __aeabi_memclr8                          0x080001f3   Thumb Code     0  memseta.o(.text)
    _memset$wrapper                          0x080001f7   Thumb Code    18  memseta.o(.text)
    __scatterload                            0x08000209   Thumb Code    28  init.o(.text)
    __scatterload_rt2                        0x08000209   Thumb Code     0  init.o(.text)
    BSP_Init                                 0x0800022d   Thumb Code    50  bsp.o(i.BSP_Init)
    BusFault_Handler                         0x08000299   Thumb Code     2  stm32xxx_it.o(i.BusFault_Handler)
    DMA2_Stream3_IRQHandler                  0x08000429   Thumb Code     4  stm32xxx_it.o(i.DMA2_Stream3_IRQHandler)
    DMA_ClearFlag                            0x0800042d   Thumb Code    32  stm32f4xx_dma.o(i.DMA_ClearFlag)
    DMA_Cmd                                  0x08000459   Thumb Code    20  stm32f4xx_dma.o(i.DMA_Cmd)
    DMA_DeInit                               0x0800046d   Thumb Code   272  stm32f4xx_dma.o(i.DMA_DeInit)
    DMA_FlowControllerConfig                 0x08000591   Thumb Code    20  stm32f4xx_dma.o(i.DMA_FlowControllerConfig)
    DMA_ITConfig                             0x080005a5   Thumb Code    44  stm32f4xx_dma.o(i.DMA_ITConfig)
    DMA_Init                                 0x080005d1   Thumb Code    80  stm32f4xx_dma.o(i.DMA_Init)
    DebugMon_Handler                         0x08000625   Thumb Code     2  stm32xxx_it.o(i.DebugMon_Handler)
    FSMC_NORSRAMCmd                          0x08000645   Thumb Code    26  stm32f4xx_fsmc.o(i.FSMC_NORSRAMCmd)
    FSMC_NORSRAMInit                         0x08000665   Thumb Code   200  stm32f4xx_fsmc.o(i.FSMC_NORSRAMInit)
    GPIO_Init                                0x08000861   Thumb Code   162  stm32f4xx_gpio.o(i.GPIO_Init)
    GPIO_PinAFConfig                         0x08000903   Thumb Code    32  stm32f4xx_gpio.o(i.GPIO_PinAFConfig)
    GPIO_ReadInputDataBit                    0x08000923   Thumb Code    14  stm32f4xx_gpio.o(i.GPIO_ReadInputDataBit)
    HardFault_Handler                        0x08000931   Thumb Code     2  stm32xxx_it.o(i.HardFault_Handler)
    LCD_Clear                                0x08000933   Thumb Code    38  stm324xg_eval_lcd.o(i.LCD_Clear)
    LCD_ClearLine                            0x08000959   Thumb Code    44  stm324xg_eval_lcd.o(i.LCD_ClearLine)
    LCD_CtrlLinesConfig                      0x08000989   Thumb Code   292  stm324xg_eval_lcd.o(i.LCD_CtrlLinesConfig)
    LCD_DisplayChar                          0x08000abd   Thumb Code    26  stm324xg_eval_lcd.o(i.LCD_DisplayChar)
    LCD_DisplayStringLine                    0x08000add   Thumb Code    52  stm324xg_eval_lcd.o(i.LCD_DisplayStringLine)
    LCD_Draw16BitBMP                         0x08000b15   Thumb Code    40  main.o(i.LCD_Draw16BitBMP)
    LCD_DrawChar                             0x08000b3d   Thumb Code   120  stm324xg_eval_lcd.o(i.LCD_DrawChar)
    LCD_DrawGrayPict                         0x08000bb9   Thumb Code    40  main.o(i.LCD_DrawGrayPict)
    LCD_DrawMonoPict                         0x08000be1   Thumb Code    70  stm324xg_eval_lcd.o(i.LCD_DrawMonoPict)
    LCD_FSMCConfig                           0x08000c2d   Thumb Code    88  stm324xg_eval_lcd.o(i.LCD_FSMCConfig)
    LCD_GetFont                              0x08000c85   Thumb Code     6  stm324xg_eval_lcd.o(i.LCD_GetFont)
    LCD_LOG_DeInit                           0x08000c91   Thumb Code    34  lcd_log.o(i.LCD_LOG_DeInit)
    LCD_LOG_Init                             0x08000cb9   Thumb Code    16  lcd_log.o(i.LCD_LOG_Init)
    LCD_LOG_SetFooter                        0x08000cc9   Thumb Code   100  lcd_log.o(i.LCD_LOG_SetFooter)
    LCD_LOG_SetHeader                        0x08000d2d   Thumb Code   136  lcd_log.o(i.LCD_LOG_SetHeader)
    LCD_ReadReg                              0x08000e5d   Thumb Code    10  stm324xg_eval_lcd.o(i.LCD_ReadReg)
    LCD_SetBackColor                         0x08000e69   Thumb Code    12  stm324xg_eval_lcd.o(i.LCD_SetBackColor)
    LCD_SetCursor                            0x08000e79   Thumb Code    24  stm324xg_eval_lcd.o(i.LCD_SetCursor)
    LCD_SetFont                              0x08000e91   Thumb Code     6  stm324xg_eval_lcd.o(i.LCD_SetFont)
    LCD_SetTextColor                         0x08000e9d   Thumb Code    12  stm324xg_eval_lcd.o(i.LCD_SetTextColor)
    LCD_WriteRAM                             0x08000ead   Thumb Code     8  stm324xg_eval_lcd.o(i.LCD_WriteRAM)
    LCD_WriteRAM_Prepare                     0x08000eb5   Thumb Code    10  stm324xg_eval_lcd.o(i.LCD_WriteRAM_Prepare)
    LCD_WriteReg                             0x08000ebf   Thumb Code    10  stm324xg_eval_lcd.o(i.LCD_WriteReg)
    MemManage_Handler                        0x08000ec9   Thumb Code     2  stm32xxx_it.o(i.MemManage_Handler)
    NMI_Handler                              0x08000ecb   Thumb Code     2  stm32xxx_it.o(i.NMI_Handler)
    NVIC_Init                                0x08000ecd   Thumb Code    96  misc.o(i.NVIC_Init)
    PendSV_Handler                           0x08000f31   Thumb Code     2  stm32xxx_it.o(i.PendSV_Handler)
    RCC_AHB1PeriphClockCmd                   0x08000f35   Thumb Code    18  stm32f4xx_rcc.o(i.RCC_AHB1PeriphClockCmd)
    RCC_AHB3PeriphClockCmd                   0x08000f4d   Thumb Code    18  stm32f4xx_rcc.o(i.RCC_AHB3PeriphClockCmd)
    RCC_APB2PeriphClockCmd                   0x08000f65   Thumb Code    18  stm32f4xx_rcc.o(i.RCC_APB2PeriphClockCmd)
    RCC_APB2PeriphResetCmd                   0x08000f7d   Thumb Code    18  stm32f4xx_rcc.o(i.RCC_APB2PeriphResetCmd)
    SDCardConfig                             0x08000f95   Thumb Code    82  main.o(i.SDCardConfig)
    SDIO_ClearFlag                           0x0800110d   Thumb Code     6  stm32f4xx_sdio.o(i.SDIO_ClearFlag)
    SDIO_ClearITPendingBit                   0x08001119   Thumb Code     6  stm32f4xx_sdio.o(i.SDIO_ClearITPendingBit)
    SDIO_ClockCmd                            0x08001125   Thumb Code     8  stm32f4xx_sdio.o(i.SDIO_ClockCmd)
    SDIO_DMACmd                              0x08001131   Thumb Code     6  stm32f4xx_sdio.o(i.SDIO_DMACmd)
    SDIO_DataConfig                          0x0800113d   Thumb Code    42  stm32f4xx_sdio.o(i.SDIO_DataConfig)
    SDIO_DeInit                              0x0800116d   Thumb Code    24  stm32f4xx_sdio.o(i.SDIO_DeInit)
    SDIO_GetCommandResponse                  0x08001185   Thumb Code     8  stm32f4xx_sdio.o(i.SDIO_GetCommandResponse)
    SDIO_GetFlagStatus                       0x08001191   Thumb Code    16  stm32f4xx_sdio.o(i.SDIO_GetFlagStatus)
    SDIO_GetITStatus                         0x080011a5   Thumb Code    16  stm32f4xx_sdio.o(i.SDIO_GetITStatus)
    SDIO_GetPowerState                       0x080011b9   Thumb Code    10  stm32f4xx_sdio.o(i.SDIO_GetPowerState)
    SDIO_GetResponse                         0x080011c9   Thumb Code    12  stm32f4xx_sdio.o(i.SDIO_GetResponse)
    SDIO_IRQHandler                          0x080011d9   Thumb Code     4  stm32xxx_it.o(i.SDIO_IRQHandler)
    SDIO_ITConfig                            0x080011dd   Thumb Code    18  stm32f4xx_sdio.o(i.SDIO_ITConfig)
    SDIO_Init                                0x080011f5   Thumb Code    40  stm32f4xx_sdio.o(i.SDIO_Init)
    SDIO_ReadData                            0x08001221   Thumb Code     6  stm32f4xx_sdio.o(i.SDIO_ReadData)
    SDIO_SendCommand                         0x0800122d   Thumb Code    36  stm32f4xx_sdio.o(i.SDIO_SendCommand)
    SDIO_SetPowerState                       0x08001255   Thumb Code     6  stm32f4xx_sdio.o(i.SDIO_SetPowerState)
    SD_Detect                                0x08001261   Thumb Code    30  stm324xg_eval_sdio_sd.o(i.SD_Detect)
    SD_EnableWideBusOperation                0x08001285   Thumb Code   106  stm324xg_eval_sdio_sd.o(i.SD_EnableWideBusOperation)
    SD_GetCardInfo                           0x080012f9   Thumb Code   614  stm324xg_eval_sdio_sd.o(i.SD_GetCardInfo)
    SD_GetState                              0x08001569   Thumb Code    34  stm324xg_eval_sdio_sd.o(i.SD_GetState)
    SD_GetStatus                             0x0800158b   Thumb Code    26  stm324xg_eval_sdio_sd.o(i.SD_GetStatus)
    SD_HighSpeed                             0x080015a5   Thumb Code   336  stm324xg_eval_sdio_sd.o(i.SD_HighSpeed)
    SD_Init                                  0x08001705   Thumb Code   124  stm324xg_eval_sdio_sd.o(i.SD_Init)
    SD_InitializeCards                       0x08001785   Thumb Code   244  stm324xg_eval_sdio_sd.o(i.SD_InitializeCards)
    SD_LowLevel_DMA_RxConfig                 0x08001881   Thumb Code   126  stm324xg_eval.o(i.SD_LowLevel_DMA_RxConfig)
    SD_LowLevel_DMA_TxConfig                 0x08001909   Thumb Code   128  stm324xg_eval.o(i.SD_LowLevel_DMA_TxConfig)
    SD_LowLevel_Init                         0x08001991   Thumb Code   180  stm324xg_eval.o(i.SD_LowLevel_Init)
    SD_PowerON                               0x08001a51   Thumb Code   468  stm324xg_eval_sdio_sd.o(i.SD_PowerON)
    SD_ProcessDMAIRQ                         0x08001c35   Thumb Code    30  stm324xg_eval_sdio_sd.o(i.SD_ProcessDMAIRQ)
    SD_ProcessIRQSrc                         0x08001c5d   Thumb Code   140  stm324xg_eval_sdio_sd.o(i.SD_ProcessIRQSrc)
    SD_ReadBlock                             0x08001ced   Thumb Code   166  stm324xg_eval_sdio_sd.o(i.SD_ReadBlock)
    SD_ReadMultiBlocks                       0x08001da1   Thumb Code   188  stm324xg_eval_sdio_sd.o(i.SD_ReadMultiBlocks)
    SD_SelectDeselect                        0x08001e69   Thumb Code    40  stm324xg_eval_sdio_sd.o(i.SD_SelectDeselect)
    SD_SendStatus                            0x08001e95   Thumb Code    64  stm324xg_eval_sdio_sd.o(i.SD_SendStatus)
    SD_StopTransfer                          0x08001edd   Thumb Code    36  stm324xg_eval_sdio_sd.o(i.SD_StopTransfer)
    SD_WaitReadOperation                     0x08001f05   Thumb Code    94  stm324xg_eval_sdio_sd.o(i.SD_WaitReadOperation)
    SD_WaitWriteOperation                    0x08001f6d   Thumb Code    94  stm324xg_eval_sdio_sd.o(i.SD_WaitWriteOperation)
    SD_WriteBlock                            0x08001fd5   Thumb Code   168  stm324xg_eval_sdio_sd.o(i.SD_WriteBlock)
    SD_WriteMultiBlocks                      0x08002089   Thumb Code   258  stm324xg_eval_sdio_sd.o(i.SD_WriteMultiBlocks)
    STM324xG_LCD_Init                        0x08002199   Thumb Code  1030  stm324xg_eval_lcd.o(i.STM324xG_LCD_Init)
    STM_EVAL_LEDInit                         0x080025a5   Thumb Code    62  stm324xg_eval.o(i.STM_EVAL_LEDInit)
    SVC_Handler                              0x080025ed   Thumb Code     2  stm32xxx_it.o(i.SVC_Handler)
    SysTick_Handler                          0x080026c9   Thumb Code     2  stm32xxx_it.o(i.SysTick_Handler)
    SystemInit                               0x080026cd   Thumb Code    74  system_stm32f4xx.o(i.SystemInit)
    UsageFault_Handler                       0x08002729   Thumb Code     2  stm32xxx_it.o(i.UsageFault_Handler)
    __0printf$bare                           0x0800272d   Thumb Code     8  printfb.o(i.__0printf$bare)
    __1printf$bare                           0x0800272d   Thumb Code     0  printfb.o(i.__0printf$bare)
    __2printf                                0x0800272d   Thumb Code     0  printfb.o(i.__0printf$bare)
    __scatterload_copy                       0x0800273d   Thumb Code    14  handlers.o(i.__scatterload_copy)
    __scatterload_null                       0x0800274b   Thumb Code     2  handlers.o(i.__scatterload_null)
    __scatterload_zeroinit                   0x0800274d   Thumb Code    14  handlers.o(i.__scatterload_zeroinit)
    clust2sect                               0x080029fd   Thumb Code    24  ff.o(i.clust2sect)
    disk_initialize                          0x0800311d   Thumb Code    72  fatfs_drv.o(i.disk_initialize)
    disk_read                                0x08003169   Thumb Code   152  fatfs_drv.o(i.disk_read)
    disk_status                              0x08003205   Thumb Code    44  fatfs_drv.o(i.disk_status)
    disk_write                               0x08003235   Thumb Code   154  fatfs_drv.o(i.disk_write)
    f_mount                                  0x080032d5   Thumb Code    34  ff.o(i.f_mount)
    f_open                                   0x080032fd   Thumb Code   314  ff.o(i.f_open)
    f_read                                   0x0800343d   Thumb Code   338  ff.o(i.f_read)
    ff_convert                               0x08003591   Thumb Code    52  ccsbcs.o(i.ff_convert)
    ff_wtoupper                              0x080035c9   Thumb Code    28  ccsbcs.o(i.ff_wtoupper)
    fputc                                    0x08003655   Thumb Code   244  lcd_log.o(i.fputc)
    gen_numname                              0x08003751   Thumb Code   106  ff.o(i.gen_numname)
    get_fat                                  0x080037bb   Thumb Code   184  ff.o(i.get_fat)
    get_fattime                              0x08003873   Thumb Code     4  fatfs_drv.o(i.get_fattime)
    main                                     0x08003879   Thumb Code   180  main.o(i.main)
    put_fat                                  0x08003a2d   Thumb Code   250  ff.o(i.put_fat)
    COM_TX_PIN                               0x08003bc4   Data           2  stm324xg_eval.o(.constdata)
    COM_RX_PIN                               0x08003bc6   Data           2  stm324xg_eval.o(.constdata)
    COM_TX_PIN_SOURCE                        0x08003bc8   Data           2  stm324xg_eval.o(.constdata)
    COM_RX_PIN_SOURCE                        0x08003bca   Data           2  stm324xg_eval.o(.constdata)
    COM_TX_AF                                0x08003bcc   Data           2  stm324xg_eval.o(.constdata)
    COM_RX_AF                                0x08003bce   Data           2  stm324xg_eval.o(.constdata)
    COM_USART_CLK                            0x08003bd0   Data           4  stm324xg_eval.o(.constdata)
    COM_TX_PORT_CLK                          0x08003bd4   Data           4  stm324xg_eval.o(.constdata)
    COM_RX_PORT_CLK                          0x08003bd8   Data           4  stm324xg_eval.o(.constdata)
    BUTTON_PIN                               0x08003bdc   Data           6  stm324xg_eval.o(.constdata)
    BUTTON_EXTI_LINE                         0x08003be2   Data           6  stm324xg_eval.o(.constdata)
    BUTTON_PORT_SOURCE                       0x08003be8   Data           6  stm324xg_eval.o(.constdata)
    BUTTON_PIN_SOURCE                        0x08003bee   Data           6  stm324xg_eval.o(.constdata)
    BUTTON_IRQn                              0x08003bf4   Data           6  stm324xg_eval.o(.constdata)
    GPIO_PIN                                 0x08003bfa   Data           8  stm324xg_eval.o(.constdata)
    GPIO_CLK                                 0x08003c04   Data          16  stm324xg_eval.o(.constdata)
    BUTTON_CLK                               0x08003c14   Data          12  stm324xg_eval.o(.constdata)
    ASCII16x24_Table                         0x08003c20   Data        4560  stm324xg_eval_lcd.o(.constdata)
    ASCII12x12_Table                         0x08004df0   Data        2304  stm324xg_eval_lcd.o(.constdata)
    ASCII8x12_Table                          0x080056f0   Data        2304  stm324xg_eval_lcd.o(.constdata)
    Region$$Table$$Base                      0x0802bd40   Number         0  anon$$obj.o(Region$$Table)
    Region$$Table$$Limit                     0x0802bd60   Number         0  anon$$obj.o(Region$$Table)
    COM_USART                                0x20000000   Data           4  stm324xg_eval.o(.data)
    COM_TX_PORT                              0x20000004   Data           4  stm324xg_eval.o(.data)
    COM_RX_PORT                              0x20000008   Data           4  stm324xg_eval.o(.data)
    NVIC_InitStructure                       0x2000000c   Data           4  stm324xg_eval.o(.data)
    GPIO_PORT                                0x20000010   Data          16  stm324xg_eval.o(.data)
    BUTTON_PORT                              0x20000020   Data          12  stm324xg_eval.o(.data)
    TextColor                                0x2000002c   Data           2  stm324xg_eval_lcd.o(.data)
    BackColor                                0x2000002e   Data           2  stm324xg_eval_lcd.o(.data)
    Font16x24                                0x20000034   Data           8  stm324xg_eval_lcd.o(.data)
    Font12x12                                0x2000003c   Data           8  stm324xg_eval_lcd.o(.data)
    Font8x12                                 0x20000044   Data           8  stm324xg_eval_lcd.o(.data)
    TransferError                            0x2000004c   Data           1  stm324xg_eval_sdio_sd.o(.data)
    StopCondition                            0x20000058   Data           4  stm324xg_eval_sdio_sd.o(.data)
    TransferEnd                              0x2000005c   Data           4  stm324xg_eval_sdio_sd.o(.data)
    DMAEndOfTransfer                         0x20000060   Data           4  stm324xg_eval_sdio_sd.o(.data)
    ret_length                               0x20000068   Data           4  main.o(.data)
    LCD_CacheBuffer_yptr_invert              0x2000006c   Data           1  lcd_log.o(.data)
    LCD_ScrollActive                         0x2000006d   Data           1  lcd_log.o(.data)
    LCD_Lock                                 0x2000006e   Data           1  lcd_log.o(.data)
    LCD_Scrolled                             0x2000006f   Data           1  lcd_log.o(.data)
    LCD_LineColor                            0x20000070   Data           2  lcd_log.o(.data)
    LCD_CacheBuffer_xptr                     0x20000072   Data           2  lcd_log.o(.data)
    LCD_CacheBuffer_yptr_top                 0x20000074   Data           2  lcd_log.o(.data)
    LCD_CacheBuffer_yptr_bottom              0x20000076   Data           2  lcd_log.o(.data)
    LCD_CacheBuffer_yptr_top_bak             0x20000078   Data           2  lcd_log.o(.data)
    LCD_CacheBuffer_yptr_bottom_bak          0x2000007a   Data           2  lcd_log.o(.data)
    LCD_ScrollBackStep                       0x2000007c   Data           2  lcd_log.o(.data)
    __stdout                                 0x2000008c   Data           4  stdout.o(.data)
    SDCardInfo                               0x200000c0   Data          88  stm324xg_eval_sdio_sd.o(.bss)
    SDIO_InitStructure                       0x20000118   Data          24  stm324xg_eval_sdio_sd.o(.bss)
    SDIO_CmdInitStructure                    0x20000130   Data          20  stm324xg_eval_sdio_sd.o(.bss)
    SDIO_DataInitStructure                   0x20000144   Data          24  stm324xg_eval_sdio_sd.o(.bss)
    image                                    0x2000015c   Data       76854  main.o(.bss)
    fs                                       0x20012d94   Data         560  main.o(.bss)
    file                                     0x20012fc4   Data         548  main.o(.bss)
    read                                     0x200131e8   Data         256  main.o(.bss)
    LCD_CacheBuffer                          0x200132e8   Data         624  lcd_log.o(.bss)
    __initial_sp                             0x20013b58   Data           0  startup_stm32f40_41xx.o(STACK)



==============================================================================

Memory Map of the image

  Image Entry point : 0x08000189

  Load Region LR_IROM1 (Base: 0x08000000, Size: 0x0002bdf0, Max: 0x00100000, ABSOLUTE)

    Execution Region ER_IROM1 (Base: 0x08000000, Size: 0x0002bd60, Max: 0x00100000, ABSOLUTE)

    Base Addr    Size         Type   Attr      Idx    E Section Name        Object

    0x08000000   0x00000188   Data   RO          226    RESET               startup_stm32f40_41xx.o
    0x08000188   0x00000000   Code   RO         3581  * .ARM.Collect$$$$00000000  mc_w.l(entry.o)
    0x08000188   0x00000004   Code   RO         3858    .ARM.Collect$$$$00000001  mc_w.l(entry2.o)
    0x0800018c   0x00000004   Code   RO         3861    .ARM.Collect$$$$00000004  mc_w.l(entry5.o)
    0x08000190   0x00000000   Code   RO         3863    .ARM.Collect$$$$00000008  mc_w.l(entry7b.o)
    0x08000190   0x00000000   Code   RO         3865    .ARM.Collect$$$$0000000A  mc_w.l(entry8b.o)
    0x08000190   0x00000008   Code   RO         3866    .ARM.Collect$$$$0000000B  mc_w.l(entry9a.o)
    0x08000198   0x00000000   Code   RO         3868    .ARM.Collect$$$$0000000D  mc_w.l(entry10a.o)
    0x08000198   0x00000000   Code   RO         3870    .ARM.Collect$$$$0000000F  mc_w.l(entry11a.o)
    0x08000198   0x00000004   Code   RO         3859    .ARM.Collect$$$$00002712  mc_w.l(entry2.o)
    0x0800019c   0x00000024   Code   RO          227    .text               startup_stm32f40_41xx.o
    0x080001c0   0x00000024   Code   RO         3584    .text               mc_w.l(memcpya.o)
    0x080001e4   0x00000024   Code   RO         3586    .text               mc_w.l(memseta.o)
    0x08000208   0x00000024   Code   RO         3888    .text               mc_w.l(init.o)
    0x0800022c   0x0000006c   Code   RO            4    i.BSP_Init          bsp.o
    0x08000298   0x00000002   Code   RO         3135    i.BusFault_Handler  stm32xxx_it.o
    0x0800029a   0x00000002   PAD
    0x0800029c   0x000000e8   Code   RO          616    i.CmdResp1Error     stm324xg_eval_sdio_sd.o
    0x08000384   0x00000034   Code   RO          617    i.CmdResp2Error     stm324xg_eval_sdio_sd.o
    0x080003b8   0x00000070   Code   RO          618    i.CmdResp6Error     stm324xg_eval_sdio_sd.o
    0x08000428   0x00000004   Code   RO         3136    i.DMA2_Stream3_IRQHandler  stm32xxx_it.o
    0x0800042c   0x0000002c   Code   RO          877    i.DMA_ClearFlag     stm32f4xx_dma.o
    0x08000458   0x00000014   Code   RO          879    i.DMA_Cmd           stm32f4xx_dma.o
    0x0800046c   0x00000124   Code   RO          880    i.DMA_DeInit        stm32f4xx_dma.o
    0x08000590   0x00000014   Code   RO          883    i.DMA_FlowControllerConfig  stm32f4xx_dma.o
    0x080005a4   0x0000002c   Code   RO          890    i.DMA_ITConfig      stm32f4xx_dma.o
    0x080005d0   0x00000054   Code   RO          891    i.DMA_Init          stm32f4xx_dma.o
    0x08000624   0x00000002   Code   RO         3137    i.DebugMon_Handler  stm32xxx_it.o
    0x08000626   0x00000002   PAD
    0x08000628   0x0000001c   Code   RO         3067    i.Delay             main.o
    0x08000644   0x00000020   Code   RO         1218    i.FSMC_NORSRAMCmd   stm32f4xx_fsmc.o
    0x08000664   0x000000c8   Code   RO         1220    i.FSMC_NORSRAMInit  stm32f4xx_fsmc.o
    0x0800072c   0x00000134   Code   RO          619    i.FindSCR           stm324xg_eval_sdio_sd.o
    0x08000860   0x000000a2   Code   RO         1340    i.GPIO_Init         stm32f4xx_gpio.o
    0x08000902   0x00000020   Code   RO         1341    i.GPIO_PinAFConfig  stm32f4xx_gpio.o
    0x08000922   0x0000000e   Code   RO         1344    i.GPIO_ReadInputDataBit  stm32f4xx_gpio.o
    0x08000930   0x00000002   Code   RO         3138    i.HardFault_Handler  stm32xxx_it.o
    0x08000932   0x00000026   Code   RO          341    i.LCD_Clear         stm324xg_eval_lcd.o
    0x08000958   0x00000030   Code   RO          342    i.LCD_ClearLine     stm324xg_eval_lcd.o
    0x08000988   0x00000134   Code   RO          345    i.LCD_CtrlLinesConfig  stm324xg_eval_lcd.o
    0x08000abc   0x00000020   Code   RO          347    i.LCD_DisplayChar   stm324xg_eval_lcd.o
    0x08000adc   0x00000038   Code   RO          350    i.LCD_DisplayStringLine  stm324xg_eval_lcd.o
    0x08000b14   0x00000028   Code   RO         3068    i.LCD_Draw16BitBMP  main.o
    0x08000b3c   0x0000007c   Code   RO          351    i.LCD_DrawChar      stm324xg_eval_lcd.o
    0x08000bb8   0x00000028   Code   RO         3069    i.LCD_DrawGrayPict  main.o
    0x08000be0   0x0000004c   Code   RO          356    i.LCD_DrawMonoPict  stm324xg_eval_lcd.o
    0x08000c2c   0x00000058   Code   RO          359    i.LCD_FSMCConfig    stm324xg_eval_lcd.o
    0x08000c84   0x0000000c   Code   RO          362    i.LCD_GetFont       stm324xg_eval_lcd.o
    0x08000c90   0x00000028   Code   RO         3220    i.LCD_LOG_DeInit    lcd_log.o
    0x08000cb8   0x00000010   Code   RO         3221    i.LCD_LOG_Init      lcd_log.o
    0x08000cc8   0x00000064   Code   RO         3222    i.LCD_LOG_SetFooter  lcd_log.o
    0x08000d2c   0x00000090   Code   RO         3223    i.LCD_LOG_SetHeader  lcd_log.o
    0x08000dbc   0x000000a0   Code   RO         3224    i.LCD_LOG_UpdateDisplay  lcd_log.o
    0x08000e5c   0x0000000a   Code   RO          368    i.LCD_ReadReg       stm324xg_eval_lcd.o
    0x08000e66   0x00000002   PAD
    0x08000e68   0x00000010   Code   RO          369    i.LCD_SetBackColor  stm324xg_eval_lcd.o
    0x08000e78   0x00000018   Code   RO          371    i.LCD_SetCursor     stm324xg_eval_lcd.o
    0x08000e90   0x0000000c   Code   RO          373    i.LCD_SetFont       stm324xg_eval_lcd.o
    0x08000e9c   0x00000010   Code   RO          374    i.LCD_SetTextColor  stm324xg_eval_lcd.o
    0x08000eac   0x00000008   Code   RO          377    i.LCD_WriteRAM      stm324xg_eval_lcd.o
    0x08000eb4   0x0000000a   Code   RO          378    i.LCD_WriteRAM_Prepare  stm324xg_eval_lcd.o
    0x08000ebe   0x0000000a   Code   RO          379    i.LCD_WriteReg      stm324xg_eval_lcd.o
    0x08000ec8   0x00000002   Code   RO         3139    i.MemManage_Handler  stm32xxx_it.o
    0x08000eca   0x00000002   Code   RO         3140    i.NMI_Handler       stm32xxx_it.o
    0x08000ecc   0x00000064   Code   RO          829    i.NVIC_Init         misc.o
    0x08000f30   0x00000002   Code   RO         3141    i.PendSV_Handler    stm32xxx_it.o
    0x08000f32   0x00000002   PAD
    0x08000f34   0x00000018   Code   RO         1441    i.RCC_AHB1PeriphClockCmd  stm32f4xx_rcc.o
    0x08000f4c   0x00000018   Code   RO         1447    i.RCC_AHB3PeriphClockCmd  stm32f4xx_rcc.o
    0x08000f64   0x00000018   Code   RO         1453    i.RCC_APB2PeriphClockCmd  stm32f4xx_rcc.o
    0x08000f7c   0x00000018   Code   RO         1455    i.RCC_APB2PeriphResetCmd  stm32f4xx_rcc.o
    0x08000f94   0x000000b8   Code   RO         3071    i.SDCardConfig      main.o
    0x0800104c   0x000000c0   Code   RO          621    i.SDEnWideBus       stm324xg_eval_sdio_sd.o
    0x0800110c   0x0000000c   Code   RO         1726    i.SDIO_ClearFlag    stm32f4xx_sdio.o
    0x08001118   0x0000000c   Code   RO         1727    i.SDIO_ClearITPendingBit  stm32f4xx_sdio.o
    0x08001124   0x0000000c   Code   RO         1728    i.SDIO_ClockCmd     stm32f4xx_sdio.o
    0x08001130   0x0000000c   Code   RO         1731    i.SDIO_DMACmd       stm32f4xx_sdio.o
    0x0800113c   0x00000030   Code   RO         1732    i.SDIO_DataConfig   stm32f4xx_sdio.o
    0x0800116c   0x00000018   Code   RO         1734    i.SDIO_DeInit       stm32f4xx_sdio.o
    0x08001184   0x0000000c   Code   RO         1735    i.SDIO_GetCommandResponse  stm32f4xx_sdio.o
    0x08001190   0x00000014   Code   RO         1738    i.SDIO_GetFlagStatus  stm32f4xx_sdio.o
    0x080011a4   0x00000014   Code   RO         1739    i.SDIO_GetITStatus  stm32f4xx_sdio.o
    0x080011b8   0x00000010   Code   RO         1740    i.SDIO_GetPowerState  stm32f4xx_sdio.o
    0x080011c8   0x00000010   Code   RO         1741    i.SDIO_GetResponse  stm32f4xx_sdio.o
    0x080011d8   0x00000004   Code   RO         3142    i.SDIO_IRQHandler   stm32xxx_it.o
    0x080011dc   0x00000018   Code   RO         1742    i.SDIO_ITConfig     stm32f4xx_sdio.o
    0x080011f4   0x0000002c   Code   RO         1743    i.SDIO_Init         stm32f4xx_sdio.o
    0x08001220   0x0000000c   Code   RO         1744    i.SDIO_ReadData     stm32f4xx_sdio.o
    0x0800122c   0x00000028   Code   RO         1746    i.SDIO_SendCommand  stm32f4xx_sdio.o
    0x08001254   0x0000000c   Code   RO         1748    i.SDIO_SetPowerState  stm32f4xx_sdio.o
    0x08001260   0x00000024   Code   RO          623    i.SD_Detect         stm324xg_eval_sdio_sd.o
    0x08001284   0x00000074   Code   RO          624    i.SD_EnableWideBusOperation  stm324xg_eval_sdio_sd.o
    0x080012f8   0x00000270   Code   RO          626    i.SD_GetCardInfo    stm324xg_eval_sdio_sd.o
    0x08001568   0x00000022   Code   RO          628    i.SD_GetState       stm324xg_eval_sdio_sd.o
    0x0800158a   0x0000001a   Code   RO          629    i.SD_GetStatus      stm324xg_eval_sdio_sd.o
    0x080015a4   0x00000160   Code   RO          631    i.SD_HighSpeed      stm324xg_eval_sdio_sd.o
    0x08001704   0x00000080   Code   RO          632    i.SD_Init           stm324xg_eval_sdio_sd.o
    0x08001784   0x000000fc   Code   RO          633    i.SD_InitializeCards  stm324xg_eval_sdio_sd.o
    0x08001880   0x00000088   Code   RO          234    i.SD_LowLevel_DMA_RxConfig  stm324xg_eval.o
    0x08001908   0x00000088   Code   RO          235    i.SD_LowLevel_DMA_TxConfig  stm324xg_eval.o
    0x08001990   0x000000c0   Code   RO          237    i.SD_LowLevel_Init  stm324xg_eval.o
    0x08001a50   0x000001e4   Code   RO          635    i.SD_PowerON        stm324xg_eval_sdio_sd.o
    0x08001c34   0x00000028   Code   RO          636    i.SD_ProcessDMAIRQ  stm324xg_eval_sdio_sd.o
    0x08001c5c   0x00000090   Code   RO          637    i.SD_ProcessIRQSrc  stm324xg_eval_sdio_sd.o
    0x08001cec   0x000000b4   Code   RO          638    i.SD_ReadBlock      stm324xg_eval_sdio_sd.o
    0x08001da0   0x000000c8   Code   RO          639    i.SD_ReadMultiBlocks  stm324xg_eval_sdio_sd.o
    0x08001e68   0x0000002c   Code   RO          640    i.SD_SelectDeselect  stm324xg_eval_sdio_sd.o
    0x08001e94   0x00000048   Code   RO          642    i.SD_SendStatus     stm324xg_eval_sdio_sd.o
    0x08001edc   0x00000028   Code   RO          643    i.SD_StopTransfer   stm324xg_eval_sdio_sd.o
    0x08001f04   0x00000068   Code   RO          644    i.SD_WaitReadOperation  stm324xg_eval_sdio_sd.o
    0x08001f6c   0x00000068   Code   RO          645    i.SD_WaitWriteOperation  stm324xg_eval_sdio_sd.o
    0x08001fd4   0x000000b4   Code   RO          646    i.SD_WriteBlock     stm324xg_eval_sdio_sd.o
    0x08002088   0x00000110   Code   RO          647    i.SD_WriteMultiBlocks  stm324xg_eval_sdio_sd.o
    0x08002198   0x0000040c   Code   RO          381    i.STM324xG_LCD_Init  stm324xg_eval_lcd.o
    0x080025a4   0x00000048   Code   RO          239    i.STM_EVAL_LEDInit  stm324xg_eval.o
    0x080025ec   0x00000002   Code   RO         3143    i.SVC_Handler       stm32xxx_it.o
    0x080025ee   0x00000002   PAD
    0x080025f0   0x000000d8   Code   RO          183    i.SetSysClock       system_stm32f4xx.o
    0x080026c8   0x00000002   Code   RO         3144    i.SysTick_Handler   stm32xxx_it.o
    0x080026ca   0x00000002   PAD
    0x080026cc   0x0000005c   Code   RO          185    i.SystemInit        system_stm32f4xx.o
    0x08002728   0x00000002   Code   RO         3145    i.UsageFault_Handler  stm32xxx_it.o
    0x0800272a   0x00000002   PAD
    0x0800272c   0x00000010   Code   RO         3591    i.__0printf$bare    mc_w.l(printfb.o)
    0x0800273c   0x0000000e   Code   RO         3898    i.__scatterload_copy  mc_w.l(handlers.o)
    0x0800274a   0x00000002   Code   RO         3899    i.__scatterload_null  mc_w.l(handlers.o)
    0x0800274c   0x0000000e   Code   RO         3900    i.__scatterload_zeroinit  mc_w.l(handlers.o)
    0x0800275a   0x00000022   Code   RO         3598    i._printf_core      mc_w.l(printfb.o)
    0x0800277c   0x0000005c   Code   RO         3285    i.check_fs          ff.o
    0x080027d8   0x00000010   Code   RO         3286    i.chk_chr           ff.o
    0x080027e8   0x00000214   Code   RO         3287    i.chk_mounted       ff.o
    0x080029fc   0x00000018   Code   RO         3288    i.clust2sect        ff.o
    0x08002a14   0x00000096   Code   RO         3289    i.create_chain      ff.o
    0x08002aaa   0x00000002   PAD
    0x08002aac   0x00000204   Code   RO         3290    i.create_name       ff.o
    0x08002cb0   0x0000001c   Code   RO          382    i.delay             stm324xg_eval_lcd.o
    0x08002ccc   0x00000134   Code   RO         3291    i.dir_find          ff.o
    0x08002e00   0x000000ee   Code   RO         3292    i.dir_next          ff.o
    0x08002eee   0x00000002   PAD
    0x08002ef0   0x000001ac   Code   RO         3294    i.dir_register      ff.o
    0x0800309c   0x0000007e   Code   RO         3296    i.dir_sdi           ff.o
    0x0800311a   0x00000002   PAD
    0x0800311c   0x0000004c   Code   RO         3002    i.disk_initialize   fatfs_drv.o
    0x08003168   0x0000009c   Code   RO         3004    i.disk_read         fatfs_drv.o
    0x08003204   0x00000030   Code   RO         3005    i.disk_status       fatfs_drv.o
    0x08003234   0x000000a0   Code   RO         3006    i.disk_write        fatfs_drv.o
    0x080032d4   0x00000028   Code   RO         3303    i.f_mount           ff.o
    0x080032fc   0x00000140   Code   RO         3304    i.f_open            ff.o
    0x0800343c   0x00000152   Code   RO         3309    i.f_read            ff.o
    0x0800358e   0x00000002   PAD
    0x08003590   0x00000038   Code   RO         3555    i.ff_convert        ccsbcs.o
    0x080035c8   0x00000024   Code   RO         3556    i.ff_wtoupper       ccsbcs.o
    0x080035ec   0x00000068   Code   RO         3318    i.follow_path       ff.o
    0x08003654   0x000000fc   Code   RO         3225    i.fputc             lcd_log.o
    0x08003750   0x0000006a   Code   RO         3319    i.gen_numname       ff.o
    0x080037ba   0x000000b8   Code   RO         3320    i.get_fat           ff.o
    0x08003872   0x00000004   Code   RO         3007    i.get_fattime       fatfs_drv.o
    0x08003876   0x00000002   PAD
    0x08003878   0x00000128   Code   RO         3072    i.main              main.o
    0x080039a0   0x00000012   Code   RO         3322    i.mem_cpy           ff.o
    0x080039b2   0x0000000e   Code   RO         3323    i.mem_set           ff.o
    0x080039c0   0x0000006a   Code   RO         3324    i.move_window       ff.o
    0x08003a2a   0x00000002   PAD
    0x08003a2c   0x000000fa   Code   RO         3325    i.put_fat           ff.o
    0x08003b26   0x00000062   Code   RO         3326    i.remove_chain      ff.o
    0x08003b88   0x0000001a   Code   RO         3327    i.sum_sfn           ff.o
    0x08003ba2   0x00000020   Code   RO         3329    i.validate          ff.o
    0x08003bc2   0x00000002   PAD
    0x08003bc4   0x0000005c   Data   RO          249    .constdata          stm324xg_eval.o
    0x08003c20   0x000011d0   Data   RO          383    .constdata          stm324xg_eval_lcd.o
    0x08004df0   0x00000900   Data   RO          384    .constdata          stm324xg_eval_lcd.o
    0x080056f0   0x00000900   Data   RO          385    .constdata          stm324xg_eval_lcd.o
    0x08005ff0   0x00025800   Data   RO         3081    .constdata          main.o
    0x0802b7f0   0x0000008d   Data   RO         3331    .constdata          ff.o
    0x0802b87d   0x00000001   PAD
    0x0802b87e   0x000004c0   Data   RO         3557    .constdata          ccsbcs.o
    0x0802bd3e   0x00000002   PAD
    0x0802bd40   0x00000020   Data   RO         3896    Region$$Table       anon$$obj.o


    Execution Region RW_IRAM1 (Base: 0x20000000, Size: 0x00013b58, Max: 0x00020000, ABSOLUTE)

    Base Addr    Size         Type   Attr      Idx    E Section Name        Object

    0x20000000   0x0000002c   Data   RW          250    .data               stm324xg_eval.o
    0x2000002c   0x00000010   Data   RW          387    .data               stm324xg_eval_lcd.o
    0x2000003c   0x00000008   Data   RW          388    .data               stm324xg_eval_lcd.o
    0x20000044   0x00000008   Data   RW          389    .data               stm324xg_eval_lcd.o
    0x2000004c   0x00000018   Data   RW          650    .data               stm324xg_eval_sdio_sd.o
    0x20000064   0x00000001   Data   RW         3008    .data               fatfs_drv.o
    0x20000065   0x00000003   PAD
    0x20000068   0x00000004   Data   RW         3082    .data               main.o
    0x2000006c   0x00000012   Data   RW         3227    .data               lcd_log.o
    0x2000007e   0x00000002   PAD
    0x20000080   0x0000000c   Data   RW         3332    .data               ff.o
    0x2000008c   0x00000004   Data   RW         3872    .data               mc_w.l(stdout.o)
    0x20000090   0x000000cc   Zero   RW          649    .bss                stm324xg_eval_sdio_sd.o
    0x2000015c   0x0001318c   Zero   RW         3073    .bss                main.o
    0x200132e8   0x00000270   Zero   RW         3226    .bss                lcd_log.o
    0x20013558   0x00000200   Zero   RW         3330    .bss                ff.o
    0x20013758   0x00000400   Zero   RW          224    STACK               startup_stm32f40_41xx.o


==============================================================================

Image component sizes


      Code (inc. data)   RO Data    RW Data    ZI Data      Debug   Object Name

       108         58          0          0          0     272198   bsp.o
        92         12       1216          0          0       2671   ccsbcs.o
       444         18          0          1          0       5103   fatfs_drv.o
      4066         66        141         12        512      29821   ff.o
       712         32          0         18        624       6397   lcd_log.o
       588        224     153600          4      78220       4250   main.o
       100          4          0          0          0       1128   misc.o
        36          8        392          0       1024        816   startup_stm32f40_41xx.o
       536         40         92         44          0       4936   stm324xg_eval.o
      1952         72       9168         32          0      15697   stm324xg_eval_lcd.o
      4328        214          0         24        204      25670   stm324xg_eval_sdio_sd.o
       504         36          0          0          0       5688   stm32f4xx_dma.o
       232          6          0          0          0       2105   stm32f4xx_fsmc.o
       208          0          0          0          0       2711   stm32f4xx_gpio.o
        96         24          0          0          0       2660   stm32f4xx_rcc.o
       336         76          0          0          0      11746   stm32f4xx_sdio.o
        26          0          0          0          0       4874   stm32xxx_it.o
       308         44          0          0          0       1573   system_stm32f4xx.o

    ----------------------------------------------------------------------
     14700        934     164644        140      80584     400044   Object Totals
         0          0         32          0          0          0   (incl. Generated)
        28          0          3          5          0          0   (incl. Padding)

    ----------------------------------------------------------------------

      Code (inc. data)   RO Data    RW Data    ZI Data      Debug   Library Member Name

         0          0          0          0          0          0   entry.o
         0          0          0          0          0          0   entry10a.o
         0          0          0          0          0          0   entry11a.o
         8          4          0          0          0          0   entry2.o
         4          0          0          0          0          0   entry5.o
         0          0          0          0          0          0   entry7b.o
         0          0          0          0          0          0   entry8b.o
         8          4          0          0          0          0   entry9a.o
        30          0          0          0          0          0   handlers.o
        36          8          0          0          0         68   init.o
        36          0          0          0          0         68   memcpya.o
        36          0          0          0          0        108   memseta.o
        50          8          0          0          0        152   printfb.o
         0          0          0          4          0          0   stdout.o

    ----------------------------------------------------------------------
       208         24          0          4          0        396   Library Totals
         0          0          0          0          0          0   (incl. Padding)

    ----------------------------------------------------------------------

      Code (inc. data)   RO Data    RW Data    ZI Data      Debug   Library Name

       208         24          0          4          0        396   mc_w.l

    ----------------------------------------------------------------------
       208         24          0          4          0        396   Library Totals

    ----------------------------------------------------------------------

==============================================================================


      Code (inc. data)   RO Data    RW Data    ZI Data      Debug   

     14908        958     164644        144      80584     387840   Grand Totals
     14908        958     164644        144      80584     387840   ELF Image Totals
     14908        958     164644        144          0          0   ROM Totals

==============================================================================

    Total RO  Size (Code + RO Data)               179552 ( 175.34kB)
    Total RW  Size (RW Data + ZI Data)             80728 (  78.84kB)
    Total ROM Size (Code + RO Data + RW Data)     179696 ( 175.48kB)

==============================================================================

