<html>
<body>
<pre>
<h1>µVision Build Log</h1>
<h2>Tool Versions:</h2>
IDE-Version: £gVision V5.20.0.0
Copyright (C) 2016 ARM Ltd and ARM Germany GmbH. All rights reserved.
License Information: Ken Ken, Ken, LIC=VGXGK-ZKQMF-Z9QG9-46SZE-R67JE-WJQH6
 
Tool Versions:
Toolchain:       MDK-ARM Plus  Version: 5.20
Toolchain Path:  C:\Keil_v5\ARM\ARMCC\Bin
C Compiler:      Armcc.exe V5.06 update 2 (build 183)
Assembler:       Armasm.exe V5.06 update 2 (build 183)
Linker/Locator:  ArmLink.exe V5.06 update 2 (build 183)
Library Manager: ArmAr.exe V5.06 update 2 (build 183)
Hex Converter:   FromElf.exe V5.06 update 2 (build 183)
CPU DLL:         SARMCM3.DLL V5.20
Dialog DLL:      DCM.DLL V1.13.7.0
Target DLL:      STLink\ST-LINKIII-KEIL_SWO.dll V2.0.18.0
Dialog DLL:      TCM.DLL V1.14.9.0
 
<h2>Project:</h2>
D:\STM32_EXTI\Project\STM32F4_EVB_BoardTest\MDK-ARM\BoardTest.uvprojx
Project File Date:  07/29/2016

<h2>Output:</h2>
*** Using Compiler 'V5.06 update 2 (build 183)', folder: 'C:\Keil_v5\ARM\ARMCC\Bin'
Build target 'STM32F4_EVB'
compiling main.c...
compiling stm32f4_evb_fsmc_psram.c...
compiling stm32f4_evb.c...
compiling stm32f4xx_it.c...
compiling stm32f4_evb_i2c_gsensor.c...
compiling stm32f4_evb_i2c_tsc.c...
compiling stm32f4_evb_i2c_ee.c...
compiling stm32f4xx_adc.c...
compiling stm32f4xx_cryp.c...
compiling stm32f4xx_can.c...
compiling misc.c...
compiling stm32f4xx_crc.c...
compiling stm324xg_eval_lcd.c...
compiling stm32f4_evb_sdio_sd.c...
compiling stm32f4xx_dbgmcu.c...
compiling stm32f4xx_dcmi.c...
compiling stm32f4xx_cryp_tdes.c...
compiling stm32f4xx_dac.c...
compiling stm32f4xx_cryp_des.c...
compiling stm32f4xx_cryp_aes.c...
compiling stm32f4xx_dma.c...
compiling stm32f4xx_exti.c...
compiling stm32f4xx_hash.c...
compiling stm32f4xx_gpio.c...
compiling stm32f4xx_hash_sha1.c...
compiling stm32f4xx_fsmc.c...
compiling stm32f4xx_flash.c...
compiling stm32f4xx_hash_md5.c...
compiling stm32f4xx_sdio.c...
compiling stm32f4xx_rcc.c...
compiling stm32f4xx_iwdg.c...
compiling stm32f4xx_rng.c...
compiling stm32f4xx_pwr.c...
compiling stm32f4xx_rtc.c...
compiling stm32f4xx_i2c.c...
compiling stm32f4xx_syscfg.c...
compiling stm32f4xx_spi.c...
compiling stm32f4xx_usart.c...
compiling system_stm32f4xx.c...
compiling lcd_log.c...
compiling stm32f4xx_wwdg.c...
compiling stm32f4xx_tim.c...
assembling startup_stm32f40xx.s...
linking...
Program Size: Code=1564 RO-data=516 RW-data=52 ZI-data=1028  
FromELF: creating hex file...
".\STM32F4_EVB\STM32F4_EVB_BoardTest.axf" - 0 Error(s), 0 Warning(s).

<h2>Software Packages used:</h2>

Package Vendor: ARM
                http://www.keil.com/pack/ARM.CMSIS.5.0.0-Beta4.pack
                ARM::CMSIS:CORE:5.0.0
                CMSIS (Cortex Microcontroller Software Interface Standard)
   * Component: CORE Version: 5.0.0

<h2>Collection of Component include folders:</h2>
  D:\STM32_EXTI\Project\STM32F4_EVB_BoardTest\MDK-ARM\RTE
  C:\Keil_v5\ARM\PACK\ARM\CMSIS\5.0.0-Beta4\CMSIS\Include
  C:\Keil_v5\ARM\PACK\Keil\STM32F4xx_DFP\2.9.0\Drivers\CMSIS\Device\ST\STM32F4xx\Include

<h2>Collection of Component Files used:</h2>

   * Component: ARM::CMSIS:CORE:5.0.0
Build Time Elapsed:  00:00:17
</pre>
</body>
</html>
