V3 13
FL F:/OpenMIPS_Share/OenMIPS_CPU/ProgramCounterRegister_Test/ProgramCounterRegister_Test/inst_fetch_tb.v 2016/08/27.02:14:50 I.34
MO work/inst_fetch_tb \
      FL F:/OpenMIPS_Share/OenMIPS_CPU/ProgramCounterRegister_Test/ProgramCounterRegister_Test/inst_fetch_tb.v \
      MI inst_fetch
FL F:/OpenMIPS_Share/OenMIPS_CPU/ProgramCounterRegister_Test/ProgramCounterRegister_Test/pc_reg.v 2016/08/27.01:19:41 I.34
MO work/pc_reg \
      FL F:/OpenMIPS_Share/OenMIPS_CPU/ProgramCounterRegister_Test/ProgramCounterRegister_Test/pc_reg.v
FL F:/OpenMIPS_Share/OenMIPS_CPU/ProgramCounterRegister_Test/ProgramCounterRegister_Test/rom.v 2016/08/27.02:55:30 I.34
MO work/rom \
      FL F:/OpenMIPS_Share/OenMIPS_CPU/ProgramCounterRegister_Test/ProgramCounterRegister_Test/rom.v
FL $XILINX/verilog/src/glbl.v 2006/05/18.02:09:08 I.34
MO work/glbl            FL $XILINX/verilog/src/glbl.v
FL F:/OpenMIPS_Share/OenMIPS_CPU/ProgramCounterRegister_Test/ProgramCounterRegister_Test/inst_fetch.v 2016/08/27.02:52:58 I.34
MO work/inst_fetch \
      FL F:/OpenMIPS_Share/OenMIPS_CPU/ProgramCounterRegister_Test/ProgramCounterRegister_Test/inst_fetch.v \
      MI pc_reg         MI rom
