Component: ARM Compiler 5.06 update 2 (build 183) Tool: armlink [4d35b7]

==============================================================================

Section Cross References

    main.o(i.Codec_TIMEOUT_UserCallback) refers to stm324xg_eval_lcd.o(i.LCD_GetFont) for LCD_GetFont
    main.o(i.Codec_TIMEOUT_UserCallback) refers to stm324xg_eval_lcd.o(i.LCD_DisplayStringLine) for LCD_DisplayStringLine
    main.o(i.Delay) refers to main.o(.data) for LocalTime
    main.o(i.EVAL_AUDIO_Error_CallBack) refers to stm324xg_eval_lcd.o(i.LCD_SetBackColor) for LCD_SetBackColor
    main.o(i.EVAL_AUDIO_Error_CallBack) refers to stm324xg_eval_lcd.o(i.LCD_GetFont) for LCD_GetFont
    main.o(i.EVAL_AUDIO_Error_CallBack) refers to stm324xg_eval_lcd.o(i.LCD_DisplayStringLine) for LCD_DisplayStringLine
    main.o(i.EVAL_AUDIO_TransferComplete_CallBack) refers to stm32f4_evb_audio_codec.o(i.EVAL_AUDIO_Play) for EVAL_AUDIO_Play
    main.o(i.EVAL_AUDIO_TransferComplete_CallBack) refers to audio_sample.o(.constdata) for AUDIO_SAMPLE
    main.o(i.LCD_LED_Init) refers to stm324xg_eval_lcd.o(i.STM324xG_LCD_Init) for STM324xG_LCD_Init
    main.o(i.LCD_LED_Init) refers to stm32f4_evb.o(i.STM_EVAL_LEDInit) for STM_EVAL_LEDInit
    main.o(i.LCD_LED_Init) refers to stm324xg_eval_lcd.o(i.LCD_Clear) for LCD_Clear
    main.o(i.LCD_LED_Init) refers to stm324xg_eval_lcd.o(i.LCD_SetBackColor) for LCD_SetBackColor
    main.o(i.LCD_LED_Init) refers to stm324xg_eval_lcd.o(i.LCD_SetTextColor) for LCD_SetTextColor
    main.o(i.LCD_LED_Init) refers to stm324xg_eval_lcd.o(i.LCD_GetFont) for LCD_GetFont
    main.o(i.LCD_LED_Init) refers to stm324xg_eval_lcd.o(i.LCD_DisplayStringLine) for LCD_DisplayStringLine
    main.o(i.Time_Update) refers to main.o(.data) for LocalTime
    main.o(i.TimingDelay_Decrement) refers to main.o(.data) for uwTimingDelay
    main.o(i.main) refers to misc.o(i.NVIC_PriorityGroupConfig) for NVIC_PriorityGroupConfig
    main.o(i.main) refers to main.o(i.LCD_LED_Init) for LCD_LED_Init
    main.o(i.main) refers to stm32f4x7_eth_bsp_1.o(i.ETH_BSP_Config) for ETH_BSP_Config
    main.o(i.main) refers to netconf_1.o(i.LwIP_Init) for LwIP_Init
    main.o(i.main) refers to httpd.o(i.httpd_init) for httpd_init
    main.o(i.main) refers to stm32f4x7_eth.o(i.ETH_CheckFrameReceived) for ETH_CheckFrameReceived
    main.o(i.main) refers to netconf_1.o(i.LwIP_Pkt_Handle) for LwIP_Pkt_Handle
    main.o(i.main) refers to netconf_1.o(i.LwIP_Periodic_Handle) for LwIP_Periodic_Handle
    main.o(i.main) refers to main.o(.data) for LocalTime
    stm32f4xx_it.o(i.EXTI15_10_IRQHandler) refers to stm32f4xx_exti.o(i.EXTI_GetITStatus) for EXTI_GetITStatus
    stm32f4xx_it.o(i.EXTI15_10_IRQHandler) refers to tcp_echoclient.o(i.tcp_echoclient_connect) for tcp_echoclient_connect
    stm32f4xx_it.o(i.EXTI15_10_IRQHandler) refers to stm32f4xx_exti.o(i.EXTI_ClearITPendingBit) for EXTI_ClearITPendingBit
    stm32f4xx_it.o(i.EXTI15_10_IRQHandler) refers to stm32f4x7_eth_bsp_1.o(i.Eth_Link_ITHandler) for Eth_Link_ITHandler
    stm32f4xx_it.o(i.EXTI15_10_IRQHandler) refers to stm32f4x7_eth_bsp_1.o(.data) for EthLinkStatus
    stm32f4xx_it.o(i.EXTI2_IRQHandler) refers to stm32f4xx_exti.o(i.EXTI_ClearITPendingBit) for EXTI_ClearITPendingBit
    stm32f4xx_it.o(i.EXTI2_IRQHandler) refers to stm32f4_evb.o(i.STM_EVAL_LEDToggle) for STM_EVAL_LEDToggle
    stm32f4xx_it.o(i.OTG_HS_EP1_IN_IRQHandler) refers to usb_dcd_int.o(i.USBD_OTG_EP1IN_ISR_Handler) for USBD_OTG_EP1IN_ISR_Handler
    stm32f4xx_it.o(i.OTG_HS_EP1_IN_IRQHandler) refers to main.o(.bss) for USB_OTG_dev
    stm32f4xx_it.o(i.OTG_HS_EP1_OUT_IRQHandler) refers to usb_dcd_int.o(i.USBD_OTG_EP1OUT_ISR_Handler) for USBD_OTG_EP1OUT_ISR_Handler
    stm32f4xx_it.o(i.OTG_HS_EP1_OUT_IRQHandler) refers to main.o(.bss) for USB_OTG_dev
    stm32f4xx_it.o(i.OTG_HS_IRQHandler) refers to usb_dcd_int.o(i.USBD_OTG_ISR_Handler) for USBD_OTG_ISR_Handler
    stm32f4xx_it.o(i.OTG_HS_IRQHandler) refers to main.o(.bss) for USB_OTG_dev
    stm32f4xx_it.o(i.OTG_HS_WKUP_IRQHandler) refers to system_stm32f4xx.o(i.SystemInit) for SystemInit
    stm32f4xx_it.o(i.OTG_HS_WKUP_IRQHandler) refers to usb_core.o(i.USB_OTG_UngateClock) for USB_OTG_UngateClock
    stm32f4xx_it.o(i.OTG_HS_WKUP_IRQHandler) refers to stm32f4xx_exti.o(i.EXTI_ClearITPendingBit) for EXTI_ClearITPendingBit
    stm32f4xx_it.o(i.OTG_HS_WKUP_IRQHandler) refers to main.o(.bss) for USB_OTG_dev
    stm32f4xx_it.o(i.SysTick_Handler) refers to main.o(i.TimingDelay_Decrement) for TimingDelay_Decrement
    stm32f4xx_it.o(i.SysTick_Handler) refers to main.o(i.Time_Update) for Time_Update
    stm32f4xx_it.o(i.USART1_IRQHandler) refers to stm32f4xx_usart.o(i.USART_ReceiveData) for USART_ReceiveData
    stm32f4xx_it.o(i.USART1_IRQHandler) refers to stm32f4xx_usart.o(i.USART_SendData) for USART_SendData
    fs.o(i.fs_close) refers to fs.o(i.fs_free) for fs_free
    fs.o(i.fs_free) refers to fs.o(.bss) for fs_memory
    fs.o(i.fs_malloc) refers to fs.o(.bss) for fs_memory
[...]
    DCD_EP_Tx                                0x08000a51   Thumb Code    78  usb_dcd.o(i.DCD_EP_Tx)
    DMA1_Stream4_IRQHandler                  0x080011ad   Thumb Code   180  stm32f4_evb_audio_codec.o(i.DMA1_Stream4_IRQHandler)
    DMA_ClearFlag                            0x08001275   Thumb Code    38  stm32f4xx_dma.o(i.DMA_ClearFlag)
    DMA_Cmd                                  0x080012a9   Thumb Code    22  stm32f4xx_dma.o(i.DMA_Cmd)
    DMA_GetCmdStatus                         0x080012bf   Thumb Code    20  stm32f4xx_dma.o(i.DMA_GetCmdStatus)
    DMA_GetFlagStatus                        0x080012d5   Thumb Code    54  stm32f4xx_dma.o(i.DMA_GetFlagStatus)
    DMA_Init                                 0x08001319   Thumb Code    82  stm32f4xx_dma.o(i.DMA_Init)
    DebugMon_Handler                         0x08001371   Thumb Code     2  stm32f4xx_it.o(i.DebugMon_Handler)
    ETH_BSP_Config                           0x08001375   Thumb Code    74  stm32f4x7_eth_bsp_1.o(i.ETH_BSP_Config)
    ETH_CheckFrameReceived                   0x080013ed   Thumb Code   190  stm32f4x7_eth.o(i.ETH_CheckFrameReceived)
    ETH_DMAReceptionCmd                      0x080014b5   Thumb Code    30  stm32f4x7_eth.o(i.ETH_DMAReceptionCmd)
    ETH_DMARxDescChainInit                   0x080014d9   Thumb Code    82  stm32f4x7_eth.o(i.ETH_DMARxDescChainInit)
    ETH_DMATransmissionCmd                   0x0800153d   Thumb Code    30  stm32f4x7_eth.o(i.ETH_DMATransmissionCmd)
    ETH_DMATxDescChainInit                   0x08001561   Thumb Code    70  stm32f4x7_eth.o(i.ETH_DMATxDescChainInit)
    ETH_DMATxDescChecksumInsertionConfig     0x080015b1   Thumb Code     8  stm32f4x7_eth.o(i.ETH_DMATxDescChecksumInsertionConfig)
    ETH_DeInit                               0x080015b9   Thumb Code    22  stm32f4x7_eth.o(i.ETH_DeInit)
    ETH_FlushTransmitFIFO                    0x080015ed   Thumb Code    14  stm32f4x7_eth.o(i.ETH_FlushTransmitFIFO)
    ETH_GetSoftwareResetStatus               0x0800175d   Thumb Code    20  stm32f4x7_eth.o(i.ETH_GetSoftwareResetStatus)
    ETH_Get_Received_Frame                   0x08001775   Thumb Code    82  stm32f4x7_eth.o(i.ETH_Get_Received_Frame)
    ETH_Init                                 0x080017d1   Thumb Code   620  stm32f4x7_eth.o(i.ETH_Init)
    ETH_MACAddressConfig                     0x08001a69   Thumb Code    46  stm32f4x7_eth.o(i.ETH_MACAddressConfig)
    ETH_MACReceptionCmd                      0x08001b1d   Thumb Code    30  stm32f4x7_eth.o(i.ETH_MACReceptionCmd)
    ETH_MACTransmissionCmd                   0x08001b41   Thumb Code    30  stm32f4x7_eth.o(i.ETH_MACTransmissionCmd)
    ETH_Prepare_Transmit_Descriptors         0x08001b65   Thumb Code   222  stm32f4x7_eth.o(i.ETH_Prepare_Transmit_Descriptors)
    ETH_ReadPHYRegister                      0x08001c4d   Thumb Code    98  stm32f4x7_eth.o(i.ETH_ReadPHYRegister)
    ETH_SoftwareReset                        0x08001cb9   Thumb Code    14  stm32f4x7_eth.o(i.ETH_SoftwareReset)
    ETH_Start                                0x08001ccd   Thumb Code    32  stm32f4x7_eth.o(i.ETH_Start)
    ETH_StructInit                           0x08001ced   Thumb Code   178  stm32f4x7_eth.o(i.ETH_StructInit)
    ETH_WritePHYRegister                     0x08001da1   Thumb Code    96  stm32f4x7_eth.o(i.ETH_WritePHYRegister)
    EVAL_AUDIO_Play                          0x08001e09   Thumb Code   110  stm32f4_evb_audio_codec.o(i.EVAL_AUDIO_Play)
    EVAL_AUDIO_TransferComplete_CallBack     0x08001e85   Thumb Code    16  main.o(i.EVAL_AUDIO_TransferComplete_CallBack)
    EXTI15_10_IRQHandler                     0x08001e9d   Thumb Code    56  stm32f4xx_it.o(i.EXTI15_10_IRQHandler)
    EXTI2_IRQHandler                         0x08001ed9   Thumb Code    16  stm32f4xx_it.o(i.EXTI2_IRQHandler)
    EXTI_ClearITPendingBit                   0x08001ee9   Thumb Code     6  stm32f4xx_exti.o(i.EXTI_ClearITPendingBit)
    EXTI_GetITStatus                         0x08001ef5   Thumb Code    20  stm32f4xx_exti.o(i.EXTI_GetITStatus)
    Eth_Link_ITHandler                       0x08001f0d   Thumb Code   132  stm32f4x7_eth_bsp_1.o(i.Eth_Link_ITHandler)
    Eth_Link_PHYITConfig                     0x08001fdd   Thumb Code    70  stm32f4x7_eth_bsp_1.o(i.Eth_Link_PHYITConfig)
    FSMC_NORSRAMCmd                          0x08002025   Thumb Code    46  stm32f4xx_fsmc.o(i.FSMC_NORSRAMCmd)
    FSMC_NORSRAMInit                         0x08002059   Thumb Code   230  stm32f4xx_fsmc.o(i.FSMC_NORSRAMInit)
    GPIO_Init                                0x0800213f   Thumb Code   144  stm32f4xx_gpio.o(i.GPIO_Init)
    GPIO_PinAFConfig                         0x080021cf   Thumb Code    70  stm32f4xx_gpio.o(i.GPIO_PinAFConfig)
    HardFault_Handler                        0x080022e9   Thumb Code     4  stm32f4xx_it.o(i.HardFault_Handler)
    I2S_Cmd                                  0x080022ed   Thumb Code    24  stm32f4xx_spi.o(i.I2S_Cmd)
    LCD_Clear                                0x08002305   Thumb Code    40  stm324xg_eval_lcd.o(i.LCD_Clear)
    LCD_CtrlLinesConfig                      0x0800232d   Thumb Code   286  stm324xg_eval_lcd.o(i.LCD_CtrlLinesConfig)
    LCD_DisplayChar                          0x0800245d   Thumb Code    42  stm324xg_eval_lcd.o(i.LCD_DisplayChar)
    LCD_DisplayStringLine                    0x0800248d   Thumb Code    72  stm324xg_eval_lcd.o(i.LCD_DisplayStringLine)
    LCD_DrawChar                             0x080024d9   Thumb Code   160  stm324xg_eval_lcd.o(i.LCD_DrawChar)
    LCD_FSMCConfig                           0x08002585   Thumb Code    98  stm324xg_eval_lcd.o(i.LCD_FSMCConfig)
    LCD_GetFont                              0x080025e9   Thumb Code     6  stm324xg_eval_lcd.o(i.LCD_GetFont)
    LCD_LED_Init                             0x080025f5   Thumb Code   118  main.o(i.LCD_LED_Init)
    LCD_ReadReg                              0x080026cd   Thumb Code    12  stm324xg_eval_lcd.o(i.LCD_ReadReg)
    LCD_SetBackColor                         0x080026d9   Thumb Code    12  stm324xg_eval_lcd.o(i.LCD_SetBackColor)
    LCD_SetCursor                            0x080026e9   Thumb Code    24  stm324xg_eval_lcd.o(i.LCD_SetCursor)
    LCD_SetFont                              0x08002701   Thumb Code     6  stm324xg_eval_lcd.o(i.LCD_SetFont)
    LCD_SetTextColor                         0x0800270d   Thumb Code    12  stm324xg_eval_lcd.o(i.LCD_SetTextColor)
    LCD_WriteRAM                             0x0800271d   Thumb Code     8  stm324xg_eval_lcd.o(i.LCD_WriteRAM)
    LCD_WriteRAM_Prepare                     0x08002725   Thumb Code    10  stm324xg_eval_lcd.o(i.LCD_WriteRAM_Prepare)
    LCD_WriteReg                             0x0800272f   Thumb Code    10  stm324xg_eval_lcd.o(i.LCD_WriteReg)
    LEDS_CGI_Handler                         0x08002739   Thumb Code   146  httpd_cgi_ssi.o(i.LEDS_CGI_Handler)
    LwIP_Init                                0x080027f5   Thumb Code   170  netconf_1.o(i.LwIP_Init)
    LwIP_Periodic_Handle                     0x080028d9   Thumb Code    52  netconf_1.o(i.LwIP_Periodic_Handle)
    LwIP_Pkt_Handle                          0x08002915   Thumb Code    10  netconf_1.o(i.LwIP_Pkt_Handle)
    MemManage_Handler                        0x08002925   Thumb Code     4  stm32f4xx_it.o(i.MemManage_Handler)
    NMI_Handler                              0x08002929   Thumb Code     2  stm32f4xx_it.o(i.NMI_Handler)
    NVIC_Init                                0x0800292d   Thumb Code   106  misc.o(i.NVIC_Init)
    NVIC_PriorityGroupConfig                 0x080029a5   Thumb Code    10  misc.o(i.NVIC_PriorityGroupConfig)
    OTG_HS_EP1_IN_IRQHandler                 0x080029b9   Thumb Code    10  stm32f4xx_it.o(i.OTG_HS_EP1_IN_IRQHandler)
    OTG_HS_EP1_OUT_IRQHandler                0x080029c9   Thumb Code    10  stm32f4xx_it.o(i.OTG_HS_EP1_OUT_IRQHandler)
    OTG_HS_IRQHandler                        0x080029d9   Thumb Code    10  stm32f4xx_it.o(i.OTG_HS_IRQHandler)
    OTG_HS_WKUP_IRQHandler                   0x080029e9   Thumb Code    40  stm32f4xx_it.o(i.OTG_HS_WKUP_IRQHandler)
    PendSV_Handler                           0x08002a19   Thumb Code     2  stm32f4xx_it.o(i.PendSV_Handler)
    RCC_AHB1PeriphClockCmd                   0x08002a1d   Thumb Code    26  stm32f4xx_rcc.o(i.RCC_AHB1PeriphClockCmd)
    RCC_AHB1PeriphResetCmd                   0x08002a3d   Thumb Code    26  stm32f4xx_rcc.o(i.RCC_AHB1PeriphResetCmd)
    RCC_AHB3PeriphClockCmd                   0x08002a5d   Thumb Code    26  stm32f4xx_rcc.o(i.RCC_AHB3PeriphClockCmd)
    RCC_APB2PeriphClockCmd                   0x08002a7d   Thumb Code    26  stm32f4xx_rcc.o(i.RCC_APB2PeriphClockCmd)
    RCC_GetClocksFreq                        0x08002a9d   Thumb Code   214  stm32f4xx_rcc.o(i.RCC_GetClocksFreq)
    RCC_MCO1Config                           0x08002b85   Thumb Code    24  stm32f4xx_rcc.o(i.RCC_MCO1Config)
    STM324xG_LCD_Init                        0x08002ba1   Thumb Code  1050  stm324xg_eval_lcd.o(i.STM324xG_LCD_Init)
    STM_EVAL_COMInit                         0x08002fc1   Thumb Code   220  stm32f4_evb.o(i.STM_EVAL_COMInit)
    STM_EVAL_LEDInit                         0x080030d1   Thumb Code    62  stm32f4_evb.o(i.STM_EVAL_LEDInit)
    STM_EVAL_LEDOff                          0x0800311d   Thumb Code    16  stm32f4_evb.o(i.STM_EVAL_LEDOff)
    STM_EVAL_LEDOn                           0x08003135   Thumb Code    16  stm32f4_evb.o(i.STM_EVAL_LEDOn)
    STM_EVAL_LEDToggle                       0x0800314d   Thumb Code    26  stm32f4_evb.o(i.STM_EVAL_LEDToggle)
    SVC_Handler                              0x08003171   Thumb Code     2  stm32f4xx_it.o(i.SVC_Handler)
    SYSCFG_ETH_MediaInterfaceConfig          0x08003175   Thumb Code     6  stm32f4xx_syscfg.o(i.SYSCFG_ETH_MediaInterfaceConfig)
    SysTick_Handler                          0x080032a5   Thumb Code    12  stm32f4xx_it.o(i.SysTick_Handler)
    SystemInit                               0x080032b1   Thumb Code    88  system_stm32f4xx.o(i.SystemInit)
    Time_Update                              0x08003319   Thumb Code    12  main.o(i.Time_Update)
    TimingDelay_Decrement                    0x08003329   Thumb Code    18  main.o(i.TimingDelay_Decrement)
    USART1_IRQHandler                        0x08003341   Thumb Code    22  stm32f4xx_it.o(i.USART1_IRQHandler)
    USART3_IRQHandler                        0x0800335d   Thumb Code    40  usbd_cdc_vcp.o(i.USART3_IRQHandler)
    USART_Cmd                                0x08003389   Thumb Code    24  stm32f4xx_usart.o(i.USART_Cmd)
    USART_GetFlagStatus                      0x080033a1   Thumb Code    26  stm32f4xx_usart.o(i.USART_GetFlagStatus)
    USART_GetITStatus                        0x080033bb   Thumb Code    84  stm32f4xx_usart.o(i.USART_GetITStatus)
    USART_ITConfig                           0x0800340f   Thumb Code    74  stm32f4xx_usart.o(i.USART_ITConfig)
    USART_Init                               0x08003459   Thumb Code   204  stm32f4xx_usart.o(i.USART_Init)
    USART_ReceiveData                        0x0800352d   Thumb Code    10  stm32f4xx_usart.o(i.USART_ReceiveData)
    USART_SendData                           0x08003537   Thumb Code     8  stm32f4xx_usart.o(i.USART_SendData)
    USBD_ClrCfg                              0x0800353f   Thumb Code    22  usbd_core.o(i.USBD_ClrCfg)
    USBD_CtlContinueRx                       0x0800359d   Thumb Code    30  usbd_ioreq.o(i.USBD_CtlContinueRx)
    USBD_CtlContinueSendData                 0x080035bb   Thumb Code    30  usbd_ioreq.o(i.USBD_CtlContinueSendData)
    USBD_CtlError                            0x080035d9   Thumb Code    30  usbd_req.o(i.USBD_CtlError)
    USBD_CtlPrepareRx                        0x080035f7   Thumb Code    46  usbd_ioreq.o(i.USBD_CtlPrepareRx)
    USBD_CtlReceiveStatus                    0x08003625   Thumb Code    36  usbd_ioreq.o(i.USBD_CtlReceiveStatus)
    USBD_CtlSendData                         0x08003649   Thumb Code    46  usbd_ioreq.o(i.USBD_CtlSendData)
    USBD_CtlSendStatus                       0x08003677   Thumb Code    36  usbd_ioreq.o(i.USBD_CtlSendStatus)
    USBD_GetString                           0x08003a79   Thumb Code    82  usbd_req.o(i.USBD_GetString)
    USBD_OTG_EP1IN_ISR_Handler               0x08003af1   Thumb Code   232  usb_dcd_int.o(i.USBD_OTG_EP1IN_ISR_Handler)
    USBD_OTG_EP1OUT_ISR_Handler              0x08003bdd   Thumb Code   122  usb_dcd_int.o(i.USBD_OTG_EP1OUT_ISR_Handler)
    USBD_OTG_ISR_Handler                     0x08003c5d   Thumb Code   256  usb_dcd_int.o(i.USBD_OTG_ISR_Handler)
    USBD_ParseSetupRequest                   0x08003d5d   Thumb Code    72  usbd_req.o(i.USBD_ParseSetupRequest)
    USBD_SetCfg                              0x08003e7f   Thumb Code    30  usbd_core.o(i.USBD_SetCfg)
    USBD_StdDevReq                           0x08004065   Thumb Code   114  usbd_req.o(i.USBD_StdDevReq)
    USBD_StdEPReq                            0x080040d9   Thumb Code   344  usbd_req.o(i.USBD_StdEPReq)
    USBD_StdItfReq                           0x08004235   Thumb Code    76  usbd_req.o(i.USBD_StdItfReq)
    USBD_USR_ConfigStrDescriptor             0x080042a1   Thumb Code    34  usbd_desc.o(i.USBD_USR_ConfigStrDescriptor)
    USBD_USR_DeviceDescriptor                0x080042d5   Thumb Code    10  usbd_desc.o(i.USBD_USR_DeviceDescriptor)
    USBD_USR_InterfaceStrDescriptor          0x080042e5   Thumb Code    34  usbd_desc.o(i.USBD_USR_InterfaceStrDescriptor)
    USBD_USR_LangIDStrDescriptor             0x0800431d   Thumb Code    10  usbd_desc.o(i.USBD_USR_LangIDStrDescriptor)
    USBD_USR_ManufacturerStrDescriptor       0x0800432d   Thumb Code    20  usbd_desc.o(i.USBD_USR_ManufacturerStrDescriptor)
    USBD_USR_ProductStrDescriptor            0x08004359   Thumb Code    34  usbd_desc.o(i.USBD_USR_ProductStrDescriptor)
    USBD_USR_SerialStrDescriptor             0x080043c9   Thumb Code    34  usbd_desc.o(i.USBD_USR_SerialStrDescriptor)
    USB_OTG_BSP_uDelay                       0x08004431   Thumb Code    30  usb_bsp.o(i.USB_OTG_BSP_uDelay)
    USB_OTG_EP0Activate                      0x0800444f   Thumb Code   106  usb_core.o(i.USB_OTG_EP0Activate)
    USB_OTG_EP0StartXfer                     0x080044b9   Thumb Code   342  usb_core.o(i.USB_OTG_EP0StartXfer)
    USB_OTG_EP0_OutStart                     0x0800460f   Thumb Code    98  usb_core.o(i.USB_OTG_EP0_OutStart)
    USB_OTG_EPActivate                       0x08004671   Thumb Code   176  usb_core.o(i.USB_OTG_EPActivate)
    USB_OTG_EPClearStall                     0x08004721   Thumb Code    80  usb_core.o(i.USB_OTG_EPClearStall)
    USB_OTG_EPDeactivate                     0x08004771   Thumb Code   118  usb_core.o(i.USB_OTG_EPDeactivate)
    USB_OTG_EPSetStall                       0x080047e7   Thumb Code   100  usb_core.o(i.USB_OTG_EPSetStall)
    USB_OTG_EPStartXfer                      0x0800484b   Thumb Code   502  usb_core.o(i.USB_OTG_EPStartXfer)
    USB_OTG_FlushTxFifo                      0x08004a41   Thumb Code    80  usb_core.o(i.USB_OTG_FlushTxFifo)
    USB_OTG_GetDeviceSpeed                   0x08004a95   Thumb Code    52  usb_core.o(i.USB_OTG_GetDeviceSpeed)
    USB_OTG_GetMode                          0x08004ac9   Thumb Code    12  usb_core.o(i.USB_OTG_GetMode)
    USB_OTG_IsDeviceMode                     0x08004ad5   Thumb Code    22  usb_core.o(i.USB_OTG_IsDeviceMode)
    USB_OTG_ReadCoreItr                      0x08004aeb   Thumb Code    16  usb_core.o(i.USB_OTG_ReadCoreItr)
    USB_OTG_ReadDevAllInEPItr                0x08004afb   Thumb Code    16  usb_core.o(i.USB_OTG_ReadDevAllInEPItr)
    USB_OTG_ReadDevAllOutEp_itr              0x08004b0b   Thumb Code    16  usb_core.o(i.USB_OTG_ReadDevAllOutEp_itr)
    USB_OTG_ReadDevOutEP_itr                 0x08004b1b   Thumb Code    20  usb_core.o(i.USB_OTG_ReadDevOutEP_itr)
    USB_OTG_ReadPacket                       0x08004b2f   Thumb Code    40  usb_core.o(i.USB_OTG_ReadPacket)
    USB_OTG_UngateClock                      0x08004b57   Thumb Code    54  usb_core.o(i.USB_OTG_UngateClock)
    USB_OTG_WritePacket                      0x08004b8d   Thumb Code    64  usb_core.o(i.USB_OTG_WritePacket)
    UsageFault_Handler                       0x08004bcd   Thumb Code     4  stm32f4xx_it.o(i.UsageFault_Handler)
    __0sprintf$1                             0x08004e71   Thumb Code    34  printf1.o(i.__0sprintf$1)
    __1sprintf$1                             0x08004e71   Thumb Code     0  printf1.o(i.__0sprintf$1)
    __2sprintf                               0x08004e71   Thumb Code     0  printf1.o(i.__0sprintf$1)
    __scatterload_copy                       0x08004e99   Thumb Code    14  handlers.o(i.__scatterload_copy)
    __scatterload_null                       0x08004ea7   Thumb Code     2  handlers.o(i.__scatterload_null)
    __scatterload_zeroinit                   0x08004ea9   Thumb Code    14  handlers.o(i.__scatterload_zeroinit)
    autoip_arp_reply                         0x08005045   Thumb Code   176  autoip.o(i.autoip_arp_reply)
    autoip_start                             0x08005187   Thumb Code    96  autoip.o(i.autoip_start)
    dhcp_arp_reply                           0x0800525d   Thumb Code    46  dhcp.o(i.dhcp_arp_reply)
    etharp_arp_input                         0x08005545   Thumb Code   340  etharp.o(i.etharp_arp_input)
    etharp_ip_input                          0x0800569d   Thumb Code    60  etharp.o(i.etharp_ip_input)
    etharp_output                            0x080056d9   Thumb Code   190  etharp.o(i.etharp_output)
    etharp_query                             0x0800579d   Thumb Code   386  etharp.o(i.etharp_query)
    etharp_raw                               0x08005925   Thumb Code   212  etharp.o(i.etharp_raw)
    etharp_request                           0x080059fd   Thumb Code    36  etharp.o(i.etharp_request)
    etharp_tmr                               0x08005a6d   Thumb Code   154  etharp.o(i.etharp_tmr)
    ethernet_input                           0x08005b0d   Thumb Code   108  etharp.o(i.ethernet_input)
    ethernetif_init                          0x08005b79   Thumb Code    38  ethernetif.o(i.ethernetif_init)
    ethernetif_input                         0x08005ba9   Thumb Code    44  ethernetif.o(i.ethernetif_input)
    fs_bytes_left                            0x08005e6b   Thumb Code    10  fs.o(i.fs_bytes_left)
    fs_close                                 0x08005e75   Thumb Code    12  fs.o(i.fs_close)
    fs_open                                  0x08005ef1   Thumb Code    70  fs.o(i.fs_open)
    fs_read                                  0x08005f3d   Thumb Code    62  fs.o(i.fs_read)
    htonl                                    0x08006059   Thumb Code    26  inet.o(i.htonl)
    htons                                    0x08006073   Thumb Code    12  inet.o(i.htons)
    http_set_cgi_handlers                    0x08006abd   Thumb Code    18  httpd.o(i.http_set_cgi_handlers)
    http_set_ssi_handler                     0x08006ad9   Thumb Code    26  httpd.o(i.http_set_ssi_handler)
    httpd_cgi_init                           0x08006b99   Thumb Code    20  httpd_cgi_ssi.o(i.httpd_cgi_init)
    httpd_init                               0x08006bb5   Thumb Code    18  httpd.o(i.httpd_init)
    httpd_ssi_init                           0x08006c19   Thumb Code    16  httpd_cgi_ssi.o(i.httpd_ssi_init)
    icmp_dest_unreach                        0x08006c31   Thumb Code    18  icmp.o(i.icmp_dest_unreach)
    icmp_input                               0x08006c43   Thumb Code   368  icmp.o(i.icmp_input)
    icmp_time_exceeded                       0x08006e1f   Thumb Code    18  icmp.o(i.icmp_time_exceeded)
    inet_chksum                              0x08006e31   Thumb Code    20  inet_chksum.o(i.inet_chksum)
    inet_chksum_pbuf                         0x08006e45   Thumb Code    86  inet_chksum.o(i.inet_chksum_pbuf)
    ip_addr_isbroadcast                      0x08006e9b   Thumb Code    78  ip_addr.o(i.ip_addr_isbroadcast)
    ip_frag                                  0x08006ee9   Thumb Code   326  ip_frag.o(i.ip_frag)
    ip_input                                 0x08007035   Thumb Code   446  ip.o(i.ip_input)
    ip_output                                0x08007201   Thumb Code    52  ip.o(i.ip_output)
    ip_output_if                             0x08007235   Thumb Code   246  ip.o(i.ip_output_if)
    ip_reass                                 0x08007331   Thumb Code   400  ip_frag.o(i.ip_reass)
    ip_route                                 0x080077b5   Thumb Code    70  ip.o(i.ip_route)
    main                                     0x080079b5   Thumb Code    46  main.o(i.main)
    mem_free                                 0x080079e9   Thumb Code    68  mem.o(i.mem_free)
    mem_init                                 0x08007a39   Thumb Code    80  mem.o(i.mem_init)
    mem_malloc                               0x08007a9d   Thumb Code   228  mem.o(i.mem_malloc)
    mem_realloc                              0x08007b8d   Thumb Code   288  mem.o(i.mem_realloc)
    memp_free                                0x08007cb9   Thumb Code    28  memp.o(i.memp_free)
    memp_init                                0x08007cd9   Thumb Code    82  memp.o(i.memp_init)
    memp_malloc                              0x08007d3d   Thumb Code    40  memp.o(i.memp_malloc)
    netif_add                                0x08007d69   Thumb Code   100  netif.o(i.netif_add)
    netif_is_up                              0x08007dd5   Thumb Code    12  netif.o(i.netif_is_up)
    netif_set_addr                           0x08007de1   Thumb Code    40  netif.o(i.netif_set_addr)
    netif_set_default                        0x08007e09   Thumb Code     6  netif.o(i.netif_set_default)
    netif_set_down                           0x08007e15   Thumb Code    24  netif.o(i.netif_set_down)
    netif_set_gw                             0x08007e2d   Thumb Code    12  netif.o(i.netif_set_gw)
    netif_set_ipaddr                         0x08007e39   Thumb Code   110  netif.o(i.netif_set_ipaddr)
    netif_set_netmask                        0x08007eb1   Thumb Code    12  netif.o(i.netif_set_netmask)
    netif_set_up                             0x08007ebd   Thumb Code    44  netif.o(i.netif_set_up)
    ntohl                                    0x08007ee9   Thumb Code    12  inet.o(i.ntohl)
    ntohs                                    0x08007ef5   Thumb Code    12  inet.o(i.ntohs)
    pbuf_alloc                               0x08007f01   Thumb Code   414  pbuf.o(i.pbuf_alloc)
    pbuf_cat                                 0x0800809f   Thumb Code    56  pbuf.o(i.pbuf_cat)
    pbuf_chain                               0x080080d7   Thumb Code    22  pbuf.o(i.pbuf_chain)
    pbuf_clen                                0x080080ed   Thumb Code    18  pbuf.o(i.pbuf_clen)
    pbuf_copy                                0x080080ff   Thumb Code   182  pbuf.o(i.pbuf_copy)
    pbuf_copy_partial                        0x080081b5   Thumb Code   146  pbuf.o(i.pbuf_copy_partial)
    pbuf_free                                0x08008247   Thumb Code   110  pbuf.o(i.pbuf_free)
    pbuf_header                              0x080082b5   Thumb Code   126  pbuf.o(i.pbuf_header)
    pbuf_realloc                             0x08008333   Thumb Code   120  pbuf.o(i.pbuf_realloc)
    pbuf_ref                                 0x080083ab   Thumb Code    10  pbuf.o(i.pbuf_ref)
    pbuf_take                                0x080083b5   Thumb Code   116  pbuf.o(i.pbuf_take)
    raw_input                                0x080084b1   Thumb Code   100  raw.o(i.raw_input)
    tcp_abandon                              0x08008565   Thumb Code   148  tcp.o(i.tcp_abandon)
    tcp_accept                               0x08008601   Thumb Code     4  tcp.o(i.tcp_accept)
    tcp_alloc                                0x0800860d   Thumb Code   170  tcp.o(i.tcp_alloc)
    tcp_arg                                  0x080086c5   Thumb Code     4  tcp.o(i.tcp_arg)
    tcp_bind                                 0x080086c9   Thumb Code   228  tcp.o(i.tcp_bind)
    tcp_close                                0x080087bd   Thumb Code   234  tcp.o(i.tcp_close)
    tcp_connect                              0x080088b9   Thumb Code   266  tcp.o(i.tcp_connect)
    tcp_echoclient_connect                   0x080089d1   Thumb Code    40  tcp_echoclient.o(i.tcp_echoclient_connect)
    tcp_eff_send_mss                         0x08008c3f   Thumb Code    46  tcp.o(i.tcp_eff_send_mss)
    tcp_enqueue                              0x08008c6d   Thumb Code  1014  tcp_out.o(i.tcp_enqueue)
    tcp_err                                  0x08009063   Thumb Code     6  tcp.o(i.tcp_err)
    tcp_fasttmr                              0x08009069   Thumb Code   114  tcp.o(i.tcp_fasttmr)
    tcp_input                                0x080090e1   Thumb Code  1120  tcp_in.o(i.tcp_input)
    tcp_keepalive                            0x0800954d   Thumb Code    82  tcp_out.o(i.tcp_keepalive)
    tcp_listen_with_backlog                  0x08009769   Thumb Code   192  tcp.o(i.tcp_listen_with_backlog)
    tcp_new                                  0x08009839   Thumb Code    10  tcp.o(i.tcp_new)
    tcp_next_iss                             0x080098bd   Thumb Code    20  tcp.o(i.tcp_next_iss)
    tcp_output                               0x080098d9   Thumb Code   474  tcp_out.o(i.tcp_output)
    tcp_pcb_purge                            0x08009cc9   Thumb Code    54  tcp.o(i.tcp_pcb_purge)
    tcp_pcb_remove                           0x08009d01   Thumb Code   146  tcp.o(i.tcp_pcb_remove)
    tcp_poll                                 0x08009d99   Thumb Code    10  tcp.o(i.tcp_poll)
    tcp_recv                                 0x0800a959   Thumb Code     6  tcp.o(i.tcp_recv)
    tcp_recv_null                            0x0800a95f   Thumb Code    46  tcp.o(i.tcp_recv_null)
    tcp_recved                               0x0800a98d   Thumb Code    70  tcp.o(i.tcp_recved)
    tcp_rexmit                               0x0800a9d3   Thumb Code    80  tcp_out.o(i.tcp_rexmit)
    tcp_rexmit_fast                          0x0800aa23   Thumb Code   114  tcp_out.o(i.tcp_rexmit_fast)
    tcp_rexmit_rto                           0x0800aa95   Thumb Code    58  tcp_out.o(i.tcp_rexmit_rto)
    tcp_rst                                  0x0800aacf   Thumb Code   170  tcp_out.o(i.tcp_rst)
    tcp_seg_free                             0x0800ab79   Thumb Code    32  tcp.o(i.tcp_seg_free)
    tcp_segs_free                            0x0800ab99   Thumb Code    30  tcp.o(i.tcp_segs_free)
    tcp_send_ctrl                            0x0800abb7   Thumb Code    28  tcp_out.o(i.tcp_send_ctrl)
    tcp_send_empty_ack                       0x0800abd3   Thumb Code    94  tcp_out.o(i.tcp_send_empty_ack)
    tcp_sent                                 0x0800ac31   Thumb Code     6  tcp.o(i.tcp_sent)
    tcp_setprio                              0x0800ac37   Thumb Code     4  tcp.o(i.tcp_setprio)
    tcp_slowtmr                              0x0800ac3d   Thumb Code   712  tcp.o(i.tcp_slowtmr)
    tcp_tmr                                  0x0800afd1   Thumb Code    30  tcp.o(i.tcp_tmr)
    tcp_update_rcv_ann_wnd                   0x0800aff5   Thumb Code    72  tcp.o(i.tcp_update_rcv_ann_wnd)
    tcp_write                                0x0800b03d   Thumb Code    72  tcp_out.o(i.tcp_write)
    tcp_zero_window_probe                    0x0800b085   Thumb Code   168  tcp_out.o(i.tcp_zero_window_probe)
    udp_bind                                 0x0800b12d   Thumb Code   106  udp.o(i.udp_bind)
    udp_input                                0x0800b19d   Thumb Code   452  udp.o(i.udp_input)
    udp_sendto_if                            0x0800b365   Thumb Code   202  udp.o(i.udp_sendto_if)
    file__STM32F4x7_files_logo_jpg           0x0801a828   Data          20  fs.o(.constdata)
    file__STM32F4x7_files_ST_gif             0x0801a83c   Data          20  fs.o(.constdata)
    file__STM32F4x7_files_stm32_jpg          0x0801a850   Data          20  fs.o(.constdata)
    file__STM32F4x7_files_Thumbs_db          0x0801a864   Data          20  fs.o(.constdata)
    file__404_html                           0x0801a878   Data          20  fs.o(.constdata)
    file__index_html                         0x0801a88c   Data          20  fs.o(.constdata)
    file__STM32F4x7ADC_shtml                 0x0801a8a0   Data          20  fs.o(.constdata)
    file__STM32F4x7LED_html                  0x0801a8b4   Data          20  fs.o(.constdata)
    g_psDefaultFilenames                     0x0801a8c8   Data          40  httpd.o(.constdata)
    g_pcTagLeadIn                            0x0801a8f0   Data           4  httpd.o(.constdata)
    g_pcTagLeadOut                           0x0801a8f4   Data           4  httpd.o(.constdata)
    LEDS_CGI                                 0x0801a8f8   Data           8  httpd_cgi_ssi.o(.constdata)
    AUDIO_SAMPLE                             0x0801a900   Data       109912  audio_sample.o(.constdata)
    GPIO_PIN                                 0x08035658   Data           8  stm32f4_evb.o(.constdata)
    GPIO_CLK                                 0x08035660   Data          16  stm32f4_evb.o(.constdata)
    BUTTON_PIN                               0x08035670   Data           6  stm32f4_evb.o(.constdata)
    BUTTON_CLK                               0x08035678   Data          12  stm32f4_evb.o(.constdata)
    BUTTON_EXTI_LINE                         0x08035684   Data           6  stm32f4_evb.o(.constdata)
    BUTTON_PORT_SOURCE                       0x0803568a   Data           6  stm32f4_evb.o(.constdata)
    BUTTON_PIN_SOURCE                        0x08035690   Data           6  stm32f4_evb.o(.constdata)
    BUTTON_IRQn                              0x08035696   Data           6  stm32f4_evb.o(.constdata)
    COM_USART_CLK                            0x0803569c   Data           4  stm32f4_evb.o(.constdata)
    COM_TX_PORT_CLK                          0x080356a0   Data           4  stm32f4_evb.o(.constdata)
    COM_RX_PORT_CLK                          0x080356a4   Data           4  stm32f4_evb.o(.constdata)
    COM_TX_PIN                               0x080356a8   Data           2  stm32f4_evb.o(.constdata)
    COM_RX_PIN                               0x080356aa   Data           2  stm32f4_evb.o(.constdata)
    COM_TX_PIN_SOURCE                        0x080356ac   Data           2  stm32f4_evb.o(.constdata)
    COM_RX_PIN_SOURCE                        0x080356ae   Data           2  stm32f4_evb.o(.constdata)
    COM_TX_AF                                0x080356b0   Data           2  stm32f4_evb.o(.constdata)
    COM_RX_AF                                0x080356b2   Data           2  stm32f4_evb.o(.constdata)
    ASCII16x24_Table                         0x080356b4   Data        4560  stm324xg_eval_lcd.o(.constdata)
    ASCII12x12_Table                         0x08036884   Data        2304  stm324xg_eval_lcd.o(.constdata)
    ASCII8x12_Table                          0x08037184   Data        2304  stm324xg_eval_lcd.o(.constdata)
    ASCII8x8_Table                           0x08037a84   Data        1536  stm324xg_eval_lcd.o(.constdata)
    tcp_backoff                              0x080380a8   Data          13  tcp.o(.constdata)
    tcp_persist_backoff                      0x080380b5   Data           7  tcp.o(.constdata)
    ip_addr_any                              0x080380bc   Data           4  ip_addr.o(.constdata)
    ip_addr_broadcast                        0x080380c0   Data           4  ip_addr.o(.constdata)
    ethbroadcast                             0x080380c4   Data           6  etharp.o(.constdata)
    ethzero                                  0x080380ca   Data           6  etharp.o(.constdata)
    Region$$Table$$Base                      0x080381c4   Number         0  anon$$obj.o(Region$$Table)
    Region$$Table$$Limit                     0x080381e4   Number         0  anon$$obj.o(Region$$Table)
    LocalTime                                0x20000000   Data           4  main.o(.data)
    timingdelay                              0x20000008   Data           4  main.o(.data)
    g_pcSSIExtensions                        0x2000000c   Data          16  httpd.o(.data)
    g_pfnSSIHandler                          0x2000001c   Data           4  httpd.o(.data)
    g_iNumTags                               0x20000020   Data           4  httpd.o(.data)
    g_ppcTags                                0x20000024   Data           4  httpd.o(.data)
    g_pCGIs                                  0x20000028   Data           4  httpd.o(.data)
    g_iNumCGIs                               0x2000002c   Data           4  httpd.o(.data)
    ADC_Page_SSI_Handler                     0x20000030   Data           4  httpd_cgi_ssi.o(.data)
    ADC_not_configured                       0x20000034   Data           4  httpd_cgi_ssi.o(.data)
    TAGCHAR                                  0x20000038   Data           4  httpd_cgi_ssi.o(.data)
    TAGS                                     0x2000003c   Data           4  httpd_cgi_ssi.o(.data)
    CGI_TAB                                  0x20000040   Data           8  httpd_cgi_ssi.o(.data)
    linecoding                               0x20000048   Data           8  usbd_cdc_vcp.o(.data)
    VCP_fops                                 0x20000050   Data          20  usbd_cdc_vcp.o(.data)
    USR_desc                                 0x20000064   Data          28  usbd_desc.o(.data)
    USBD_DeviceDesc                          0x20000080   Data          18  usbd_desc.o(.data)
    USBD_DeviceQualifierDesc                 0x20000092   Data          10  usbd_desc.o(.data)
    USBD_LangIDDesc                          0x2000009c   Data           4  usbd_desc.o(.data)
    TCPTimer                                 0x200000a0   Data           4  netconf_1.o(.data)
    ARPTimer                                 0x200000a4   Data           4  netconf_1.o(.data)
    IPaddress                                0x200000a8   Data           4  netconf_1.o(.data)
    EthInitStatus                            0x200000ac   Data           4  stm32f4x7_eth_bsp_1.o(.data)
    EthLinkStatus                            0x200000b0   Data           1  stm32f4x7_eth_bsp_1.o(.data)
    message_count                            0x200000b4   Data           4  tcp_echoclient.o(.data)
    echoclient_pcb                           0x200000b8   Data           4  tcp_echoclient.o(.data)
    GPIO_PORT                                0x200000bc   Data          16  stm32f4_evb.o(.data)
    BUTTON_PORT                              0x200000cc   Data          12  stm32f4_evb.o(.data)
    COM_USART                                0x200000d8   Data           4  stm32f4_evb.o(.data)
    COM_TX_PORT                              0x200000dc   Data           4  stm32f4_evb.o(.data)
    COM_RX_PORT                              0x200000e0   Data           4  stm32f4_evb.o(.data)
    NVIC_InitStructure                       0x200000e4   Data           4  stm32f4_evb.o(.data)
    AudioTotalSize                           0x200000e8   Data           4  stm32f4_evb_audio_codec.o(.data)
    AudioRemSize                             0x200000ec   Data           4  stm32f4_evb_audio_codec.o(.data)
    CurrentPos                               0x200000f0   Data           4  stm32f4_evb_audio_codec.o(.data)
    cid                                      0x200000f4   Data           4  stm32f4_evb_audio_codec.o(.data)
    revid                                    0x200000f8   Data           4  stm32f4_evb_audio_codec.o(.data)
    CODECTimeout                             0x200000fc   Data           4  stm32f4_evb_audio_codec.o(.data)
    OutputDev                                0x20000100   Data           1  stm32f4_evb_audio_codec.o(.data)
    Font16x24                                0x20000104   Data           8  stm324xg_eval_lcd.o(.data)
    Font12x12                                0x2000010c   Data           8  stm324xg_eval_lcd.o(.data)
    Font8x12                                 0x20000114   Data           8  stm324xg_eval_lcd.o(.data)
    Font8x8                                  0x2000011c   Data           8  stm324xg_eval_lcd.o(.data)
    DMATxDescToSet                           0x2000013c   Data           4  stm32f4x7_eth.o(.data)
    DMARxDescToGet                           0x20000140   Data           4  stm32f4x7_eth.o(.data)
    DMA_RX_FRAME_infos                       0x20000144   Data           4  stm32f4x7_eth.o(.data)
    Frame_Rx_index                           0x20000148   Data           4  stm32f4x7_eth.o(.data)
    SET_TEST_MODE                            0x2000014c   Data           4  usbd_core.o(.data)
    USBD_DCD_INT_cb                          0x20000150   Data          44  usbd_core.o(.data)
    USBD_DCD_INT_fops                        0x2000017c   Data           4  usbd_core.o(.data)
    USBD_ep_status                           0x20000180   Data           4  usbd_req.o(.data)
    USBD_default_cfg                         0x20000184   Data           4  usbd_req.o(.data)
    USBD_cfg_status                          0x20000188   Data           4  usbd_req.o(.data)
    CmdBuff                                  0x20000194   Data           8  usbd_cdc_core.o(.data)
    APP_Rx_ptr_in                            0x2000019c   Data           4  usbd_cdc_core.o(.data)
    APP_Rx_ptr_out                           0x200001a0   Data           4  usbd_cdc_core.o(.data)
    APP_Rx_length                            0x200001a4   Data           4  usbd_cdc_core.o(.data)
    USB_Tx_State                             0x200001a8   Data           1  usbd_cdc_core.o(.data)
    USBD_CDC_cb                              0x200001b4   Data          48  usbd_cdc_core.o(.data)
    usbd_cdc_CfgDesc                         0x200001e4   Data          67  usbd_cdc_core.o(.data)
    usbd_cdc_OtherCfgDesc                    0x20000227   Data          67  usbd_cdc_core.o(.data)
    netif_list                               0x20000284   Data           4  netif.o(.data)
    netif_default                            0x20000288   Data           4  netif.o(.data)
    tcp_state_str                            0x20000294   Data          44  tcp.o(.data)
    tcp_ticks                                0x200002c0   Data           4  tcp.o(.data)
    tcp_bound_pcbs                           0x200002c4   Data           4  tcp.o(.data)
    tcp_listen_pcbs                          0x200002c8   Data           4  tcp.o(.data)
    tcp_active_pcbs                          0x200002cc   Data           4  tcp.o(.data)
    tcp_tw_pcbs                              0x200002d0   Data           4  tcp.o(.data)
    tcp_tmp_pcb                              0x200002d4   Data           4  tcp.o(.data)
    tcp_input_pcb                            0x200002fc   Data           4  tcp_in.o(.data)
    udp_pcbs                                 0x20000300   Data           4  udp.o(.data)
    current_netif                            0x20000304   Data           4  ip.o(.data)
    current_header                           0x20000308   Data           4  ip.o(.data)
    USB_OTG_dev                              0x20000318   Data        1524  main.o(.bss)
    fs_memory                                0x2000090c   Data         240  fs.o(.bss)
    USART_InitStructure                      0x20000dfc   Data          16  usbd_cdc_vcp.o(.bss)
    netif                                    0x20000e0c   Data          56  netconf_1.o(.bss)
    recev_buf                                0x20000e44   Data          50  tcp_echoclient.o(.bss)
    data                                     0x20000e76   Data         100  tcp_echoclient.o(.bss)
    AUDIO_MAL_DMA_InitStructure              0x20000f18   Data          60  stm32f4_evb_audio_codec.o(.bss)
    DMARxDscrTab                             0x20000f54   Data         160  stm32f4x7_eth.o(.bss)
    DMATxDscrTab                             0x20000ff4   Data         160  stm32f4x7_eth.o(.bss)
    Rx_Buff                                  0x20001094   Data        7620  stm32f4x7_eth.o(.bss)
    Tx_Buff                                  0x20002e58   Data        7620  stm32f4x7_eth.o(.bss)
    RX_Frame_Descriptor                      0x20004c1c   Data          12  stm32f4x7_eth.o(.bss)
    USBD_StrDesc                             0x20004c28   Data         255  usbd_req.o(.bss)
    USB_Rx_Buffer                            0x20004d27   Data         512  usbd_cdc_core.o(.bss)
    APP_Rx_Buffer                            0x20004f27   Data        2048  usbd_cdc_core.o(.bss)
    __initial_sp                             0x2000d788   Data           0  startup_stm32f40xx.o(STACK)



==============================================================================

Memory Map of the image

  Image Entry point : 0x08000189

  Load Region LR_IROM1 (Base: 0x08000000, Size: 0x000384fc, Max: 0x00100000, ABSOLUTE, COMPRESSED[0x0003835c])

    Execution Region ER_IROM1 (Base: 0x08000000, Size: 0x000381e4, Max: 0x00100000, ABSOLUTE)

    Base Addr    Size         Type   Attr      Idx    E Section Name        Object

    0x08000000   0x00000188   Data   RO         7169    RESET               startup_stm32f40xx.o
    0x08000188   0x00000000   Code   RO         9454  * .ARM.Collect$$$$00000000  mc_w.l(entry.o)
    0x08000188   0x00000004   Code   RO         9750    .ARM.Collect$$$$00000001  mc_w.l(entry2.o)
    0x0800018c   0x00000004   Code   RO         9753    .ARM.Collect$$$$00000004  mc_w.l(entry5.o)
    0x08000190   0x00000000   Code   RO         9755    .ARM.Collect$$$$00000008  mc_w.l(entry7b.o)
    0x08000190   0x00000000   Code   RO         9757    .ARM.Collect$$$$0000000A  mc_w.l(entry8b.o)
    0x08000190   0x00000008   Code   RO         9758    .ARM.Collect$$$$0000000B  mc_w.l(entry9a.o)
    0x08000198   0x00000000   Code   RO         9760    .ARM.Collect$$$$0000000D  mc_w.l(entry10a.o)
    0x08000198   0x00000000   Code   RO         9762    .ARM.Collect$$$$0000000F  mc_w.l(entry11a.o)
    0x08000198   0x00000004   Code   RO         9751    .ARM.Collect$$$$00002712  mc_w.l(entry2.o)
    0x0800019c   0x00000024   Code   RO         7170    .text               startup_stm32f40xx.o
    0x080001c0   0x00000024   Code   RO         9459    .text               mc_w.l(memcpya.o)
    0x080001e4   0x00000024   Code   RO         9461    .text               mc_w.l(memseta.o)
    0x08000208   0x00000024   Code   RO         9463    .text               mc_w.l(strstr.o)
    0x0800022c   0x00000014   Code   RO         9465    .text               mc_w.l(strchr.o)
    0x08000240   0x0000000e   Code   RO         9467    .text               mc_w.l(strlen.o)
    0x0800024e   0x0000001c   Code   RO         9469    .text               mc_w.l(strcmp.o)
    0x0800026a   0x0000001a   Code   RO         9471    .text               mc_w.l(memcmp.o)
    0x08000284   0x0000001e   Code   RO         9473    .text               mc_w.l(strncmp.o)
    0x080002a2   0x000000e4   Code   RO         9738    .text               mf_w.l(dmul.o)
    0x08000386   0x0000001a   Code   RO         9742    .text               mf_w.l(dfltui.o)
    0x080003a0   0x00000032   Code   RO         9744    .text               mf_w.l(dfixui.o)
    0x080003d2   0x0000002c   Code   RO         9765    .text               mc_w.l(uidiv.o)
    0x080003fe   0x0000001e   Code   RO         9767    .text               mc_w.l(llshl.o)
    0x0800041c   0x00000020   Code   RO         9769    .text               mc_w.l(llushr.o)
    0x0800043c   0x00000000   Code   RO         9771    .text               mc_w.l(iusefp.o)
    0x0800043c   0x000000ba   Code   RO         9772    .text               mf_w.l(depilogue.o)
    0x080004f6   0x00000002   PAD
    0x080004f8   0x00000024   Code   RO         9780    .text               mc_w.l(init.o)
    0x0800051c   0x00000056   Code   RO         9792    .text               mc_w.l(__dczerorl2.o)
    0x08000572   0x00000016   Code   RO         2283    i.ADC_Cmd           stm32f4xx_adc.o
    0x08000588   0x00000030   Code   RO         2284    i.ADC_CommonInit    stm32f4xx_adc.o
    0x080005b8   0x0000008c   Code   RO          686    i.ADC_Configuration  httpd_cgi_ssi.o
    0x08000644   0x00000008   Code   RO         2295    i.ADC_GetConversionValue  stm32f4xx_adc.o
    0x0800064c   0x000000e0   Code   RO          687    i.ADC_Handler       httpd_cgi_ssi.o
    0x0800072c   0x00000054   Code   RO         2303    i.ADC_Init          stm32f4xx_adc.o
    0x08000780   0x000000b8   Code   RO         2308    i.ADC_RegularChannelConfig  stm32f4xx_adc.o
    0x08000838   0x0000000a   Code   RO         2310    i.ADC_SoftwareStartConv  stm32f4xx_adc.o
    0x08000842   0x00000014   Code   RO         2312    i.ADC_StructInit    stm32f4xx_adc.o
    0x08000856   0x00000002   PAD
    0x08000858   0x00000040   Code   RO         1769    i.Audio_MAL_Play    stm32f4_evb_audio_codec.o
    0x08000898   0x00000004   Code   RO          314    i.BusFault_Handler  stm32f4xx_it.o
    0x0800089c   0x00000004   Code   RO         1781    i.Codec_Play        stm32f4_evb_audio_codec.o
    0x080008a0   0x0000004a   Code   RO         7758    i.DCD_EP_Close      usb_dcd.o
    0x080008ea   0x00000048   Code   RO         7759    i.DCD_EP_ClrStall   usb_dcd.o
    0x08000932   0x00000068   Code   RO         7761    i.DCD_EP_Open       usb_dcd.o
    0x0800099a   0x00000052   Code   RO         7762    i.DCD_EP_PrepareRx  usb_dcd.o
    0x080009ec   0x0000001c   Code   RO         7763    i.DCD_EP_SetAddress  usb_dcd.o
    0x08000a08   0x00000048   Code   RO         7764    i.DCD_EP_Stall      usb_dcd.o
    0x08000a50   0x0000004e   Code   RO         7765    i.DCD_EP_Tx         usb_dcd.o
    0x08000a9e   0x00000066   Code   RO         7852    i.DCD_HandleEnumDone_ISR  usb_dcd_int.o
    0x08000b04   0x00000144   Code   RO         7853    i.DCD_HandleInEP_ISR  usb_dcd_int.o
    0x08000c48   0x00000100   Code   RO         7854    i.DCD_HandleOutEP_ISR  usb_dcd_int.o
    0x08000d48   0x00000068   Code   RO         7855    i.DCD_HandleResume_ISR  usb_dcd_int.o
    0x08000db0   0x000000b0   Code   RO         7856    i.DCD_HandleRxStatusQueueLevel_ISR  usb_dcd_int.o
    0x08000e60   0x0000002c   Code   RO         7857    i.DCD_HandleSof_ISR  usb_dcd_int.o
    0x08000e8c   0x000000a8   Code   RO         7858    i.DCD_HandleUSBSuspend_ISR  usb_dcd_int.o
    0x08000f34   0x00000110   Code   RO         7859    i.DCD_HandleUsbReset_ISR  usb_dcd_int.o
    0x08001044   0x0000002c   Code   RO         7860    i.DCD_IsoINIncomplete_ISR  usb_dcd_int.o
    0x08001070   0x0000002c   Code   RO         7861    i.DCD_IsoOUTIncomplete_ISR  usb_dcd_int.o
    0x0800109c   0x0000002c   Code   RO         7862    i.DCD_OTG_ISR       usb_dcd_int.o
    0x080010c8   0x00000028   Code   RO         7863    i.DCD_ReadDevInEP   usb_dcd_int.o
    0x080010f0   0x0000002c   Code   RO         7864    i.DCD_SessionRequest_ISR  usb_dcd_int.o
    0x0800111c   0x00000090   Code   RO         7865    i.DCD_WriteEmptyTxFifo  usb_dcd_int.o
    0x080011ac   0x000000c8   Code   RO         1788    i.DMA1_Stream4_IRQHandler  stm32f4_evb_audio_codec.o
    0x08001274   0x00000034   Code   RO         3260    i.DMA_ClearFlag     stm32f4xx_dma.o
    0x080012a8   0x00000016   Code   RO         3262    i.DMA_Cmd           stm32f4xx_dma.o
    0x080012be   0x00000014   Code   RO         3267    i.DMA_GetCmdStatus  stm32f4xx_dma.o
    0x080012d2   0x00000002   PAD
    0x080012d4   0x00000044   Code   RO         3271    i.DMA_GetFlagStatus  stm32f4xx_dma.o
    0x08001318   0x00000058   Code   RO         3274    i.DMA_Init          stm32f4xx_dma.o
    0x08001370   0x00000002   Code   RO          315    i.DebugMon_Handler  stm32f4xx_it.o
    0x08001372   0x00000002   PAD
    0x08001374   0x00000078   Code   RO         1083    i.ETH_BSP_Config    stm32f4x7_eth_bsp_1.o
    0x080013ec   0x000000c8   Code   RO         6539    i.ETH_CheckFrameReceived  stm32f4x7_eth.o
    0x080014b4   0x00000024   Code   RO         6543    i.ETH_DMAReceptionCmd  stm32f4x7_eth.o
    0x080014d8   0x00000064   Code   RO         6544    i.ETH_DMARxDescChainInit  stm32f4x7_eth.o
    0x0800153c   0x00000024   Code   RO         6546    i.ETH_DMATransmissionCmd  stm32f4x7_eth.o
    0x08001560   0x00000050   Code   RO         6549    i.ETH_DMATxDescChainInit  stm32f4x7_eth.o
    0x080015b0   0x00000008   Code   RO         6550    i.ETH_DMATxDescChecksumInsertionConfig  stm32f4x7_eth.o
    0x080015b8   0x00000016   Code   RO         6555    i.ETH_DeInit        stm32f4x7_eth.o
    0x080015ce   0x0000001c   Code   RO         6556    i.ETH_Delay         stm32f4x7_eth.o
    0x080015ea   0x00000002   PAD
    0x080015ec   0x00000014   Code   RO         6558    i.ETH_FlushTransmitFIFO  stm32f4x7_eth.o
    0x08001600   0x0000015c   Code   RO         1084    i.ETH_GPIO_Config   stm32f4x7_eth_bsp_1.o
    0x0800175c   0x00000018   Code   RO         6584    i.ETH_GetSoftwareResetStatus  stm32f4x7_eth.o
    0x08001774   0x0000005c   Code   RO         6586    i.ETH_Get_Received_Frame  stm32f4x7_eth.o
    0x080017d0   0x00000298   Code   RO         6589    i.ETH_Init          stm32f4x7_eth.o
    0x08001a68   0x00000034   Code   RO         6591    i.ETH_MACAddressConfig  stm32f4x7_eth.o
    0x08001a9c   0x00000080   Code   RO         1085    i.ETH_MACDMA_Config  stm32f4x7_eth_bsp_1.o
    0x08001b1c   0x00000024   Code   RO         6596    i.ETH_MACReceptionCmd  stm32f4x7_eth.o
    0x08001b40   0x00000024   Code   RO         6597    i.ETH_MACTransmissionCmd  stm32f4x7_eth.o
    0x08001b64   0x000000e8   Code   RO         6608    i.ETH_Prepare_Transmit_Descriptors  stm32f4x7_eth.o
    0x08001c4c   0x0000006c   Code   RO         6609    i.ETH_ReadPHYRegister  stm32f4x7_eth.o
    0x08001cb8   0x00000014   Code   RO         6617    i.ETH_SoftwareReset  stm32f4x7_eth.o
    0x08001ccc   0x00000020   Code   RO         6618    i.ETH_Start         stm32f4x7_eth.o
    0x08001cec   0x000000b2   Code   RO         6619    i.ETH_StructInit    stm32f4x7_eth.o
    0x08001d9e   0x00000002   PAD
    0x08001da0   0x00000068   Code   RO         6621    i.ETH_WritePHYRegister  stm32f4x7_eth.o
    0x08001e08   0x0000007c   Code   RO         1794    i.EVAL_AUDIO_Play   stm32f4_evb_audio_codec.o
    0x08001e84   0x00000018   Code   RO            8    i.EVAL_AUDIO_TransferComplete_CallBack  main.o
    0x08001e9c   0x0000003c   Code   RO          316    i.EXTI15_10_IRQHandler  stm32f4xx_it.o
    0x08001ed8   0x00000010   Code   RO          317    i.EXTI2_IRQHandler  stm32f4xx_it.o
    0x08001ee8   0x0000000c   Code   RO         3393    i.EXTI_ClearITPendingBit  stm32f4xx_exti.o
    0x08001ef4   0x00000018   Code   RO         3397    i.EXTI_GetITStatus  stm32f4xx_exti.o
    0x08001f0c   0x000000d0   Code   RO         1087    i.Eth_Link_ITHandler  stm32f4x7_eth_bsp_1.o
    0x08001fdc   0x00000046   Code   RO         1088    i.Eth_Link_PHYITConfig  stm32f4x7_eth_bsp_1.o
    0x08002022   0x00000002   PAD
    0x08002024   0x00000034   Code   RO         3727    i.FSMC_NORSRAMCmd   stm32f4xx_fsmc.o
    0x08002058   0x000000e6   Code   RO         3729    i.FSMC_NORSRAMInit  stm32f4xx_fsmc.o
    0x0800213e   0x00000090   Code   RO         3849    i.GPIO_Init         stm32f4xx_gpio.o
    0x080021ce   0x00000046   Code   RO         3850    i.GPIO_PinAFConfig  stm32f4xx_gpio.o
    0x08002214   0x000000d4   Code   RO         7448    i.Handle_USBAsynchXfer  usbd_cdc_core.o
    0x080022e8   0x00000004   Code   RO          318    i.HardFault_Handler  stm32f4xx_it.o
    0x080022ec   0x00000018   Code   RO         5486    i.I2S_Cmd           stm32f4xx_spi.o
    0x08002304   0x00000028   Code   RO         1952    i.LCD_Clear         stm324xg_eval_lcd.o
    0x0800232c   0x00000130   Code   RO         1956    i.LCD_CtrlLinesConfig  stm324xg_eval_lcd.o
    0x0800245c   0x00000030   Code   RO         1958    i.LCD_DisplayChar   stm324xg_eval_lcd.o
    0x0800248c   0x0000004c   Code   RO         1961    i.LCD_DisplayStringLine  stm324xg_eval_lcd.o
    0x080024d8   0x000000ac   Code   RO         1962    i.LCD_DrawChar      stm324xg_eval_lcd.o
    0x08002584   0x00000062   Code   RO         1970    i.LCD_FSMCConfig    stm324xg_eval_lcd.o
    0x080025e6   0x00000002   PAD
    0x080025e8   0x0000000c   Code   RO         1973    i.LCD_GetFont       stm324xg_eval_lcd.o
    0x080025f4   0x000000d8   Code   RO            9    i.LCD_LED_Init      main.o
    0x080026cc   0x0000000c   Code   RO         1979    i.LCD_ReadReg       stm324xg_eval_lcd.o
    0x080026d8   0x00000010   Code   RO         1980    i.LCD_SetBackColor  stm324xg_eval_lcd.o
    0x080026e8   0x00000018   Code   RO         1982    i.LCD_SetCursor     stm324xg_eval_lcd.o
    0x08002700   0x0000000c   Code   RO         1984    i.LCD_SetFont       stm324xg_eval_lcd.o
    0x0800270c   0x00000010   Code   RO         1985    i.LCD_SetTextColor  stm324xg_eval_lcd.o
    0x0800271c   0x00000008   Code   RO         1988    i.LCD_WriteRAM      stm324xg_eval_lcd.o
    0x08002724   0x0000000a   Code   RO         1989    i.LCD_WriteRAM_Prepare  stm324xg_eval_lcd.o
    0x0800272e   0x0000000a   Code   RO         1990    i.LCD_WriteReg      stm324xg_eval_lcd.o
    0x08002738   0x000000bc   Code   RO          688    i.LEDS_CGI_Handler  httpd_cgi_ssi.o
    0x080027f4   0x000000e4   Code   RO         1021    i.LwIP_Init         netconf_1.o
    0x080028d8   0x0000003c   Code   RO         1022    i.LwIP_Periodic_Handle  netconf_1.o
    0x08002914   0x00000010   Code   RO         1023    i.LwIP_Pkt_Handle   netconf_1.o
    0x08002924   0x00000004   Code   RO          319    i.MemManage_Handler  stm32f4xx_it.o
    0x08002928   0x00000002   Code   RO          320    i.NMI_Handler       stm32f4xx_it.o
    0x0800292a   0x00000002   PAD
    0x0800292c   0x00000078   Code   RO         2229    i.NVIC_Init         misc.o
    0x080029a4   0x00000014   Code   RO         2230    i.NVIC_PriorityGroupConfig  misc.o
    0x080029b8   0x00000010   Code   RO          321    i.OTG_HS_EP1_IN_IRQHandler  stm32f4xx_it.o
    0x080029c8   0x00000010   Code   RO          322    i.OTG_HS_EP1_OUT_IRQHandler  stm32f4xx_it.o
    0x080029d8   0x00000010   Code   RO          323    i.OTG_HS_IRQHandler  stm32f4xx_it.o
    0x080029e8   0x00000030   Code   RO          324    i.OTG_HS_WKUP_IRQHandler  stm32f4xx_it.o
    0x08002a18   0x00000002   Code   RO          325    i.PendSV_Handler    stm32f4xx_it.o
    0x08002a1a   0x00000002   PAD
    0x08002a1c   0x00000020   Code   RO         4532    i.RCC_AHB1PeriphClockCmd  stm32f4xx_rcc.o
    0x08002a3c   0x00000020   Code   RO         4534    i.RCC_AHB1PeriphResetCmd  stm32f4xx_rcc.o
    0x08002a5c   0x00000020   Code   RO         4538    i.RCC_AHB3PeriphClockCmd  stm32f4xx_rcc.o
    0x08002a7c   0x00000020   Code   RO         4544    i.RCC_APB2PeriphClockCmd  stm32f4xx_rcc.o
    0x08002a9c   0x000000e8   Code   RO         4553    i.RCC_GetClocksFreq  stm32f4xx_rcc.o
    0x08002b84   0x0000001c   Code   RO         4565    i.RCC_MCO1Config    stm32f4xx_rcc.o
    0x08002ba0   0x00000420   Code   RO         1992    i.STM324xG_LCD_Init  stm324xg_eval_lcd.o
    0x08002fc0   0x00000110   Code   RO         1200    i.STM_EVAL_COMInit  stm32f4_evb.o
    0x080030d0   0x0000004c   Code   RO         1201    i.STM_EVAL_LEDInit  stm32f4_evb.o
    0x0800311c   0x00000018   Code   RO         1202    i.STM_EVAL_LEDOff   stm32f4_evb.o
    0x08003134   0x00000018   Code   RO         1203    i.STM_EVAL_LEDOn    stm32f4_evb.o
    0x0800314c   0x00000024   Code   RO         1204    i.STM_EVAL_LEDToggle  stm32f4_evb.o
    0x08003170   0x00000002   Code   RO          326    i.SVC_Handler       stm32f4xx_it.o
    0x08003172   0x00000002   PAD
    0x08003174   0x0000000c   Code   RO         5656    i.SYSCFG_ETH_MediaInterfaceConfig  stm32f4xx_syscfg.o
    0x08003180   0x00000124   Code   RO         7063    i.SetSysClock       system_stm32f4xx.o
    0x080032a4   0x0000000c   Code   RO          327    i.SysTick_Handler   stm32f4xx_it.o
    0x080032b0   0x00000068   Code   RO         7065    i.SystemInit        system_stm32f4xx.o
    0x08003318   0x00000010   Code   RO           10    i.Time_Update       main.o
    0x08003328   0x00000018   Code   RO           11    i.TimingDelay_Decrement  main.o
    0x08003340   0x0000001c   Code   RO          328    i.USART1_IRQHandler  stm32f4xx_it.o
    0x0800335c   0x0000002c   Code   RO          822    i.USART3_IRQHandler  usbd_cdc_vcp.o
    0x08003388   0x00000018   Code   RO         6284    i.USART_Cmd         stm32f4xx_usart.o
    0x080033a0   0x0000001a   Code   RO         6287    i.USART_GetFlagStatus  stm32f4xx_usart.o
    0x080033ba   0x00000054   Code   RO         6288    i.USART_GetITStatus  stm32f4xx_usart.o
    0x0800340e   0x0000004a   Code   RO         6290    i.USART_ITConfig    stm32f4xx_usart.o
    0x08003458   0x000000d4   Code   RO         6291    i.USART_Init        stm32f4xx_usart.o
    0x0800352c   0x0000000a   Code   RO         6298    i.USART_ReceiveData  stm32f4xx_usart.o
    0x08003536   0x00000008   Code   RO         6301    i.USART_SendData    stm32f4xx_usart.o
    0x0800353e   0x00000016   Code   RO         7177    i.USBD_ClrCfg       usbd_core.o
    0x08003554   0x00000048   Code   RO         7345    i.USBD_ClrFeature   usbd_req.o
    0x0800359c   0x0000001e   Code   RO         7285    i.USBD_CtlContinueRx  usbd_ioreq.o
    0x080035ba   0x0000001e   Code   RO         7286    i.USBD_CtlContinueSendData  usbd_ioreq.o
    0x080035d8   0x0000001e   Code   RO         7346    i.USBD_CtlError     usbd_req.o
    0x080035f6   0x0000002e   Code   RO         7287    i.USBD_CtlPrepareRx  usbd_ioreq.o
    0x08003624   0x00000024   Code   RO         7288    i.USBD_CtlReceiveStatus  usbd_ioreq.o
    0x08003648   0x0000002e   Code   RO         7289    i.USBD_CtlSendData  usbd_ioreq.o
    0x08003676   0x00000024   Code   RO         7290    i.USBD_CtlSendStatus  usbd_ioreq.o
    0x0800369a   0x000000d0   Code   RO         7178    i.USBD_DataInStage  usbd_core.o
    0x0800376a   0x00000096   Code   RO         7179    i.USBD_DataOutStage  usbd_core.o
    0x08003800   0x00000018   Code   RO         7181    i.USBD_DevConnected  usbd_core.o
    0x08003818   0x00000024   Code   RO         7182    i.USBD_DevDisconnected  usbd_core.o
    0x0800383c   0x00000054   Code   RO         7347    i.USBD_GetConfig    usbd_req.o
    0x08003890   0x00000184   Code   RO         7348    i.USBD_GetDescriptor  usbd_req.o
    0x08003a14   0x00000014   Code   RO         7349    i.USBD_GetLen       usbd_req.o
    0x08003a28   0x00000050   Code   RO         7350    i.USBD_GetStatus    usbd_req.o
    0x08003a78   0x00000052   Code   RO         7351    i.USBD_GetString    usbd_req.o
    0x08003aca   0x00000012   Code   RO         7184    i.USBD_IsoINIncomplete  usbd_core.o
    0x08003adc   0x00000012   Code   RO         7185    i.USBD_IsoOUTIncomplete  usbd_core.o
    0x08003aee   0x00000002   PAD
    0x08003af0   0x000000ec   Code   RO         7866    i.USBD_OTG_EP1IN_ISR_Handler  usb_dcd_int.o
    0x08003bdc   0x00000080   Code   RO         7867    i.USBD_OTG_EP1OUT_ISR_Handler  usb_dcd_int.o
    0x08003c5c   0x00000100   Code   RO         7868    i.USBD_OTG_ISR_Handler  usb_dcd_int.o
    0x08003d5c   0x00000048   Code   RO         7352    i.USBD_ParseSetupRequest  usbd_req.o
    0x08003da4   0x00000032   Code   RO         7186    i.USBD_Reset        usbd_core.o
    0x08003dd6   0x0000001e   Code   RO         7187    i.USBD_Resume       usbd_core.o
    0x08003df4   0x00000014   Code   RO         7188    i.USBD_RunTestMode  usbd_core.o
    0x08003e08   0x0000001a   Code   RO         7189    i.USBD_SOF          usbd_core.o
    0x08003e22   0x0000005c   Code   RO         7353    i.USBD_SetAddress   usbd_req.o
    0x08003e7e   0x0000001e   Code   RO         7190    i.USBD_SetCfg       usbd_core.o
    0x08003e9c   0x000000d0   Code   RO         7354    i.USBD_SetConfig    usbd_req.o
    0x08003f6c   0x000000a4   Code   RO         7355    i.USBD_SetFeature   usbd_req.o
    0x08004010   0x00000054   Code   RO         7191    i.USBD_SetupStage   usbd_core.o
    0x08004064   0x00000072   Code   RO         7356    i.USBD_StdDevReq    usbd_req.o
    0x080040d6   0x00000002   PAD
    0x080040d8   0x0000015c   Code   RO         7357    i.USBD_StdEPReq     usbd_req.o
    0x08004234   0x0000004c   Code   RO         7358    i.USBD_StdItfReq    usbd_req.o
    0x08004280   0x00000020   Code   RO         7192    i.USBD_Suspend      usbd_core.o
    0x080042a0   0x00000034   Code   RO          884    i.USBD_USR_ConfigStrDescriptor  usbd_desc.o
    0x080042d4   0x00000010   Code   RO          885    i.USBD_USR_DeviceDescriptor  usbd_desc.o
    0x080042e4   0x00000038   Code   RO          886    i.USBD_USR_InterfaceStrDescriptor  usbd_desc.o
    0x0800431c   0x00000010   Code   RO          887    i.USBD_USR_LangIDStrDescriptor  usbd_desc.o
    0x0800432c   0x0000002c   Code   RO          888    i.USBD_USR_ManufacturerStrDescriptor  usbd_desc.o
    0x08004358   0x00000070   Code   RO          889    i.USBD_USR_ProductStrDescriptor  usbd_desc.o
    0x080043c8   0x00000048   Code   RO          890    i.USBD_USR_SerialStrDescriptor  usbd_desc.o
    0x08004410   0x00000010   Code   RO         7449    i.USBD_cdc_GetCfgDesc  usbd_cdc_core.o
    0x08004420   0x00000010   Code   RO         7450    i.USBD_cdc_GetOtherCfgDesc  usbd_cdc_core.o
    0x08004430   0x0000001e   Code   RO          780    i.USB_OTG_BSP_uDelay  usb_bsp.o
    0x0800444e   0x0000006a   Code   RO         7529    i.USB_OTG_EP0Activate  usb_core.o
    0x080044b8   0x00000156   Code   RO         7530    i.USB_OTG_EP0StartXfer  usb_core.o
    0x0800460e   0x00000062   Code   RO         7531    i.USB_OTG_EP0_OutStart  usb_core.o
    0x08004670   0x000000b0   Code   RO         7532    i.USB_OTG_EPActivate  usb_core.o
    0x08004720   0x00000050   Code   RO         7533    i.USB_OTG_EPClearStall  usb_core.o
    0x08004770   0x00000076   Code   RO         7534    i.USB_OTG_EPDeactivate  usb_core.o
    0x080047e6   0x00000064   Code   RO         7535    i.USB_OTG_EPSetStall  usb_core.o
    0x0800484a   0x000001f6   Code   RO         7536    i.USB_OTG_EPStartXfer  usb_core.o
    0x08004a40   0x00000054   Code   RO         7541    i.USB_OTG_FlushTxFifo  usb_core.o
    0x08004a94   0x00000034   Code   RO         7542    i.USB_OTG_GetDeviceSpeed  usb_core.o
    0x08004ac8   0x0000000c   Code   RO         7544    i.USB_OTG_GetMode   usb_core.o
    0x08004ad4   0x00000016   Code   RO         7546    i.USB_OTG_IsDeviceMode  usb_core.o
    0x08004aea   0x00000010   Code   RO         7548    i.USB_OTG_ReadCoreItr  usb_core.o
    0x08004afa   0x00000010   Code   RO         7549    i.USB_OTG_ReadDevAllInEPItr  usb_core.o
    0x08004b0a   0x00000010   Code   RO         7550    i.USB_OTG_ReadDevAllOutEp_itr  usb_core.o
    0x08004b1a   0x00000014   Code   RO         7551    i.USB_OTG_ReadDevOutEP_itr  usb_core.o
    0x08004b2e   0x00000028   Code   RO         7553    i.USB_OTG_ReadPacket  usb_core.o
    0x08004b56   0x00000036   Code   RO         7558    i.USB_OTG_UngateClock  usb_core.o
    0x08004b8c   0x00000040   Code   RO         7559    i.USB_OTG_WritePacket  usb_core.o
    0x08004bcc   0x00000004   Code   RO          329    i.UsageFault_Handler  stm32f4xx_it.o
    0x08004bd0   0x00000108   Code   RO          823    i.VCP_COMConfig     usbd_cdc_vcp.o
    0x08004cd8   0x000000a8   Code   RO          824    i.VCP_Ctrl          usbd_cdc_vcp.o
    0x08004d80   0x00000030   Code   RO          825    i.VCP_DataRx        usbd_cdc_vcp.o
    0x08004db0   0x00000064   Code   RO          826    i.VCP_DataTx        usbd_cdc_vcp.o
    0x08004e14   0x00000004   Code   RO          827    i.VCP_DeInit        usbd_cdc_vcp.o
    0x08004e18   0x00000058   Code   RO          828    i.VCP_Init          usbd_cdc_vcp.o
    0x08004e70   0x00000028   Code   RO         9524    i.__0sprintf$1      mc_w.l(printf1.o)
    0x08004e98   0x0000000e   Code   RO         9786    i.__scatterload_copy  mc_w.l(handlers.o)
    0x08004ea6   0x00000002   Code   RO         9787    i.__scatterload_null  mc_w.l(handlers.o)
    0x08004ea8   0x0000000e   Code   RO         9788    i.__scatterload_zeroinit  mc_w.l(handlers.o)
    0x08004eb6   0x00000002   PAD
    0x08004eb8   0x00000154   Code   RO         9529    i._printf_core      mc_w.l(printf1.o)
    0x0800500c   0x0000000a   Code   RO         9531    i._sputc            mc_w.l(printf1.o)
    0x08005016   0x00000002   PAD
    0x08005018   0x0000002c   Code   RO         9000    i.autoip_arp_announce  autoip.o
    0x08005044   0x000000b0   Code   RO         9002    i.autoip_arp_reply  autoip.o
    0x080050f4   0x00000064   Code   RO         9004    i.autoip_create_addr  autoip.o
    0x08005158   0x0000002e   Code   RO         9005    i.autoip_handle_arp_conflict  autoip.o
    0x08005186   0x00000060   Code   RO         9008    i.autoip_start      autoip.o
    0x080051e6   0x00000050   Code   RO         9009    i.autoip_start_probing  autoip.o
    0x08005236   0x00000002   PAD
    0x08005238   0x00000024   Code   RO         1993    i.delay             stm324xg_eval_lcd.o
    0x0800525c   0x0000002e   Code   RO         8010    i.dhcp_arp_reply    dhcp.o
    0x0800528a   0x00000002   PAD
    0x0800528c   0x0000012c   Code   RO         8014    i.dhcp_create_request  dhcp.o
    0x080053b8   0x00000090   Code   RO         8015    i.dhcp_decline      dhcp.o
    0x08005448   0x00000032   Code   RO         8016    i.dhcp_delete_request  dhcp.o
    0x0800547a   0x00000020   Code   RO         8028    i.dhcp_option       dhcp.o
    0x0800549a   0x00000012   Code   RO         8029    i.dhcp_option_byte  dhcp.o
    0x080054ac   0x00000042   Code   RO         8030    i.dhcp_option_long  dhcp.o
    0x080054ee   0x00000046   Code   RO         8032    i.dhcp_option_trailer  dhcp.o
    0x08005534   0x0000000e   Code   RO         8039    i.dhcp_set_state    dhcp.o
    0x08005542   0x00000002   PAD
    0x08005544   0x00000158   Code   RO         9305    i.etharp_arp_input  etharp.o
    0x0800569c   0x0000003c   Code   RO         9307    i.etharp_ip_input   etharp.o
    0x080056d8   0x000000c4   Code   RO         9308    i.etharp_output     etharp.o
    0x0800579c   0x00000188   Code   RO         9309    i.etharp_query      etharp.o
    0x08005924   0x000000d8   Code   RO         9310    i.etharp_raw        etharp.o
    0x080059fc   0x0000002c   Code   RO         9311    i.etharp_request    etharp.o
    0x08005a28   0x00000042   Code   RO         9312    i.etharp_send_ip    etharp.o
    0x08005a6a   0x00000002   PAD
    0x08005a6c   0x000000a0   Code   RO         9313    i.etharp_tmr        etharp.o
    0x08005b0c   0x0000006c   Code   RO         9314    i.ethernet_input    etharp.o
    0x08005b78   0x00000030   Code   RO         9411    i.ethernetif_init   ethernetif.o
    0x08005ba8   0x0000002c   Code   RO         9412    i.ethernetif_input  ethernetif.o
    0x08005bd4   0x0000007e   Code   RO          508    i.extract_uri_parameters  httpd.o
    0x08005c52   0x00000002   PAD
    0x08005c54   0x000001ec   Code   RO         9315    i.find_entry        etharp.o
    0x08005e40   0x0000002a   Code   RO         9316    i.free_etharp_q     etharp.o
    0x08005e6a   0x0000000a   Code   RO          446    i.fs_bytes_left     fs.o
    0x08005e74   0x0000000c   Code   RO          447    i.fs_close          fs.o
    0x08005e80   0x00000034   Code   RO          448    i.fs_free           fs.o
    0x08005eb4   0x0000003c   Code   RO          449    i.fs_malloc         fs.o
    0x08005ef0   0x0000004c   Code   RO          450    i.fs_open           fs.o
    0x08005f3c   0x0000003e   Code   RO          451    i.fs_read           fs.o
    0x08005f7a   0x00000002   PAD
    0x08005f7c   0x000000dc   Code   RO          509    i.get_tag_insert    httpd.o
    0x08006058   0x0000001a   Code   RO         9107    i.htonl             inet.o
    0x08006072   0x0000000c   Code   RO         9108    i.htons             inet.o
    0x0800607e   0x00000002   PAD
    0x08006080   0x00000064   Code   RO          510    i.http_accept       httpd.o
    0x080060e4   0x00000050   Code   RO          511    i.http_close_conn   httpd.o
    0x08006134   0x00000012   Code   RO          512    i.http_err          httpd.o
    0x08006146   0x00000002   PAD
    0x08006148   0x00000144   Code   RO          513    i.http_find_file    httpd.o
    0x0800628c   0x0000005c   Code   RO          514    i.http_get_404_file  httpd.o
    0x080062e8   0x00000080   Code   RO          515    i.http_init_file    httpd.o
    0x08006368   0x00000138   Code   RO          516    i.http_parse_request  httpd.o
    0x080064a0   0x00000048   Code   RO          517    i.http_poll         httpd.o
    0x080064e8   0x00000090   Code   RO          518    i.http_recv         httpd.o
    0x08006578   0x00000520   Code   RO          519    i.http_send_data    httpd.o
    0x08006a98   0x00000024   Code   RO          520    i.http_sent         httpd.o
    0x08006abc   0x0000001c   Code   RO          521    i.http_set_cgi_handlers  httpd.o
    0x08006ad8   0x00000028   Code   RO          522    i.http_set_ssi_handler  httpd.o
    0x08006b00   0x0000001c   Code   RO          523    i.http_state_alloc  httpd.o
    0x08006b1c   0x0000002a   Code   RO          524    i.http_state_free   httpd.o
    0x08006b46   0x00000052   Code   RO          525    i.http_write        httpd.o
    0x08006b98   0x0000001c   Code   RO          689    i.httpd_cgi_init    httpd_cgi_ssi.o
    0x08006bb4   0x00000018   Code   RO          526    i.httpd_init        httpd.o
    0x08006bcc   0x0000004c   Code   RO          527    i.httpd_init_addr   httpd.o
    0x08006c18   0x00000018   Code   RO          690    i.httpd_ssi_init    httpd_cgi_ssi.o
    0x08006c30   0x00000012   Code   RO         9072    i.icmp_dest_unreach  icmp.o
    0x08006c42   0x00000170   Code   RO         9073    i.icmp_input        icmp.o
    0x08006db2   0x0000006c   Code   RO         9074    i.icmp_send_response  icmp.o
    0x08006e1e   0x00000012   Code   RO         9075    i.icmp_time_exceeded  icmp.o
    0x08006e30   0x00000014   Code   RO         9156    i.inet_chksum       inet_chksum.o
    0x08006e44   0x00000056   Code   RO         9157    i.inet_chksum_pbuf  inet_chksum.o
    0x08006e9a   0x0000004e   Code   RO         9231    i.ip_addr_isbroadcast  ip_addr.o
    0x08006ee8   0x0000014c   Code   RO         9253    i.ip_frag           ip_frag.o
    0x08007034   0x000001cc   Code   RO         9192    i.ip_input          ip.o
    0x08007200   0x00000034   Code   RO         9193    i.ip_output         ip.o
    0x08007234   0x000000fc   Code   RO         9194    i.ip_output_if      ip.o
    0x08007330   0x00000198   Code   RO         9254    i.ip_reass          ip_frag.o
    0x080074c8   0x00000168   Code   RO         9255    i.ip_reass_chain_frag_into_datagram_and_validate  ip_frag.o
    0x08007630   0x0000002c   Code   RO         9256    i.ip_reass_dequeue_datagram  ip_frag.o
    0x0800765c   0x00000054   Code   RO         9257    i.ip_reass_enqueue_new_datagram  ip_frag.o
    0x080076b0   0x00000088   Code   RO         9258    i.ip_reass_free_complete_datagram  ip_frag.o
    0x08007738   0x0000007c   Code   RO         9259    i.ip_reass_remove_oldest_datagram  ip_frag.o
    0x080077b4   0x00000050   Code   RO         9195    i.ip_route          ip.o
    0x08007804   0x00000080   Code   RO         9413    i.low_level_init    ethernetif.o
    0x08007884   0x000000ac   Code   RO         9414    i.low_level_input   ethernetif.o
    0x08007930   0x00000038   Code   RO         9415    i.low_level_output  ethernetif.o
    0x08007968   0x0000004a   Code   RO         9159    i.lwip_standard_chksum  inet_chksum.o
    0x080079b2   0x00000002   PAD
    0x080079b4   0x00000034   Code   RO           12    i.main              main.o
    0x080079e8   0x00000050   Code   RO         8268    i.mem_free          mem.o
    0x08007a38   0x00000064   Code   RO         8269    i.mem_init          mem.o
    0x08007a9c   0x000000f0   Code   RO         8270    i.mem_malloc        mem.o
    0x08007b8c   0x0000012c   Code   RO         8271    i.mem_realloc       mem.o
    0x08007cb8   0x00000020   Code   RO         8311    i.memp_free         memp.o
    0x08007cd8   0x00000064   Code   RO         8312    i.memp_init         memp.o
    0x08007d3c   0x0000002c   Code   RO         8313    i.memp_malloc       memp.o
    0x08007d68   0x0000006c   Code   RO         8353    i.netif_add         netif.o
    0x08007dd4   0x0000000c   Code   RO         8355    i.netif_is_up       netif.o
    0x08007de0   0x00000028   Code   RO         8357    i.netif_set_addr    netif.o
    0x08007e08   0x0000000c   Code   RO         8358    i.netif_set_default  netif.o
    0x08007e14   0x00000018   Code   RO         8359    i.netif_set_down    netif.o
    0x08007e2c   0x0000000c   Code   RO         8360    i.netif_set_gw      netif.o
    0x08007e38   0x00000078   Code   RO         8361    i.netif_set_ipaddr  netif.o
    0x08007eb0   0x0000000c   Code   RO         8362    i.netif_set_netmask  netif.o
    0x08007ebc   0x0000002c   Code   RO         8363    i.netif_set_up      netif.o
    0x08007ee8   0x0000000c   Code   RO         9112    i.ntohl             inet.o
    0x08007ef4   0x0000000c   Code   RO         9113    i.ntohs             inet.o
    0x08007f00   0x0000019e   Code   RO         8435    i.pbuf_alloc        pbuf.o
    0x0800809e   0x00000038   Code   RO         8436    i.pbuf_cat          pbuf.o
    0x080080d6   0x00000016   Code   RO         8437    i.pbuf_chain        pbuf.o
    0x080080ec   0x00000012   Code   RO         8438    i.pbuf_clen         pbuf.o
    0x080080fe   0x000000b6   Code   RO         8440    i.pbuf_copy         pbuf.o
    0x080081b4   0x00000092   Code   RO         8441    i.pbuf_copy_partial  pbuf.o
    0x08008246   0x0000006e   Code   RO         8443    i.pbuf_free         pbuf.o
    0x080082b4   0x0000007e   Code   RO         8444    i.pbuf_header       pbuf.o
    0x08008332   0x00000078   Code   RO         8445    i.pbuf_realloc      pbuf.o
    0x080083aa   0x0000000a   Code   RO         8446    i.pbuf_ref          pbuf.o
    0x080083b4   0x00000074   Code   RO         8447    i.pbuf_take         pbuf.o
    0x08008428   0x00000088   Code   RO         8272    i.plug_holes        mem.o
    0x080084b0   0x00000068   Code   RO         8524    i.raw_input         raw.o
    0x08008518   0x0000004a   Code   RO          528    i.strnstr           httpd.o
    0x08008562   0x00000002   PAD
    0x08008564   0x0000009c   Code   RO         8590    i.tcp_abandon       tcp.o
    0x08008600   0x00000004   Code   RO         8591    i.tcp_accept        tcp.o
    0x08008604   0x00000008   Code   RO         8592    i.tcp_accept_null   tcp.o
    0x0800860c   0x000000b8   Code   RO         8593    i.tcp_alloc         tcp.o
    0x080086c4   0x00000004   Code   RO         8594    i.tcp_arg           tcp.o
    0x080086c8   0x000000f4   Code   RO         8595    i.tcp_bind          tcp.o
    0x080087bc   0x000000fc   Code   RO         8596    i.tcp_close         tcp.o
    0x080088b8   0x00000118   Code   RO         8597    i.tcp_connect       tcp.o
    0x080089d0   0x00000034   Code   RO         1138    i.tcp_echoclient_connect  tcp_echoclient.o
    0x08008a04   0x000000d8   Code   RO         1139    i.tcp_echoclient_connected  tcp_echoclient.o
    0x08008adc   0x00000030   Code   RO         1140    i.tcp_echoclient_connection_close  tcp_echoclient.o
    0x08008b0c   0x0000003e   Code   RO         1141    i.tcp_echoclient_poll  tcp_echoclient.o
    0x08008b4a   0x00000002   PAD
    0x08008b4c   0x00000084   Code   RO         1142    i.tcp_echoclient_recv  tcp_echoclient.o
    0x08008bd0   0x00000050   Code   RO         1143    i.tcp_echoclient_send  tcp_echoclient.o
    0x08008c20   0x0000001e   Code   RO         1144    i.tcp_echoclient_sent  tcp_echoclient.o
    0x08008c3e   0x0000002e   Code   RO         8599    i.tcp_eff_send_mss  tcp.o
    0x08008c6c   0x000003f6   Code   RO         8835    i.tcp_enqueue       tcp_out.o
    0x08009062   0x00000006   Code   RO         8600    i.tcp_err           tcp.o
    0x08009068   0x00000078   Code   RO         8601    i.tcp_fasttmr       tcp.o
    0x080090e0   0x0000046c   Code   RO         8787    i.tcp_input         tcp_in.o
    0x0800954c   0x00000052   Code   RO         8836    i.tcp_keepalive     tcp_out.o
    0x0800959e   0x00000002   PAD
    0x080095a0   0x00000058   Code   RO         8602    i.tcp_kill_prio     tcp.o
    0x080095f8   0x0000003c   Code   RO         8603    i.tcp_kill_timewait  tcp.o
    0x08009634   0x00000134   Code   RO         8788    i.tcp_listen_input  tcp_in.o
    0x08009768   0x000000d0   Code   RO         8604    i.tcp_listen_with_backlog  tcp.o
    0x08009838   0x0000000a   Code   RO         8605    i.tcp_new           tcp.o
    0x08009842   0x00000002   PAD
    0x08009844   0x00000078   Code   RO         8606    i.tcp_new_port      tcp.o
    0x080098bc   0x0000001c   Code   RO         8607    i.tcp_next_iss      tcp.o
    0x080098d8   0x000001e0   Code   RO         8837    i.tcp_output        tcp_out.o
    0x08009ab8   0x000000cc   Code   RO         8838    i.tcp_output_segment  tcp_out.o
    0x08009b84   0x0000008a   Code   RO         8839    i.tcp_output_set_header  tcp_out.o
    0x08009c0e   0x00000002   PAD
    0x08009c10   0x000000b8   Code   RO         8789    i.tcp_parseopt      tcp_in.o
    0x08009cc8   0x00000036   Code   RO         8608    i.tcp_pcb_purge     tcp.o
    0x08009cfe   0x00000002   PAD
    0x08009d00   0x00000098   Code   RO         8609    i.tcp_pcb_remove    tcp.o
    0x08009d98   0x0000000a   Code   RO         8610    i.tcp_poll          tcp.o
    0x08009da2   0x00000002   PAD
    0x08009da4   0x00000584   Code   RO         8790    i.tcp_process       tcp_in.o
    0x0800a328   0x00000630   Code   RO         8791    i.tcp_receive       tcp_in.o
    0x0800a958   0x00000006   Code   RO         8611    i.tcp_recv          tcp.o
    0x0800a95e   0x0000002e   Code   RO         8612    i.tcp_recv_null     tcp.o
    0x0800a98c   0x00000046   Code   RO         8613    i.tcp_recved        tcp.o
    0x0800a9d2   0x00000050   Code   RO         8840    i.tcp_rexmit        tcp_out.o
    0x0800aa22   0x00000072   Code   RO         8841    i.tcp_rexmit_fast   tcp_out.o
    0x0800aa94   0x0000003a   Code   RO         8842    i.tcp_rexmit_rto    tcp_out.o
    0x0800aace   0x000000aa   Code   RO         8843    i.tcp_rst           tcp_out.o
    0x0800ab78   0x00000020   Code   RO         8614    i.tcp_seg_free      tcp.o
    0x0800ab98   0x0000001e   Code   RO         8615    i.tcp_segs_free     tcp.o
    0x0800abb6   0x0000001c   Code   RO         8844    i.tcp_send_ctrl     tcp_out.o
    0x0800abd2   0x0000005e   Code   RO         8845    i.tcp_send_empty_ack  tcp_out.o
    0x0800ac30   0x00000006   Code   RO         8616    i.tcp_sent          tcp.o
    0x0800ac36   0x00000004   Code   RO         8617    i.tcp_setprio       tcp.o
    0x0800ac3a   0x00000002   PAD
    0x0800ac3c   0x000002e0   Code   RO         8618    i.tcp_slowtmr       tcp.o
    0x0800af1c   0x000000b4   Code   RO         8792    i.tcp_timewait_input  tcp_in.o
    0x0800afd0   0x00000024   Code   RO         8619    i.tcp_tmr           tcp.o
    0x0800aff4   0x00000048   Code   RO         8620    i.tcp_update_rcv_ann_wnd  tcp.o
    0x0800b03c   0x00000048   Code   RO         8846    i.tcp_write         tcp_out.o
    0x0800b084   0x000000a8   Code   RO         8847    i.tcp_zero_window_probe  tcp_out.o
    0x0800b12c   0x00000070   Code   RO         8917    i.udp_bind          udp.o
    0x0800b19c   0x000001c8   Code   RO         8920    i.udp_input         udp.o
    0x0800b364   0x000000ca   Code   RO         8926    i.udp_sendto_if     udp.o
    0x0800b42e   0x00000002   PAD
    0x0800b430   0x000000ec   Code   RO         9317    i.update_arp_entry  etharp.o
    0x0800b51c   0x00000090   Code   RO         7451    i.usbd_cdc_DataIn   usbd_cdc_core.o
    0x0800b5ac   0x0000003c   Code   RO         7452    i.usbd_cdc_DataOut  usbd_cdc_core.o
    0x0800b5e8   0x0000002c   Code   RO         7453    i.usbd_cdc_DeInit   usbd_cdc_core.o
    0x0800b614   0x00000038   Code   RO         7454    i.usbd_cdc_EP0_RxReady  usbd_cdc_core.o
    0x0800b64c   0x00000058   Code   RO         7455    i.usbd_cdc_Init     usbd_cdc_core.o
    0x0800b6a4   0x00000028   Code   RO         7456    i.usbd_cdc_SOF      usbd_cdc_core.o
    0x0800b6cc   0x000000f0   Code   RO         7457    i.usbd_cdc_Setup    usbd_cdc_core.o
    0x0800b7bc   0x0000f10c   Data   RO          453    .constdata          fs.o
    0x0801a8c8   0x00000030   Data   RO          530    .constdata          httpd.o
    0x0801a8f8   0x00000008   Data   RO          691    .constdata          httpd_cgi_ssi.o
    0x0801a900   0x0001ad58   Data   RO          756    .constdata          audio_sample.o
    0x08035658   0x0000005c   Data   RO         1210    .constdata          stm32f4_evb.o
    0x080356b4   0x000029d0   Data   RO         1994    .constdata          stm324xg_eval_lcd.o
    0x08038084   0x00000024   Data   RO         8315    .constdata          memp.o
    0x080380a8   0x00000014   Data   RO         8621    .constdata          tcp.o
    0x080380bc   0x00000008   Data   RO         9232    .constdata          ip_addr.o
    0x080380c4   0x0000000c   Data   RO         9319    .constdata          etharp.o
    0x080380d0   0x0000006a   Data   RO          531    .conststring        httpd.o
    0x0803813a   0x00000002   PAD
    0x0803813c   0x0000000e   Data   RO          692    .conststring        httpd_cgi_ssi.o
    0x0803814a   0x00000002   PAD
    0x0803814c   0x00000075   Data   RO         8622    .conststring        tcp.o
    0x080381c1   0x00000003   PAD
    0x080381c4   0x00000020   Data   RO         9784    Region$$Table       anon$$obj.o


    Execution Region RW_IRAM1 (Base: 0x20000000, Size: 0x0000d788, Max: 0x00020000, ABSOLUTE, COMPRESSED[0x00000178])

    Base Addr    Size         Type   Attr      Idx    E Section Name        Object

    0x20000000   0x0000000c   Data   RW           14    .data               main.o
    0x2000000c   0x00000024   Data   RW          532    .data               httpd.o
    0x20000030   0x00000018   Data   RW          693    .data               httpd_cgi_ssi.o
    0x20000048   0x0000001c   Data   RW          830    .data               usbd_cdc_vcp.o
    0x20000064   0x0000003c   Data   RW          891    .data               usbd_desc.o
    0x200000a0   0x0000000c   Data   RW         1025    .data               netconf_1.o
    0x200000ac   0x00000005   Data   RW         1089    .data               stm32f4x7_eth_bsp_1.o
    0x200000b1   0x00000003   PAD
    0x200000b4   0x00000008   Data   RW         1146    .data               tcp_echoclient.o
    0x200000bc   0x0000002c   Data   RW         1211    .data               stm32f4_evb.o
    0x200000e8   0x00000019   Data   RW         1798    .data               stm32f4_evb_audio_codec.o
    0x20000101   0x00000003   PAD
    0x20000104   0x00000028   Data   RW         1995    .data               stm324xg_eval_lcd.o
    0x2000012c   0x00000010   Data   RW         4584    .data               stm32f4xx_rcc.o
    0x2000013c   0x00000010   Data   RW         6623    .data               stm32f4x7_eth.o
    0x2000014c   0x00000034   Data   RW         7193    .data               usbd_core.o
    0x20000180   0x0000000d   Data   RW         7360    .data               usbd_req.o
    0x2000018d   0x00000003   PAD
    0x20000190   0x000000e0   Data   RW         7459    .data               usbd_cdc_core.o
    0x20000270   0x00000004   Data   RW         8046    .data               dhcp.o
    0x20000274   0x0000000d   Data   RW         8274    .data               mem.o
    0x20000281   0x00000003   PAD
    0x20000284   0x00000009   Data   RW         8364    .data               netif.o
    0x2000028d   0x00000003   PAD
    0x20000290   0x00000004   Data   RW         8530    .data               raw.o
    0x20000294   0x0000004c   Data   RW         8623    .data               tcp.o
    0x200002e0   0x00000020   Data   RW         8794    .data               tcp_in.o
    0x20000300   0x00000004   Data   RW         8927    .data               udp.o
    0x20000304   0x0000000a   Data   RW         9196    .data               ip.o
    0x2000030e   0x00000002   PAD
    0x20000310   0x00000006   Data   RW         9262    .data               ip_frag.o
    0x20000316   0x00000001   Data   RW         9320    .data               etharp.o
    0x20000317   0x00000001   PAD
    0x20000318   0x000005f4   Zero   RW           13    .bss                main.o
    0x2000090c   0x000000f0   Zero   RW          452    .bss                fs.o
    0x200009fc   0x00000400   Zero   RW          529    .bss                httpd.o
    0x20000dfc   0x00000010   Zero   RW          829    .bss                usbd_cdc_vcp.o
    0x20000e0c   0x00000038   Zero   RW         1024    .bss                netconf_1.o
    0x20000e44   0x00000096   Zero   RW         1145    .bss                tcp_echoclient.o
    0x20000eda   0x00000002   PAD
    0x20000edc   0x00000078   Zero   RW         1797    .bss                stm32f4_evb_audio_codec.o
    0x20000f54   0x00003cd4   Zero   RW         6622    .bss                stm32f4x7_eth.o
    0x20004c28   0x000000ff   Zero   RW         7359    .bss                usbd_req.o
    0x20004d27   0x00000a00   Zero   RW         7458    .bss                usbd_cdc_core.o
    0x20005727   0x00002814   Zero   RW         8273    .bss                mem.o
    0x20007f3b   0x00000001   PAD
    0x20007f3c   0x00004d8f   Zero   RW         8314    .bss                memp.o
    0x2000cccb   0x00000001   PAD
    0x2000cccc   0x00000014   Zero   RW         8793    .bss                tcp_in.o
    0x2000cce0   0x000005e0   Zero   RW         9261    .bss                ip_frag.o
    0x2000d2c0   0x000000c8   Zero   RW         9318    .bss                etharp.o
    0x2000d388   0x00000400   Zero   RW         7167    STACK               startup_stm32f40xx.o


==============================================================================

Image component sizes


      Code (inc. data)   RO Data    RW Data    ZI Data      Debug   Object Name

         0          0     109912          0          0        551   audio_sample.o
       542         22          0          0          0       5518   autoip.o
       740         14          0          4          0      11591   dhcp.o
      2356         48         12          1        200      14419   etharp.o
       448         42          0          0          0       5010   ethernetif.o
       272         16      61708          0        240       7024   fs.o
      3358        200        154         36       1024      36298   httpd.o
       604         86         22         24          0       4459   httpd_cgi_ssi.o
       512          0          0          0          0       4118   icmp.o
        62          0          0          0          0       2448   inet.o
       180          0          0          0          0       5929   inet_chksum.o
         0          0          0          0          0       2019   init.o
       844         30          0         10          0       7644   ip.o
        78          0          8          0          0       5837   ip_addr.o
      1488         40          0          6       1504       8565   ip_frag.o
       332        122          0         12       1524     371933   main.o
       856         68          0         13      10260       5361   mem.o
       176         26         36          0      19855       4102   memp.o
       140         24          0          0          0       1787   misc.o
       304         72          0         12         56      10038   netconf_1.o
       384         24          0          9          0       8528   netif.o
      1320          0          0          0          0       9549   pbuf.o
       104          4          0          4          0       1800   raw.o
        36          8        392          0       1024        944   startup_stm32f40xx.o
      1950         70      10704         40          0      13809   stm324xg_eval_lcd.o
       432         92         92         44          0       5178   stm32f4_evb.o
       392         48          0         25        120       3806   stm32f4_evb_audio_codec.o
      2108        166          0         16      15572      16186   stm32f4x7_eth.o
       874        152          0          5          0       3723   stm32f4x7_eth_bsp_1.o
       376         24          0          0          0       6039   stm32f4xx_adc.o
       250         34          0          0          0       4788   stm32f4xx_dma.o
        36         10          0          0          0       1276   stm32f4xx_exti.o
       282          6          0          0          0       2057   stm32f4xx_fsmc.o
       214          0          0          0          0       2007   stm32f4xx_gpio.o
       236         36          0          0          0       8984   stm32f4xx_it.o
       388         46          0         16          0       6377   stm32f4xx_rcc.o
        24          0          0          0          0       1294   stm32f4xx_spi.o
        12          6          0          0          0        650   stm32f4xx_syscfg.o
       438          8          0          0          0       6069   stm32f4xx_usart.o
       396         38          0          0          0       1605   system_stm32f4xx.o
      3072        178        137         76          0      30726   tcp.o
       620         70          0          8        150       5751   tcp_echoclient.o
      4800        260          0         32         20      15676   tcp_in.o
      2702         16          0          0          0      12638   tcp_out.o
       770         10          0          4          0      12936   udp.o
        30          0          0          0          0        897   usb_bsp.o
      1918          4          0          0          0      14822   usb_core.o
       510          0          0          0          0       5657   usb_dcd.o
      2426         68          0          0          0      13106   usb_dcd_int.o
       916        124          0        224       2560      10176   usbd_cdc_core.o
       716         52          0         28         16       5324   usbd_cdc_vcp.o
       748          6          0         52          0      11158   usbd_core.o
       368        192          0         60          0       5756   usbd_desc.o
       224          0          0          0          0       4912   usbd_ioreq.o
      1830         60          0         13        255      11459   usbd_req.o

    ----------------------------------------------------------------------
     45254       2622     183216        792      54384     780314   Object Totals
         0          0         32          0          0          0   (incl. Generated)
        60          0          7         18          4          0   (incl. Padding)

    ----------------------------------------------------------------------

      Code (inc. data)   RO Data    RW Data    ZI Data      Debug   Library Member Name

        86          0          0          0          0          0   __dczerorl2.o
         0          0          0          0          0          0   entry.o
         0          0          0          0          0          0   entry10a.o
         0          0          0          0          0          0   entry11a.o
         8          4          0          0          0          0   entry2.o
         4          0          0          0          0          0   entry5.o
         0          0          0          0          0          0   entry7b.o
         0          0          0          0          0          0   entry8b.o
         8          4          0          0          0          0   entry9a.o
        30          0          0          0          0          0   handlers.o
        36          8          0          0          0         68   init.o
         0          0          0          0          0          0   iusefp.o
        30          0          0          0          0         68   llshl.o
        32          0          0          0          0         68   llushr.o
        26          0          0          0          0         80   memcmp.o
        36          0          0          0          0         68   memcpya.o
        36          0          0          0          0        108   memseta.o
       390         10          0          0          0        252   printf1.o
        20          0          0          0          0         68   strchr.o
        28          0          0          0          0         76   strcmp.o
        14          0          0          0          0         68   strlen.o
        30          0          0          0          0         80   strncmp.o
        36          0          0          0          0         80   strstr.o
        44          0          0          0          0         80   uidiv.o
       186          0          0          0          0        176   depilogue.o
        50          0          0          0          0         76   dfixui.o
        26          0          0          0          0         76   dfltui.o
       228          0          0          0          0         96   dmul.o

    ----------------------------------------------------------------------
      1390         26          0          0          0       1588   Library Totals
         6          0          0          0          0          0   (incl. Padding)

    ----------------------------------------------------------------------

      Code (inc. data)   RO Data    RW Data    ZI Data      Debug   Library Name

       894         26          0          0          0       1164   mc_w.l
       490          0          0          0          0        424   mf_w.l

    ----------------------------------------------------------------------
      1390         26          0          0          0       1588   Library Totals

    ----------------------------------------------------------------------

==============================================================================


      Code (inc. data)   RO Data    RW Data    ZI Data      Debug   

     46644       2648     183216        792      54384     743054   Grand Totals
     46644       2648     183216        376      54384     743054   ELF Image Totals (compressed)
     46644       2648     183216        376          0          0   ROM Totals

==============================================================================

    Total RO  Size (Code + RO Data)               229860 ( 224.47kB)
    Total RW  Size (RW Data + ZI Data)             55176 (  53.88kB)
    Total ROM Size (Code + RO Data + RW Data)     230236 ( 224.84kB)

==============================================================================

