Component: ARM Compiler 5.06 update 2 (build 183) Tool: armlink [4d35b7]

==============================================================================

Section Cross References

    stm32f4xx_it.o(i.EXTI0_IRQHandler) refers to stm32f4xx_exti.o(i.EXTI_GetITStatus) for EXTI_GetITStatus
    stm32f4xx_it.o(i.EXTI0_IRQHandler) refers to main.o(i.RTC_AlarmShow) for RTC_AlarmShow
    stm32f4xx_it.o(i.EXTI0_IRQHandler) refers to stm32f4xx_exti.o(i.EXTI_ClearITPendingBit) for EXTI_ClearITPendingBit
    stm32f4xx_it.o(i.EXTI15_10_IRQHandler) refers to stm32f4xx_exti.o(i.EXTI_GetITStatus) for EXTI_GetITStatus
    stm32f4xx_it.o(i.EXTI15_10_IRQHandler) refers to main.o(i.RTC_TimeShow) for RTC_TimeShow
    stm32f4xx_it.o(i.EXTI15_10_IRQHandler) refers to stm32f4xx_exti.o(i.EXTI_ClearITPendingBit) for EXTI_ClearITPendingBit
    stm32f4xx_it.o(i.RTC_Alarm_IRQHandler) refers to stm32f4xx_rtc.o(i.RTC_GetITStatus) for RTC_GetITStatus
    stm32f4xx_it.o(i.RTC_Alarm_IRQHandler) refers to stm32f4_evb.o(i.STM_EVAL_LEDToggle) for STM_EVAL_LEDToggle
    stm32f4xx_it.o(i.RTC_Alarm_IRQHandler) refers to stm32f4xx_rtc.o(i.RTC_ClearITPendingBit) for RTC_ClearITPendingBit
    stm32f4xx_it.o(i.RTC_Alarm_IRQHandler) refers to stm32f4xx_exti.o(i.EXTI_ClearITPendingBit) for EXTI_ClearITPendingBit
    main.o(i.RTC_AlarmShow) refers to memseta.o(.text) for __aeabi_memclr4
    main.o(i.RTC_AlarmShow) refers to stm32f4xx_rtc.o(i.RTC_GetAlarm) for RTC_GetAlarm
    main.o(i.RTC_AlarmShow) refers to printf1.o(i.__0sprintf$1) for __2sprintf
    main.o(i.RTC_AlarmShow) refers to main.o(.bss) for RTC_AlarmStructure
    main.o(i.RTC_Config) refers to stm32f4xx_rcc.o(i.RCC_APB1PeriphClockCmd) for RCC_APB1PeriphClockCmd
    main.o(i.RTC_Config) refers to stm32f4xx_pwr.o(i.PWR_BackupAccessCmd) for PWR_BackupAccessCmd
    main.o(i.RTC_Config) refers to stm32f4xx_rcc.o(i.RCC_LSEConfig) for RCC_LSEConfig
    main.o(i.RTC_Config) refers to stm32f4xx_rcc.o(i.RCC_GetFlagStatus) for RCC_GetFlagStatus
    main.o(i.RTC_Config) refers to stm32f4xx_rcc.o(i.RCC_RTCCLKConfig) for RCC_RTCCLKConfig
    main.o(i.RTC_Config) refers to stm32f4xx_rcc.o(i.RCC_RTCCLKCmd) for RCC_RTCCLKCmd
    main.o(i.RTC_Config) refers to stm32f4xx_rtc.o(i.RTC_WaitForSynchro) for RTC_WaitForSynchro
    main.o(i.RTC_Config) refers to stm32f4xx_rtc.o(i.RTC_Init) for RTC_Init
    main.o(i.RTC_Config) refers to stm32f4xx_rtc.o(i.RTC_SetAlarm) for RTC_SetAlarm
    main.o(i.RTC_Config) refers to stm32f4xx_rtc.o(i.RTC_ITConfig) for RTC_ITConfig
    main.o(i.RTC_Config) refers to stm32f4xx_rtc.o(i.RTC_AlarmCmd) for RTC_AlarmCmd
    main.o(i.RTC_Config) refers to stm32f4xx_rtc.o(i.RTC_ClearFlag) for RTC_ClearFlag
    main.o(i.RTC_Config) refers to stm32f4xx_rtc.o(i.RTC_SetDate) for RTC_SetDate
    main.o(i.RTC_Config) refers to stm32f4xx_rtc.o(i.RTC_SetTime) for RTC_SetTime
    main.o(i.RTC_Config) refers to stm32f4xx_rtc.o(i.RTC_WriteBackupRegister) for RTC_WriteBackupRegister
    main.o(i.RTC_Config) refers to main.o(.data) for uwSynchPrediv
    main.o(i.RTC_Config) refers to main.o(.bss) for RTC_InitStructure
    main.o(i.RTC_TimeShow) refers to stm32f4xx_rtc.o(i.RTC_GetTime) for RTC_GetTime
    main.o(i.RTC_TimeShow) refers to printf1.o(i.__0sprintf$1) for __2sprintf
    main.o(i.RTC_TimeShow) refers to stm324xg_eval_lcd.o(i.STM324xG_LCD_Init) for STM324xG_LCD_Init
    main.o(i.RTC_TimeShow) refers to stm324xg_eval_lcd.o(i.LCD_Clear) for LCD_Clear
    main.o(i.RTC_TimeShow) refers to stm324xg_eval_lcd.o(i.LCD_SetBackColor) for LCD_SetBackColor
    main.o(i.RTC_TimeShow) refers to stm324xg_eval_lcd.o(i.LCD_SetTextColor) for LCD_SetTextColor
    main.o(i.RTC_TimeShow) refers to stm324xg_eval_lcd.o(i.LCD_GetFont) for LCD_GetFont
    main.o(i.RTC_TimeShow) refers to stm324xg_eval_lcd.o(i.LCD_DisplayStringLine) for LCD_DisplayStringLine
    main.o(i.RTC_TimeShow) refers to main.o(.data) for RTC_TimeStructure
    main.o(i.RTC_TimeShow) refers to main.o(.bss) for aShowTime
    main.o(i.main) refers to stm32f4_evb.o(i.STM_EVAL_PBInit) for STM_EVAL_PBInit
    main.o(i.main) refers to stm32f4_evb.o(i.STM_EVAL_LEDInit) for STM_EVAL_LEDInit
    main.o(i.main) refers to stm32f4_evb.o(i.STM_EVAL_LEDOn) for STM_EVAL_LEDOn
    main.o(i.main) refers to stm32f4xx_rtc.o(i.RTC_ReadBackupRegister) for RTC_ReadBackupRegister
    main.o(i.main) refers to main.o(i.RTC_Config) for RTC_Config
    main.o(i.main) refers to main.o(i.RTC_TimeShow) for RTC_TimeShow
    main.o(i.main) refers to main.o(i.RTC_AlarmShow) for RTC_AlarmShow
    main.o(i.main) refers to stm32f4xx_rcc.o(i.RCC_GetFlagStatus) for RCC_GetFlagStatus
    main.o(i.main) refers to stm32f4xx_rcc.o(i.RCC_APB1PeriphClockCmd) for RCC_APB1PeriphClockCmd
    main.o(i.main) refers to stm32f4xx_pwr.o(i.PWR_BackupAccessCmd) for PWR_BackupAccessCmd
    main.o(i.main) refers to stm32f4xx_rtc.o(i.RTC_WaitForSynchro) for RTC_WaitForSynchro
    main.o(i.main) refers to stm32f4xx_rtc.o(i.RTC_ClearFlag) for RTC_ClearFlag
[...]
    Removing stm32f4xx_rcc.o(i.RCC_SYSCLKConfig), (24 bytes).
    Removing stm32f4xx_rcc.o(i.RCC_TIMCLKPresConfig), (12 bytes).
    Removing stm32f4xx_rcc.o(i.RCC_WaitForHSEStartUp), (56 bytes).
    Removing stm32f4xx_rcc.o(.data), (16 bytes).
    Removing stm32f4xx_rng.o(.rev16_text), (4 bytes).
    Removing stm32f4xx_rng.o(.revsh_text), (4 bytes).
    Removing stm32f4xx_rng.o(.rrx_text), (6 bytes).
    Removing stm32f4xx_rng.o(i.RNG_ClearFlag), (16 bytes).
    Removing stm32f4xx_rng.o(i.RNG_ClearITPendingBit), (16 bytes).
    Removing stm32f4xx_rng.o(i.RNG_Cmd), (36 bytes).
    Removing stm32f4xx_rng.o(i.RNG_DeInit), (20 bytes).
    Removing stm32f4xx_rng.o(i.RNG_GetFlagStatus), (24 bytes).
    Removing stm32f4xx_rng.o(i.RNG_GetITStatus), (24 bytes).
    Removing stm32f4xx_rng.o(i.RNG_GetRandomNumber), (12 bytes).
    Removing stm32f4xx_rng.o(i.RNG_ITConfig), (36 bytes).
    Removing stm32f4xx_rtc.o(.rev16_text), (4 bytes).
    Removing stm32f4xx_rtc.o(.revsh_text), (4 bytes).
    Removing stm32f4xx_rtc.o(.rrx_text), (6 bytes).
    Removing stm32f4xx_rtc.o(i.RTC_AlarmStructInit), (22 bytes).
    Removing stm32f4xx_rtc.o(i.RTC_AlarmSubSecondConfig), (52 bytes).
    Removing stm32f4xx_rtc.o(i.RTC_BypassShadowCmd), (60 bytes).
    Removing stm32f4xx_rtc.o(i.RTC_CalibOutputCmd), (60 bytes).
    Removing stm32f4xx_rtc.o(i.RTC_CalibOutputConfig), (48 bytes).
    Removing stm32f4xx_rtc.o(i.RTC_CoarseCalibCmd), (80 bytes).
    Removing stm32f4xx_rtc.o(i.RTC_CoarseCalibConfig), (56 bytes).
    Removing stm32f4xx_rtc.o(i.RTC_DateStructInit), (14 bytes).
    Removing stm32f4xx_rtc.o(i.RTC_DayLightSavingConfig), (56 bytes).
    Removing stm32f4xx_rtc.o(i.RTC_DeInit), (212 bytes).
    Removing stm32f4xx_rtc.o(i.RTC_GetAlarmSubSecond), (36 bytes).
    Removing stm32f4xx_rtc.o(i.RTC_GetDate), (76 bytes).
    Removing stm32f4xx_rtc.o(i.RTC_GetFlagStatus), (40 bytes).
    Removing stm32f4xx_rtc.o(i.RTC_GetStoreOperation), (16 bytes).
    Removing stm32f4xx_rtc.o(i.RTC_GetSubSecond), (20 bytes).
    Removing stm32f4xx_rtc.o(i.RTC_GetTimeStamp), (156 bytes).
    Removing stm32f4xx_rtc.o(i.RTC_GetTimeStampSubSecond), (12 bytes).
    Removing stm32f4xx_rtc.o(i.RTC_GetWakeUpCounter), (12 bytes).
    Removing stm32f4xx_rtc.o(i.RTC_OutputConfig), (56 bytes).
    Removing stm32f4xx_rtc.o(i.RTC_OutputTypeConfig), (28 bytes).
    Removing stm32f4xx_rtc.o(i.RTC_RefClockCmd), (80 bytes).
    Removing stm32f4xx_rtc.o(i.RTC_SetWakeUpCounter), (28 bytes).
    Removing stm32f4xx_rtc.o(i.RTC_SmoothCalibConfig), (96 bytes).
    Removing stm32f4xx_rtc.o(i.RTC_StructInit), (14 bytes).
    Removing stm32f4xx_rtc.o(i.RTC_SynchroShiftConfig), (124 bytes).
    Removing stm32f4xx_rtc.o(i.RTC_TamperCmd), (32 bytes).
    Removing stm32f4xx_rtc.o(i.RTC_TamperFilterConfig), (28 bytes).
    Removing stm32f4xx_rtc.o(i.RTC_TamperPinSelection), (28 bytes).
    Removing stm32f4xx_rtc.o(i.RTC_TamperPinsPrechargeDuration), (28 bytes).
    Removing stm32f4xx_rtc.o(i.RTC_TamperPullUpCmd), (36 bytes).
    Removing stm32f4xx_rtc.o(i.RTC_TamperSamplingFreqConfig), (28 bytes).
    Removing stm32f4xx_rtc.o(i.RTC_TamperTriggerConfig), (36 bytes).
    Removing stm32f4xx_rtc.o(i.RTC_TimeStampCmd), (56 bytes).
    Removing stm32f4xx_rtc.o(i.RTC_TimeStampOnTamperDetectionCmd), (36 bytes).
    Removing stm32f4xx_rtc.o(i.RTC_TimeStampPinSelection), (28 bytes).
    Removing stm32f4xx_rtc.o(i.RTC_TimeStructInit), (12 bytes).
    Removing stm32f4xx_rtc.o(i.RTC_WakeUpClockConfig), (48 bytes).
    Removing stm32f4xx_rtc.o(i.RTC_WakeUpCmd), (120 bytes).
    Removing stm32f4xx_rtc.o(i.RTC_WriteProtectionCmd), (28 bytes).
    Removing stm32f4xx_sdio.o(.rev16_text), (4 bytes).
    Removing stm32f4xx_sdio.o(.revsh_text), (4 bytes).
    Removing stm32f4xx_sdio.o(.rrx_text), (6 bytes).
    Removing stm32f4xx_sdio.o(i.SDIO_CEATAITCmd), (16 bytes).
    Removing stm32f4xx_sdio.o(i.SDIO_ClearFlag), (12 bytes).
    Removing stm32f4xx_sdio.o(i.SDIO_ClearITPendingBit), (12 bytes).
    Removing stm32f4xx_sdio.o(i.SDIO_ClockCmd), (12 bytes).
    Removing stm32f4xx_sdio.o(i.SDIO_CmdStructInit), (14 bytes).
    Removing stm32f4xx_sdio.o(i.SDIO_CommandCompletionCmd), (12 bytes).
    Removing stm32f4xx_sdio.o(i.SDIO_DMACmd), (12 bytes).
    Removing stm32f4xx_sdio.o(i.SDIO_DataConfig), (52 bytes).
    Removing stm32f4xx_sdio.o(i.SDIO_DataStructInit), (20 bytes).
    Removing stm32f4xx_sdio.o(i.SDIO_DeInit), (22 bytes).
    Removing stm32f4xx_sdio.o(i.SDIO_GetCommandResponse), (12 bytes).
    Removing stm32f4xx_sdio.o(i.SDIO_GetDataCounter), (12 bytes).
    Removing stm32f4xx_sdio.o(i.SDIO_GetFIFOCount), (12 bytes).
    Removing stm32f4xx_sdio.o(i.SDIO_GetFlagStatus), (24 bytes).
    Removing stm32f4xx_sdio.o(i.SDIO_GetITStatus), (24 bytes).
    Removing stm32f4xx_sdio.o(i.SDIO_GetPowerState), (16 bytes).
    Removing stm32f4xx_sdio.o(i.SDIO_GetResponse), (24 bytes).
    Removing stm32f4xx_sdio.o(i.SDIO_ITConfig), (32 bytes).
    Removing stm32f4xx_sdio.o(i.SDIO_Init), (48 bytes).
    Removing stm32f4xx_sdio.o(i.SDIO_ReadData), (12 bytes).
    Removing stm32f4xx_sdio.o(i.SDIO_SendCEATACmd), (12 bytes).
    Removing stm32f4xx_sdio.o(i.SDIO_SendCommand), (44 bytes).
    Removing stm32f4xx_sdio.o(i.SDIO_SendSDIOSuspendCmd), (12 bytes).
    Removing stm32f4xx_sdio.o(i.SDIO_SetPowerState), (12 bytes).
    Removing stm32f4xx_sdio.o(i.SDIO_SetSDIOOperation), (12 bytes).
    Removing stm32f4xx_sdio.o(i.SDIO_SetSDIOReadWaitMode), (12 bytes).
    Removing stm32f4xx_sdio.o(i.SDIO_StartSDIOReadWait), (12 bytes).
    Removing stm32f4xx_sdio.o(i.SDIO_StopSDIOReadWait), (12 bytes).
    Removing stm32f4xx_sdio.o(i.SDIO_StructInit), (16 bytes).
    Removing stm32f4xx_sdio.o(i.SDIO_WriteData), (12 bytes).
    Removing stm32f4xx_spi.o(.rev16_text), (4 bytes).
    Removing stm32f4xx_spi.o(.revsh_text), (4 bytes).
    Removing stm32f4xx_spi.o(.rrx_text), (6 bytes).
    Removing stm32f4xx_spi.o(i.I2S_Cmd), (24 bytes).
    Removing stm32f4xx_spi.o(i.I2S_FullDuplexConfig), (80 bytes).
    Removing stm32f4xx_spi.o(i.I2S_Init), (360 bytes).
    Removing stm32f4xx_spi.o(i.I2S_StructInit), (20 bytes).
    Removing stm32f4xx_spi.o(i.SPI_BiDirectionalLineConfig), (28 bytes).
    Removing stm32f4xx_spi.o(i.SPI_CalculateCRC), (24 bytes).
    Removing stm32f4xx_spi.o(i.SPI_Cmd), (24 bytes).
    Removing stm32f4xx_spi.o(i.SPI_DataSizeConfig), (18 bytes).
    Removing stm32f4xx_spi.o(i.SPI_GetCRC), (16 bytes).
    Removing stm32f4xx_spi.o(i.SPI_GetCRCPolynomial), (6 bytes).
    Removing stm32f4xx_spi.o(i.SPI_I2S_ClearFlag), (6 bytes).
    Removing stm32f4xx_spi.o(i.SPI_I2S_ClearITPendingBit), (20 bytes).
    Removing stm32f4xx_spi.o(i.SPI_I2S_DMACmd), (18 bytes).
    Removing stm32f4xx_spi.o(i.SPI_I2S_DeInit), (176 bytes).
    Removing stm32f4xx_spi.o(i.SPI_I2S_GetFlagStatus), (18 bytes).
    Removing stm32f4xx_spi.o(i.SPI_I2S_GetITStatus), (52 bytes).
    Removing stm32f4xx_spi.o(i.SPI_I2S_ITConfig), (32 bytes).
    Removing stm32f4xx_spi.o(i.SPI_I2S_ReceiveData), (6 bytes).
    Removing stm32f4xx_spi.o(i.SPI_I2S_SendData), (4 bytes).
    Removing stm32f4xx_spi.o(i.SPI_Init), (60 bytes).
    Removing stm32f4xx_spi.o(i.SPI_NSSInternalSoftwareConfig), (30 bytes).
    Removing stm32f4xx_spi.o(i.SPI_SSOutputCmd), (24 bytes).
    Removing stm32f4xx_spi.o(i.SPI_StructInit), (24 bytes).
    Removing stm32f4xx_spi.o(i.SPI_TIModeCmd), (24 bytes).
    Removing stm32f4xx_spi.o(i.SPI_TransmitCRC), (10 bytes).
    Removing stm32f4xx_syscfg.o(.rev16_text), (4 bytes).
    Removing stm32f4xx_syscfg.o(.revsh_text), (4 bytes).
    Removing stm32f4xx_syscfg.o(.rrx_text), (6 bytes).
    Removing stm32f4xx_syscfg.o(i.SYSCFG_CompensationCellCmd), (12 bytes).
    Removing stm32f4xx_syscfg.o(i.SYSCFG_DeInit), (22 bytes).
    Removing stm32f4xx_syscfg.o(i.SYSCFG_ETH_MediaInterfaceConfig), (12 bytes).
    Removing stm32f4xx_syscfg.o(i.SYSCFG_GetCompensationCellStatus), (24 bytes).
    Removing stm32f4xx_syscfg.o(i.SYSCFG_MemoryRemapConfig), (12 bytes).
    Removing stm32f4xx_syscfg.o(i.SYSCFG_MemorySwappingBank), (12 bytes).
    Removing stm32f4xx_tim.o(.rev16_text), (4 bytes).
    Removing stm32f4xx_tim.o(.revsh_text), (4 bytes).
    Removing stm32f4xx_tim.o(.rrx_text), (6 bytes).
    Removing stm32f4xx_tim.o(i.TI1_Config), (58 bytes).
    Removing stm32f4xx_tim.o(i.TI2_Config), (80 bytes).
    Removing stm32f4xx_tim.o(i.TI3_Config), (72 bytes).
    Removing stm32f4xx_tim.o(i.TI4_Config), (80 bytes).
    Removing stm32f4xx_tim.o(i.TIM_ARRPreloadConfig), (24 bytes).
    Removing stm32f4xx_tim.o(i.TIM_BDTRConfig), (32 bytes).
    Removing stm32f4xx_tim.o(i.TIM_BDTRStructInit), (18 bytes).
    Removing stm32f4xx_tim.o(i.TIM_CCPreloadControl), (24 bytes).
    Removing stm32f4xx_tim.o(i.TIM_CCxCmd), (30 bytes).
    Removing stm32f4xx_tim.o(i.TIM_CCxNCmd), (30 bytes).
    Removing stm32f4xx_tim.o(i.TIM_ClearFlag), (6 bytes).
    Removing stm32f4xx_tim.o(i.TIM_ClearITPendingBit), (6 bytes).
    Removing stm32f4xx_tim.o(i.TIM_ClearOC1Ref), (18 bytes).
    Removing stm32f4xx_tim.o(i.TIM_ClearOC2Ref), (24 bytes).
    Removing stm32f4xx_tim.o(i.TIM_ClearOC3Ref), (18 bytes).
    Removing stm32f4xx_tim.o(i.TIM_ClearOC4Ref), (24 bytes).
    Removing stm32f4xx_tim.o(i.TIM_Cmd), (24 bytes).
    Removing stm32f4xx_tim.o(i.TIM_CounterModeConfig), (18 bytes).
    Removing stm32f4xx_tim.o(i.TIM_CtrlPWMOutputs), (30 bytes).
    Removing stm32f4xx_tim.o(i.TIM_DMACmd), (18 bytes).
    Removing stm32f4xx_tim.o(i.TIM_DMAConfig), (10 bytes).
    Removing stm32f4xx_tim.o(i.TIM_DeInit), (400 bytes).
    Removing stm32f4xx_tim.o(i.TIM_ETRClockMode1Config), (54 bytes).
    Removing stm32f4xx_tim.o(i.TIM_ETRClockMode2Config), (32 bytes).
    Removing stm32f4xx_tim.o(i.TIM_ETRConfig), (28 bytes).
    Removing stm32f4xx_tim.o(i.TIM_EncoderInterfaceConfig), (66 bytes).
    Removing stm32f4xx_tim.o(i.TIM_ForcedOC1Config), (18 bytes).
    Removing stm32f4xx_tim.o(i.TIM_ForcedOC2Config), (26 bytes).
    Removing stm32f4xx_tim.o(i.TIM_ForcedOC3Config), (18 bytes).
    Removing stm32f4xx_tim.o(i.TIM_ForcedOC4Config), (26 bytes).
    Removing stm32f4xx_tim.o(i.TIM_GenerateEvent), (4 bytes).
    Removing stm32f4xx_tim.o(i.TIM_GetCapture1), (6 bytes).
    Removing stm32f4xx_tim.o(i.TIM_GetCapture2), (6 bytes).
    Removing stm32f4xx_tim.o(i.TIM_GetCapture3), (6 bytes).
    Removing stm32f4xx_tim.o(i.TIM_GetCapture4), (6 bytes).
    Removing stm32f4xx_tim.o(i.TIM_GetCounter), (6 bytes).
    Removing stm32f4xx_tim.o(i.TIM_GetFlagStatus), (18 bytes).
    Removing stm32f4xx_tim.o(i.TIM_GetITStatus), (34 bytes).
    Removing stm32f4xx_tim.o(i.TIM_GetPrescaler), (6 bytes).
    Removing stm32f4xx_tim.o(i.TIM_ICInit), (110 bytes).
    Removing stm32f4xx_tim.o(i.TIM_ICStructInit), (18 bytes).
    Removing stm32f4xx_tim.o(i.TIM_ITConfig), (18 bytes).
    Removing stm32f4xx_tim.o(i.TIM_ITRxExternalClockConfig), (24 bytes).
    Removing stm32f4xx_tim.o(i.TIM_InternalClockConfig), (12 bytes).
    Removing stm32f4xx_tim.o(i.TIM_OC1FastConfig), (18 bytes).
    Removing stm32f4xx_tim.o(i.TIM_OC1Init), (124 bytes).
    Removing stm32f4xx_tim.o(i.TIM_OC1NPolarityConfig), (18 bytes).
    Removing stm32f4xx_tim.o(i.TIM_OC1PolarityConfig), (18 bytes).
    Removing stm32f4xx_tim.o(i.TIM_OC1PreloadConfig), (18 bytes).
    Removing stm32f4xx_tim.o(i.TIM_OC2FastConfig), (26 bytes).
    Removing stm32f4xx_tim.o(i.TIM_OC2Init), (164 bytes).
    Removing stm32f4xx_tim.o(i.TIM_OC2NPolarityConfig), (26 bytes).
    Removing stm32f4xx_tim.o(i.TIM_OC2PolarityConfig), (26 bytes).
    Removing stm32f4xx_tim.o(i.TIM_OC2PreloadConfig), (26 bytes).
    Removing stm32f4xx_tim.o(i.TIM_OC3FastConfig), (18 bytes).
    Removing stm32f4xx_tim.o(i.TIM_OC3Init), (160 bytes).
    Removing stm32f4xx_tim.o(i.TIM_OC3NPolarityConfig), (26 bytes).
    Removing stm32f4xx_tim.o(i.TIM_OC3PolarityConfig), (26 bytes).
    Removing stm32f4xx_tim.o(i.TIM_OC3PreloadConfig), (18 bytes).
    Removing stm32f4xx_tim.o(i.TIM_OC4FastConfig), (26 bytes).
    Removing stm32f4xx_tim.o(i.TIM_OC4Init), (120 bytes).
    Removing stm32f4xx_tim.o(i.TIM_OC4PolarityConfig), (26 bytes).
    Removing stm32f4xx_tim.o(i.TIM_OC4PreloadConfig), (26 bytes).
    Removing stm32f4xx_tim.o(i.TIM_OCStructInit), (20 bytes).
    Removing stm32f4xx_tim.o(i.TIM_PWMIConfig), (124 bytes).
    Removing stm32f4xx_tim.o(i.TIM_PrescalerConfig), (6 bytes).
    Removing stm32f4xx_tim.o(i.TIM_RemapConfig), (6 bytes).
    Removing stm32f4xx_tim.o(i.TIM_SelectCCDMA), (24 bytes).
    Removing stm32f4xx_tim.o(i.TIM_SelectCOM), (24 bytes).
    Removing stm32f4xx_tim.o(i.TIM_SelectHallSensor), (24 bytes).
    Removing stm32f4xx_tim.o(i.TIM_SelectInputTrigger), (18 bytes).
    Removing stm32f4xx_tim.o(i.TIM_SelectMasterSlaveMode), (18 bytes).
    Removing stm32f4xx_tim.o(i.TIM_SelectOCxM), (86 bytes).
    Removing stm32f4xx_tim.o(i.TIM_SelectOnePulseMode), (18 bytes).
    Removing stm32f4xx_tim.o(i.TIM_SelectOutputTrigger), (18 bytes).
    Removing stm32f4xx_tim.o(i.TIM_SelectSlaveMode), (18 bytes).
    Removing stm32f4xx_tim.o(i.TIM_SetAutoreload), (4 bytes).
    Removing stm32f4xx_tim.o(i.TIM_SetClockDivision), (18 bytes).
    Removing stm32f4xx_tim.o(i.TIM_SetCompare1), (4 bytes).
    Removing stm32f4xx_tim.o(i.TIM_SetCompare2), (4 bytes).
    Removing stm32f4xx_tim.o(i.TIM_SetCompare3), (4 bytes).
    Removing stm32f4xx_tim.o(i.TIM_SetCompare4), (4 bytes).
    Removing stm32f4xx_tim.o(i.TIM_SetCounter), (4 bytes).
    Removing stm32f4xx_tim.o(i.TIM_SetIC1Prescaler), (18 bytes).
    Removing stm32f4xx_tim.o(i.TIM_SetIC2Prescaler), (26 bytes).
    Removing stm32f4xx_tim.o(i.TIM_SetIC3Prescaler), (18 bytes).
    Removing stm32f4xx_tim.o(i.TIM_SetIC4Prescaler), (26 bytes).
    Removing stm32f4xx_tim.o(i.TIM_TIxExternalClockConfig), (62 bytes).
    Removing stm32f4xx_tim.o(i.TIM_TimeBaseInit), (132 bytes).
    Removing stm32f4xx_tim.o(i.TIM_TimeBaseStructInit), (18 bytes).
    Removing stm32f4xx_tim.o(i.TIM_UpdateDisableConfig), (24 bytes).
    Removing stm32f4xx_tim.o(i.TIM_UpdateRequestConfig), (24 bytes).
    Removing stm32f4xx_usart.o(.rev16_text), (4 bytes).
    Removing stm32f4xx_usart.o(.revsh_text), (4 bytes).
    Removing stm32f4xx_usart.o(.rrx_text), (6 bytes).
    Removing stm32f4xx_usart.o(i.USART_ClearFlag), (18 bytes).
    Removing stm32f4xx_usart.o(i.USART_ClearITPendingBit), (30 bytes).
    Removing stm32f4xx_usart.o(i.USART_ClockInit), (32 bytes).
    Removing stm32f4xx_usart.o(i.USART_ClockStructInit), (12 bytes).
    Removing stm32f4xx_usart.o(i.USART_Cmd), (24 bytes).
    Removing stm32f4xx_usart.o(i.USART_DMACmd), (18 bytes).
    Removing stm32f4xx_usart.o(i.USART_DeInit), (240 bytes).
    Removing stm32f4xx_usart.o(i.USART_GetFlagStatus), (26 bytes).
    Removing stm32f4xx_usart.o(i.USART_GetITStatus), (84 bytes).
    Removing stm32f4xx_usart.o(i.USART_HalfDuplexCmd), (24 bytes).
    Removing stm32f4xx_usart.o(i.USART_ITConfig), (74 bytes).
    Removing stm32f4xx_usart.o(i.USART_Init), (212 bytes).
    Removing stm32f4xx_usart.o(i.USART_IrDACmd), (24 bytes).
    Removing stm32f4xx_usart.o(i.USART_IrDAConfig), (18 bytes).
    Removing stm32f4xx_usart.o(i.USART_LINBreakDetectLengthConfig), (18 bytes).
    Removing stm32f4xx_usart.o(i.USART_LINCmd), (24 bytes).
    Removing stm32f4xx_usart.o(i.USART_OneBitMethodCmd), (24 bytes).
    Removing stm32f4xx_usart.o(i.USART_OverSampling8Cmd), (22 bytes).
    Removing stm32f4xx_usart.o(i.USART_ReceiveData), (10 bytes).
    Removing stm32f4xx_usart.o(i.USART_ReceiverWakeUpCmd), (24 bytes).
    Removing stm32f4xx_usart.o(i.USART_SendBreak), (10 bytes).
    Removing stm32f4xx_usart.o(i.USART_SendData), (8 bytes).
    Removing stm32f4xx_usart.o(i.USART_SetAddress), (18 bytes).
    Removing stm32f4xx_usart.o(i.USART_SetGuardTime), (16 bytes).
    Removing stm32f4xx_usart.o(i.USART_SetPrescaler), (16 bytes).
    Removing stm32f4xx_usart.o(i.USART_SmartCardCmd), (24 bytes).
    Removing stm32f4xx_usart.o(i.USART_SmartCardNACKCmd), (24 bytes).
    Removing stm32f4xx_usart.o(i.USART_StructInit), (24 bytes).
    Removing stm32f4xx_usart.o(i.USART_WakeUpConfig), (18 bytes).
    Removing stm32f4xx_wwdg.o(.rev16_text), (4 bytes).
    Removing stm32f4xx_wwdg.o(.revsh_text), (4 bytes).
    Removing stm32f4xx_wwdg.o(.rrx_text), (6 bytes).
    Removing stm32f4xx_wwdg.o(i.WWDG_ClearFlag), (12 bytes).
    Removing stm32f4xx_wwdg.o(i.WWDG_DeInit), (22 bytes).
    Removing stm32f4xx_wwdg.o(i.WWDG_Enable), (16 bytes).
    Removing stm32f4xx_wwdg.o(i.WWDG_EnableIT), (12 bytes).
    Removing stm32f4xx_wwdg.o(i.WWDG_GetFlagStatus), (20 bytes).
    Removing stm32f4xx_wwdg.o(i.WWDG_SetCounter), (16 bytes).
    Removing stm32f4xx_wwdg.o(i.WWDG_SetPrescaler), (24 bytes).
    Removing stm32f4xx_wwdg.o(i.WWDG_SetWindowValue), (40 bytes).
    Removing stm32f4x7_eth.o(.rev16_text), (4 bytes).
    Removing stm32f4x7_eth.o(.revsh_text), (4 bytes).
    Removing stm32f4x7_eth.o(.rrx_text), (6 bytes).
    Removing stm32f4x7_eth.o(i.ETH_BackPressureActivationCmd), (36 bytes).
    Removing stm32f4x7_eth.o(i.ETH_CheckFrameReceived), (200 bytes).
    Removing stm32f4x7_eth.o(i.ETH_DMAClearFlag), (12 bytes).
    Removing stm32f4x7_eth.o(i.ETH_DMAClearITPendingBit), (12 bytes).
    Removing stm32f4x7_eth.o(i.ETH_DMAITConfig), (32 bytes).
    Removing stm32f4x7_eth.o(i.ETH_DMAReceptionCmd), (36 bytes).
    Removing stm32f4x7_eth.o(i.ETH_DMARxDescChainInit), (100 bytes).
    Removing stm32f4x7_eth.o(i.ETH_DMARxDescReceiveITConfig), (22 bytes).
    Removing stm32f4x7_eth.o(i.ETH_DMATransmissionCmd), (36 bytes).
    Removing stm32f4x7_eth.o(i.ETH_DMATxDescBufferSizeConfig), (14 bytes).
    Removing stm32f4x7_eth.o(i.ETH_DMATxDescCRCCmd), (22 bytes).
    Removing stm32f4x7_eth.o(i.ETH_DMATxDescChainInit), (80 bytes).
    Removing stm32f4x7_eth.o(i.ETH_DMATxDescChecksumInsertionConfig), (8 bytes).
    Removing stm32f4x7_eth.o(i.ETH_DMATxDescFrameSegmentConfig), (8 bytes).
    Removing stm32f4x7_eth.o(i.ETH_DMATxDescSecondAddressChainedCmd), (22 bytes).
    Removing stm32f4x7_eth.o(i.ETH_DMATxDescShortFramePaddingCmd), (22 bytes).
    Removing stm32f4x7_eth.o(i.ETH_DMATxDescTransmitITConfig), (22 bytes).
    Removing stm32f4x7_eth.o(i.ETH_DeInit), (22 bytes).
    Removing stm32f4x7_eth.o(i.ETH_Delay), (28 bytes).
    Removing stm32f4x7_eth.o(i.ETH_EnhancedDescriptorCmd), (36 bytes).
    Removing stm32f4x7_eth.o(i.ETH_FlushTransmitFIFO), (20 bytes).
    Removing stm32f4x7_eth.o(i.ETH_GetBufferUnavailableMissedFrameCounter), (12 bytes).
    Removing stm32f4x7_eth.o(i.ETH_GetCurrentRxBufferAddress), (12 bytes).
    Removing stm32f4x7_eth.o(i.ETH_GetCurrentRxDescStartAddress), (12 bytes).
    Removing stm32f4x7_eth.o(i.ETH_GetCurrentTxBufferAddress), (12 bytes).
    Removing stm32f4x7_eth.o(i.ETH_GetCurrentTxDescStartAddress), (12 bytes).
    Removing stm32f4x7_eth.o(i.ETH_GetDMAFlagStatus), (24 bytes).
    Removing stm32f4x7_eth.o(i.ETH_GetDMAITStatus), (24 bytes).
    Removing stm32f4x7_eth.o(i.ETH_GetDMAOverflowStatus), (24 bytes).
    Removing stm32f4x7_eth.o(i.ETH_GetDMAPTPRxDescExtendedFlagStatus), (18 bytes).
    Removing stm32f4x7_eth.o(i.ETH_GetDMARxDescBufferSize), (20 bytes).
    Removing stm32f4x7_eth.o(i.ETH_GetDMARxDescFlagStatus), (18 bytes).
    Removing stm32f4x7_eth.o(i.ETH_GetDMARxDescFrameLength), (10 bytes).
    Removing stm32f4x7_eth.o(i.ETH_GetDMATxDescCollisionCount), (10 bytes).
    Removing stm32f4x7_eth.o(i.ETH_GetDMATxDescFlagStatus), (18 bytes).
    Removing stm32f4x7_eth.o(i.ETH_GetFlowControlBusyStatus), (24 bytes).
    Removing stm32f4x7_eth.o(i.ETH_GetFlushTransmitFIFOStatus), (24 bytes).
    Removing stm32f4x7_eth.o(i.ETH_GetMACAddress), (40 bytes).
    Removing stm32f4x7_eth.o(i.ETH_GetMACFlagStatus), (24 bytes).
    Removing stm32f4x7_eth.o(i.ETH_GetMACITStatus), (24 bytes).
    Removing stm32f4x7_eth.o(i.ETH_GetMMCITStatus), (68 bytes).
    Removing stm32f4x7_eth.o(i.ETH_GetMMCRegister), (12 bytes).
    Removing stm32f4x7_eth.o(i.ETH_GetPMTFlagStatus), (24 bytes).
    Removing stm32f4x7_eth.o(i.ETH_GetReceiveProcessState), (16 bytes).
    Removing stm32f4x7_eth.o(i.ETH_GetRxOverflowMissedFrameCounter), (16 bytes).
    Removing stm32f4x7_eth.o(i.ETH_GetRxPktSize), (42 bytes).
    Removing stm32f4x7_eth.o(i.ETH_GetSoftwareResetStatus), (24 bytes).
    Removing stm32f4x7_eth.o(i.ETH_GetTransmitProcessState), (16 bytes).
    Removing stm32f4x7_eth.o(i.ETH_Get_Received_Frame), (92 bytes).
    Removing stm32f4x7_eth.o(i.ETH_Get_Received_Frame_interrupt), (276 bytes).
    Removing stm32f4x7_eth.o(i.ETH_GlobalUnicastWakeUpCmd), (36 bytes).
    Removing stm32f4x7_eth.o(i.ETH_Init), (664 bytes).
    Removing stm32f4x7_eth.o(i.ETH_InitiatePauseControlFrame), (20 bytes).
    Removing stm32f4x7_eth.o(i.ETH_MACAddressConfig), (52 bytes).
    Removing stm32f4x7_eth.o(i.ETH_MACAddressFilterConfig), (44 bytes).
    Removing stm32f4x7_eth.o(i.ETH_MACAddressMaskBytesFilterConfig), (36 bytes).
    Removing stm32f4x7_eth.o(i.ETH_MACAddressPerfectFilterCmd), (44 bytes).
    Removing stm32f4x7_eth.o(i.ETH_MACITConfig), (32 bytes).
    Removing stm32f4x7_eth.o(i.ETH_MACReceptionCmd), (36 bytes).
    Removing stm32f4x7_eth.o(i.ETH_MACTransmissionCmd), (36 bytes).
    Removing stm32f4x7_eth.o(i.ETH_MMCCounterFreezeCmd), (44 bytes).
    Removing stm32f4x7_eth.o(i.ETH_MMCCounterFullPreset), (24 bytes).
    Removing stm32f4x7_eth.o(i.ETH_MMCCounterHalfPreset), (40 bytes).
    Removing stm32f4x7_eth.o(i.ETH_MMCCounterRolloverCmd), (44 bytes).
    Removing stm32f4x7_eth.o(i.ETH_MMCCountersReset), (24 bytes).
    Removing stm32f4x7_eth.o(i.ETH_MMCITConfig), (84 bytes).
    Removing stm32f4x7_eth.o(i.ETH_MMCResetOnReadCmd), (44 bytes).
    Removing stm32f4x7_eth.o(i.ETH_MagicPacketDetectionCmd), (36 bytes).
    Removing stm32f4x7_eth.o(i.ETH_PHYLoopBackCmd), (52 bytes).
    Removing stm32f4x7_eth.o(i.ETH_PowerDownCmd), (36 bytes).
    Removing stm32f4x7_eth.o(i.ETH_Prepare_Transmit_Descriptors), (232 bytes).
    Removing stm32f4x7_eth.o(i.ETH_ReadPHYRegister), (108 bytes).
    Removing stm32f4x7_eth.o(i.ETH_ResetWakeUpFrameFilterRegisterPointer), (20 bytes).
    Removing stm32f4x7_eth.o(i.ETH_ResumeDMAReception), (12 bytes).
    Removing stm32f4x7_eth.o(i.ETH_ResumeDMATransmission), (12 bytes).
    Removing stm32f4x7_eth.o(i.ETH_SetDMARxDescOwnBit), (10 bytes).
    Removing stm32f4x7_eth.o(i.ETH_SetDMATxDescOwnBit), (10 bytes).
    Removing stm32f4x7_eth.o(i.ETH_SetReceiveWatchdogTimer), (12 bytes).
    Removing stm32f4x7_eth.o(i.ETH_SetWakeUpFrameFilterRegister), (28 bytes).
    Removing stm32f4x7_eth.o(i.ETH_SoftwareReset), (20 bytes).
    Removing stm32f4x7_eth.o(i.ETH_Start), (32 bytes).
    Removing stm32f4x7_eth.o(i.ETH_StructInit), (178 bytes).
    Removing stm32f4x7_eth.o(i.ETH_WakeUpFrameDetectionCmd), (36 bytes).
    Removing stm32f4x7_eth.o(i.ETH_WritePHYRegister), (104 bytes).
    Removing stm32f4x7_eth.o(.bss), (15572 bytes).
    Removing stm32f4x7_eth.o(.data), (16 bytes).
    Removing system_stm32f4xx.o(.rev16_text), (4 bytes).
    Removing system_stm32f4xx.o(.revsh_text), (4 bytes).
    Removing system_stm32f4xx.o(.rrx_text), (6 bytes).
    Removing system_stm32f4xx.o(i.SystemCoreClockUpdate), (192 bytes).
    Removing system_stm32f4xx.o(.data), (20 bytes).
    Removing lcd_log.o(.rev16_text), (4 bytes).
    Removing lcd_log.o(.revsh_text), (4 bytes).
    Removing lcd_log.o(.rrx_text), (6 bytes).
    Removing lcd_log.o(i.LCD_LOG_ClearTextZone), (40 bytes).
    Removing lcd_log.o(i.LCD_LOG_DeInit), (100 bytes).
    Removing lcd_log.o(i.LCD_LOG_Init), (14 bytes).
    Removing lcd_log.o(i.LCD_LOG_SetFooter), (50 bytes).
    Removing lcd_log.o(i.LCD_LOG_SetHeader), (176 bytes).
    Removing lcd_log.o(i.LCD_LOG_UpdateDisplay), (228 bytes).
    Removing lcd_log.o(i.fputc), (396 bytes).
    Removing lcd_log.o(.bss), (468 bytes).
    Removing lcd_log.o(.data), (18 bytes).
    Removing startup_stm32f40xx.o(HEAP), (512 bytes).
    Removing dflti.o(.text), (34 bytes).
    Removing dfltui.o(.text), (26 bytes).
    Removing cdcmple.o(.text), (48 bytes).
    Removing cdrcmple.o(.text), (48 bytes).
    Removing depilogue.o(.text), (186 bytes).
    Removing dadd.o(.text), (334 bytes).
    Removing dmul.o(.text), (228 bytes).
    Removing ddiv.o(.text), (222 bytes).
    Removing dfixul.o(.text), (48 bytes).

928 unused section(s) (total 69513 bytes) removed from the image.

==============================================================================

Image Symbol Table

    Local Symbols

    Symbol Name                              Value     Ov Type        Size  Object(Section)

    ../clib/microlib/division.c              0x00000000   Number         0  uidiv.o ABSOLUTE
    ../clib/microlib/division.c              0x00000000   Number         0  uldiv.o ABSOLUTE
    ../clib/microlib/init/entry.s            0x00000000   Number         0  entry8b.o ABSOLUTE
    ../clib/microlib/init/entry.s            0x00000000   Number         0  entry8a.o ABSOLUTE
    ../clib/microlib/init/entry.s            0x00000000   Number         0  entry.o ABSOLUTE
    ../clib/microlib/init/entry.s            0x00000000   Number         0  entry7b.o ABSOLUTE
    ../clib/microlib/init/entry.s            0x00000000   Number         0  entry5.o ABSOLUTE
    ../clib/microlib/init/entry.s            0x00000000   Number         0  entry11b.o ABSOLUTE
    ../clib/microlib/init/entry.s            0x00000000   Number         0  entry11a.o ABSOLUTE
    ../clib/microlib/init/entry.s            0x00000000   Number         0  entry10a.o ABSOLUTE
    ../clib/microlib/init/entry.s            0x00000000   Number         0  entry2.o ABSOLUTE
    ../clib/microlib/init/entry.s            0x00000000   Number         0  entry7a.o ABSOLUTE
    ../clib/microlib/init/entry.s            0x00000000   Number         0  entry10b.o ABSOLUTE
    ../clib/microlib/init/entry.s            0x00000000   Number         0  entry9b.o ABSOLUTE
    ../clib/microlib/init/entry.s            0x00000000   Number         0  entry9a.o ABSOLUTE
    ../clib/microlib/longlong.c              0x00000000   Number         0  llushr.o ABSOLUTE
    ../clib/microlib/longlong.c              0x00000000   Number         0  llshl.o ABSOLUTE
    ../clib/microlib/longlong.c              0x00000000   Number         0  llsshr.o ABSOLUTE
    ../clib/microlib/printf/printf.c         0x00000000   Number         0  printfa.o ABSOLUTE
    ../clib/microlib/printf/printf.c         0x00000000   Number         0  printf0.o ABSOLUTE
    ../clib/microlib/printf/printf.c         0x00000000   Number         0  printf5.o ABSOLUTE
    ../clib/microlib/printf/printf.c         0x00000000   Number         0  printfb.o ABSOLUTE
    ../clib/microlib/printf/printf.c         0x00000000   Number         0  printf3.o ABSOLUTE
    ../clib/microlib/printf/printf.c         0x00000000   Number         0  printf2.o ABSOLUTE
    ../clib/microlib/printf/printf.c         0x00000000   Number         0  printf1.o ABSOLUTE
    ../clib/microlib/printf/printf.c         0x00000000   Number         0  printf8.o ABSOLUTE
    ../clib/microlib/printf/printf.c         0x00000000   Number         0  printf7.o ABSOLUTE
    ../clib/microlib/printf/printf.c         0x00000000   Number         0  printf6.o ABSOLUTE
    ../clib/microlib/printf/printf.c         0x00000000   Number         0  printf4.o ABSOLUTE
    ../clib/microlib/printf/stubs.s          0x00000000   Number         0  stubs.o ABSOLUTE
    ../clib/microlib/stdio/streams.c         0x00000000   Number         0  stdout.o ABSOLUTE
    ../clib/microlib/string/memset.c         0x00000000   Number         0  memseta.o ABSOLUTE
    ../clib/microlib/stubs.s                 0x00000000   Number         0  iusefp.o ABSOLUTE
    ../fplib/microlib/fpadd.c                0x00000000   Number         0  dadd.o ABSOLUTE
    ../fplib/microlib/fpdiv.c                0x00000000   Number         0  ddiv.o ABSOLUTE
    ../fplib/microlib/fpepilogue.c           0x00000000   Number         0  depilogue.o ABSOLUTE
    ../fplib/microlib/fpfix.c                0x00000000   Number         0  dfixul.o ABSOLUTE
    ../fplib/microlib/fpflt.c                0x00000000   Number         0  dfltui.o ABSOLUTE
    ../fplib/microlib/fpflt.c                0x00000000   Number         0  dflti.o ABSOLUTE
    ../fplib/microlib/fpmul.c                0x00000000   Number         0  dmul.o ABSOLUTE
    ..\..\..\Libraries\CMSIS\Device\ST\STM32F4xx\Source\Templates\arm\startup_stm32f40xx.s 0x00000000   Number         0  startup_stm32f40xx.o ABSOLUTE
    ..\..\..\Libraries\STM32F4x7_ETH_Driver\src\stm32f4x7_eth.c 0x00000000   Number         0  stm32f4x7_eth.o ABSOLUTE
    ..\..\..\Libraries\STM32F4xx_StdPeriph_Driver\src\misc.c 0x00000000   Number         0  misc.o ABSOLUTE
    ..\..\..\Libraries\STM32F4xx_StdPeriph_Driver\src\stm32f4xx_adc.c 0x00000000   Number         0  stm32f4xx_adc.o ABSOLUTE
    ..\..\..\Libraries\STM32F4xx_StdPeriph_Driver\src\stm32f4xx_can.c 0x00000000   Number         0  stm32f4xx_can.o ABSOLUTE
    ..\..\..\Libraries\STM32F4xx_StdPeriph_Driver\src\stm32f4xx_crc.c 0x00000000   Number         0  stm32f4xx_crc.o ABSOLUTE
    ..\..\..\Libraries\STM32F4xx_StdPeriph_Driver\src\stm32f4xx_cryp.c 0x00000000   Number         0  stm32f4xx_cryp.o ABSOLUTE
    ..\..\..\Libraries\STM32F4xx_StdPeriph_Driver\src\stm32f4xx_cryp_aes.c 0x00000000   Number         0  stm32f4xx_cryp_aes.o ABSOLUTE
    ..\..\..\Libraries\STM32F4xx_StdPeriph_Driver\src\stm32f4xx_cryp_des.c 0x00000000   Number         0  stm32f4xx_cryp_des.o ABSOLUTE
    ..\..\..\Libraries\STM32F4xx_StdPeriph_Driver\src\stm32f4xx_cryp_tdes.c 0x00000000   Number         0  stm32f4xx_cryp_tdes.o ABSOLUTE
    ..\..\..\Libraries\STM32F4xx_StdPeriph_Driver\src\stm32f4xx_dac.c 0x00000000   Number         0  stm32f4xx_dac.o ABSOLUTE
    ..\..\..\Libraries\STM32F4xx_StdPeriph_Driver\src\stm32f4xx_dbgmcu.c 0x00000000   Number         0  stm32f4xx_dbgmcu.o ABSOLUTE
    ..\..\..\Libraries\STM32F4xx_StdPeriph_Driver\src\stm32f4xx_dcmi.c 0x00000000   Number         0  stm32f4xx_dcmi.o ABSOLUTE
    ..\..\..\Libraries\STM32F4xx_StdPeriph_Driver\src\stm32f4xx_dma.c 0x00000000   Number         0  stm32f4xx_dma.o ABSOLUTE
    ..\..\..\Libraries\STM32F4xx_StdPeriph_Driver\src\stm32f4xx_exti.c 0x00000000   Number         0  stm32f4xx_exti.o ABSOLUTE
    ..\..\..\Libraries\STM32F4xx_StdPeriph_Driver\src\stm32f4xx_flash.c 0x00000000   Number         0  stm32f4xx_flash.o ABSOLUTE
    ..\..\..\Libraries\STM32F4xx_StdPeriph_Driver\src\stm32f4xx_fsmc.c 0x00000000   Number         0  stm32f4xx_fsmc.o ABSOLUTE
    ..\..\..\Libraries\STM32F4xx_StdPeriph_Driver\src\stm32f4xx_gpio.c 0x00000000   Number         0  stm32f4xx_gpio.o ABSOLUTE
    ..\..\..\Libraries\STM32F4xx_StdPeriph_Driver\src\stm32f4xx_hash.c 0x00000000   Number         0  stm32f4xx_hash.o ABSOLUTE
    ..\..\..\Libraries\STM32F4xx_StdPeriph_Driver\src\stm32f4xx_hash_md5.c 0x00000000   Number         0  stm32f4xx_hash_md5.o ABSOLUTE
    ..\..\..\Libraries\STM32F4xx_StdPeriph_Driver\src\stm32f4xx_hash_sha1.c 0x00000000   Number         0  stm32f4xx_hash_sha1.o ABSOLUTE
    ..\..\..\Libraries\STM32F4xx_StdPeriph_Driver\src\stm32f4xx_i2c.c 0x00000000   Number         0  stm32f4xx_i2c.o ABSOLUTE
    ..\..\..\Libraries\STM32F4xx_StdPeriph_Driver\src\stm32f4xx_iwdg.c 0x00000000   Number         0  stm32f4xx_iwdg.o ABSOLUTE
    ..\..\..\Libraries\STM32F4xx_StdPeriph_Driver\src\stm32f4xx_pwr.c 0x00000000   Number         0  stm32f4xx_pwr.o ABSOLUTE
    ..\..\..\Libraries\STM32F4xx_StdPeriph_Driver\src\stm32f4xx_rcc.c 0x00000000   Number         0  stm32f4xx_rcc.o ABSOLUTE
    ..\..\..\Libraries\STM32F4xx_StdPeriph_Driver\src\stm32f4xx_rng.c 0x00000000   Number         0  stm32f4xx_rng.o ABSOLUTE
    ..\..\..\Libraries\STM32F4xx_StdPeriph_Driver\src\stm32f4xx_rtc.c 0x00000000   Number         0  stm32f4xx_rtc.o ABSOLUTE
    ..\..\..\Libraries\STM32F4xx_StdPeriph_Driver\src\stm32f4xx_sdio.c 0x00000000   Number         0  stm32f4xx_sdio.o ABSOLUTE
    ..\..\..\Libraries\STM32F4xx_StdPeriph_Driver\src\stm32f4xx_spi.c 0x00000000   Number         0  stm32f4xx_spi.o ABSOLUTE
    ..\..\..\Libraries\STM32F4xx_StdPeriph_Driver\src\stm32f4xx_syscfg.c 0x00000000   Number         0  stm32f4xx_syscfg.o ABSOLUTE
    ..\..\..\Libraries\STM32F4xx_StdPeriph_Driver\src\stm32f4xx_tim.c 0x00000000   Number         0  stm32f4xx_tim.o ABSOLUTE
    ..\..\..\Libraries\STM32F4xx_StdPeriph_Driver\src\stm32f4xx_usart.c 0x00000000   Number         0  stm32f4xx_usart.o ABSOLUTE
    ..\..\..\Libraries\STM32F4xx_StdPeriph_Driver\src\stm32f4xx_wwdg.c 0x00000000   Number         0  stm32f4xx_wwdg.o ABSOLUTE
    ..\..\..\Utilities\STM32_EVAL\Common\lcd_log.c 0x00000000   Number         0  lcd_log.o ABSOLUTE
    ..\..\..\Utilities\STM32_EVAL\STM32F4_EVB\stm324xg_eval_lcd.c 0x00000000   Number         0  stm324xg_eval_lcd.o ABSOLUTE
    ..\..\..\Utilities\STM32_EVAL\STM32F4_EVB\stm32f4_evb.c 0x00000000   Number         0  stm32f4_evb.o ABSOLUTE
    ..\..\..\Utilities\STM32_EVAL\STM32F4_EVB\stm32f4_evb_fsmc_psram.c 0x00000000   Number         0  stm32f4_evb_fsmc_psram.o ABSOLUTE
    ..\..\..\Utilities\STM32_EVAL\STM32F4_EVB\stm32f4_evb_i2c_ee.c 0x00000000   Number         0  stm32f4_evb_i2c_ee.o ABSOLUTE
    ..\..\..\Utilities\STM32_EVAL\STM32F4_EVB\stm32f4_evb_i2c_gsensor.c 0x00000000   Number         0  stm32f4_evb_i2c_gsensor.o ABSOLUTE
    ..\..\..\Utilities\STM32_EVAL\STM32F4_EVB\stm32f4_evb_i2c_tsc.c 0x00000000   Number         0  stm32f4_evb_i2c_tsc.o ABSOLUTE
    ..\..\..\Utilities\STM32_EVAL\STM32F4_EVB\stm32f4_evb_sdio_sd.c 0x00000000   Number         0  stm32f4_evb_sdio_sd.o ABSOLUTE
    ..\\..\\..\\Libraries\\STM32F4x7_ETH_Driver\\src\\stm32f4x7_eth.c 0x00000000   Number         0  stm32f4x7_eth.o ABSOLUTE
    ..\\..\\..\\Libraries\\STM32F4xx_StdPeriph_Driver\\src\\misc.c 0x00000000   Number         0  misc.o ABSOLUTE
    ..\\..\\..\\Libraries\\STM32F4xx_StdPeriph_Driver\\src\\stm32f4xx_adc.c 0x00000000   Number         0  stm32f4xx_adc.o ABSOLUTE
    ..\\..\\..\\Libraries\\STM32F4xx_StdPeriph_Driver\\src\\stm32f4xx_can.c 0x00000000   Number         0  stm32f4xx_can.o ABSOLUTE
    ..\\..\\..\\Libraries\\STM32F4xx_StdPeriph_Driver\\src\\stm32f4xx_crc.c 0x00000000   Number         0  stm32f4xx_crc.o ABSOLUTE
    ..\\..\\..\\Libraries\\STM32F4xx_StdPeriph_Driver\\src\\stm32f4xx_cryp.c 0x00000000   Number         0  stm32f4xx_cryp.o ABSOLUTE
    ..\\..\\..\\Libraries\\STM32F4xx_StdPeriph_Driver\\src\\stm32f4xx_cryp_aes.c 0x00000000   Number         0  stm32f4xx_cryp_aes.o ABSOLUTE
    ..\\..\\..\\Libraries\\STM32F4xx_StdPeriph_Driver\\src\\stm32f4xx_cryp_des.c 0x00000000   Number         0  stm32f4xx_cryp_des.o ABSOLUTE
    ..\\..\\..\\Libraries\\STM32F4xx_StdPeriph_Driver\\src\\stm32f4xx_cryp_tdes.c 0x00000000   Number         0  stm32f4xx_cryp_tdes.o ABSOLUTE
    ..\\..\\..\\Libraries\\STM32F4xx_StdPeriph_Driver\\src\\stm32f4xx_dac.c 0x00000000   Number         0  stm32f4xx_dac.o ABSOLUTE
    ..\\..\\..\\Libraries\\STM32F4xx_StdPeriph_Driver\\src\\stm32f4xx_dbgmcu.c 0x00000000   Number         0  stm32f4xx_dbgmcu.o ABSOLUTE
    ..\\..\\..\\Libraries\\STM32F4xx_StdPeriph_Driver\\src\\stm32f4xx_dcmi.c 0x00000000   Number         0  stm32f4xx_dcmi.o ABSOLUTE
    ..\\..\\..\\Libraries\\STM32F4xx_StdPeriph_Driver\\src\\stm32f4xx_dma.c 0x00000000   Number         0  stm32f4xx_dma.o ABSOLUTE
    ..\\..\\..\\Libraries\\STM32F4xx_StdPeriph_Driver\\src\\stm32f4xx_exti.c 0x00000000   Number         0  stm32f4xx_exti.o ABSOLUTE
    ..\\..\\..\\Libraries\\STM32F4xx_StdPeriph_Driver\\src\\stm32f4xx_flash.c 0x00000000   Number         0  stm32f4xx_flash.o ABSOLUTE
    ..\\..\\..\\Libraries\\STM32F4xx_StdPeriph_Driver\\src\\stm32f4xx_fsmc.c 0x00000000   Number         0  stm32f4xx_fsmc.o ABSOLUTE
    ..\\..\\..\\Libraries\\STM32F4xx_StdPeriph_Driver\\src\\stm32f4xx_gpio.c 0x00000000   Number         0  stm32f4xx_gpio.o ABSOLUTE
    ..\\..\\..\\Libraries\\STM32F4xx_StdPeriph_Driver\\src\\stm32f4xx_hash.c 0x00000000   Number         0  stm32f4xx_hash.o ABSOLUTE
    ..\\..\\..\\Libraries\\STM32F4xx_StdPeriph_Driver\\src\\stm32f4xx_hash_md5.c 0x00000000   Number         0  stm32f4xx_hash_md5.o ABSOLUTE
    ..\\..\\..\\Libraries\\STM32F4xx_StdPeriph_Driver\\src\\stm32f4xx_hash_sha1.c 0x00000000   Number         0  stm32f4xx_hash_sha1.o ABSOLUTE
    ..\\..\\..\\Libraries\\STM32F4xx_StdPeriph_Driver\\src\\stm32f4xx_i2c.c 0x00000000   Number         0  stm32f4xx_i2c.o ABSOLUTE
    ..\\..\\..\\Libraries\\STM32F4xx_StdPeriph_Driver\\src\\stm32f4xx_iwdg.c 0x00000000   Number         0  stm32f4xx_iwdg.o ABSOLUTE
    ..\\..\\..\\Libraries\\STM32F4xx_StdPeriph_Driver\\src\\stm32f4xx_pwr.c 0x00000000   Number         0  stm32f4xx_pwr.o ABSOLUTE
    ..\\..\\..\\Libraries\\STM32F4xx_StdPeriph_Driver\\src\\stm32f4xx_rcc.c 0x00000000   Number         0  stm32f4xx_rcc.o ABSOLUTE
    ..\\..\\..\\Libraries\\STM32F4xx_StdPeriph_Driver\\src\\stm32f4xx_rng.c 0x00000000   Number         0  stm32f4xx_rng.o ABSOLUTE
    ..\\..\\..\\Libraries\\STM32F4xx_StdPeriph_Driver\\src\\stm32f4xx_rtc.c 0x00000000   Number         0  stm32f4xx_rtc.o ABSOLUTE
    ..\\..\\..\\Libraries\\STM32F4xx_StdPeriph_Driver\\src\\stm32f4xx_sdio.c 0x00000000   Number         0  stm32f4xx_sdio.o ABSOLUTE
    ..\\..\\..\\Libraries\\STM32F4xx_StdPeriph_Driver\\src\\stm32f4xx_spi.c 0x00000000   Number         0  stm32f4xx_spi.o ABSOLUTE
    ..\\..\\..\\Libraries\\STM32F4xx_StdPeriph_Driver\\src\\stm32f4xx_syscfg.c 0x00000000   Number         0  stm32f4xx_syscfg.o ABSOLUTE
    ..\\..\\..\\Libraries\\STM32F4xx_StdPeriph_Driver\\src\\stm32f4xx_tim.c 0x00000000   Number         0  stm32f4xx_tim.o ABSOLUTE
    ..\\..\\..\\Libraries\\STM32F4xx_StdPeriph_Driver\\src\\stm32f4xx_usart.c 0x00000000   Number         0  stm32f4xx_usart.o ABSOLUTE
    ..\\..\\..\\Libraries\\STM32F4xx_StdPeriph_Driver\\src\\stm32f4xx_wwdg.c 0x00000000   Number         0  stm32f4xx_wwdg.o ABSOLUTE
    ..\\..\\..\\Utilities\\STM32_EVAL\\Common\\lcd_log.c 0x00000000   Number         0  lcd_log.o ABSOLUTE
    ..\\..\\..\\Utilities\\STM32_EVAL\\STM32F4_EVB\\stm324xg_eval_lcd.c 0x00000000   Number         0  stm324xg_eval_lcd.o ABSOLUTE
    ..\\..\\..\\Utilities\\STM32_EVAL\\STM32F4_EVB\\stm32f4_evb.c 0x00000000   Number         0  stm32f4_evb.o ABSOLUTE
    ..\\..\\..\\Utilities\\STM32_EVAL\\STM32F4_EVB\\stm32f4_evb_fsmc_psram.c 0x00000000   Number         0  stm32f4_evb_fsmc_psram.o ABSOLUTE
    ..\\..\\..\\Utilities\\STM32_EVAL\\STM32F4_EVB\\stm32f4_evb_i2c_ee.c 0x00000000   Number         0  stm32f4_evb_i2c_ee.o ABSOLUTE
    ..\\..\\..\\Utilities\\STM32_EVAL\\STM32F4_EVB\\stm32f4_evb_i2c_gsensor.c 0x00000000   Number         0  stm32f4_evb_i2c_gsensor.o ABSOLUTE
    ..\\..\\..\\Utilities\\STM32_EVAL\\STM32F4_EVB\\stm32f4_evb_i2c_tsc.c 0x00000000   Number         0  stm32f4_evb_i2c_tsc.o ABSOLUTE
    ..\\..\\..\\Utilities\\STM32_EVAL\\STM32F4_EVB\\stm32f4_evb_sdio_sd.c 0x00000000   Number         0  stm32f4_evb_sdio_sd.o ABSOLUTE
    ..\\src\\main.c                          0x00000000   Number         0  main.o ABSOLUTE
    ..\\src\\stm32f4xx_it.c                  0x00000000   Number         0  stm32f4xx_it.o ABSOLUTE
    ..\\src\\system_stm32f4xx.c              0x00000000   Number         0  system_stm32f4xx.o ABSOLUTE
    ..\src\main.c                            0x00000000   Number         0  main.o ABSOLUTE
    ..\src\stm32f4xx_it.c                    0x00000000   Number         0  stm32f4xx_it.o ABSOLUTE
    ..\src\system_stm32f4xx.c                0x00000000   Number         0  system_stm32f4xx.o ABSOLUTE
    cdcmple.s                                0x00000000   Number         0  cdcmple.o ABSOLUTE
    cdrcmple.s                               0x00000000   Number         0  cdrcmple.o ABSOLUTE
    dc.s                                     0x00000000   Number         0  dc.o ABSOLUTE
    handlers.s                               0x00000000   Number         0  handlers.o ABSOLUTE
    init.s                                   0x00000000   Number         0  init.o ABSOLUTE
    RESET                                    0x08000000   Section      392  startup_stm32f40xx.o(RESET)
    .ARM.Collect$$$$00000000                 0x08000188   Section        0  entry.o(.ARM.Collect$$$$00000000)
    .ARM.Collect$$$$00000001                 0x08000188   Section        4  entry2.o(.ARM.Collect$$$$00000001)
    .ARM.Collect$$$$00000004                 0x0800018c   Section        4  entry5.o(.ARM.Collect$$$$00000004)
    .ARM.Collect$$$$00000008                 0x08000190   Section        0  entry7b.o(.ARM.Collect$$$$00000008)
    .ARM.Collect$$$$0000000A                 0x08000190   Section        0  entry8b.o(.ARM.Collect$$$$0000000A)
    .ARM.Collect$$$$0000000B                 0x08000190   Section        8  entry9a.o(.ARM.Collect$$$$0000000B)
    .ARM.Collect$$$$0000000D                 0x08000198   Section        0  entry10a.o(.ARM.Collect$$$$0000000D)
    .ARM.Collect$$$$0000000F                 0x08000198   Section        0  entry11a.o(.ARM.Collect$$$$0000000F)
    .ARM.Collect$$$$00002712                 0x08000198   Section        4  entry2.o(.ARM.Collect$$$$00002712)
    __lit__00000000                          0x08000198   Data           4  entry2.o(.ARM.Collect$$$$00002712)
    .text                                    0x0800019c   Section       36  startup_stm32f40xx.o(.text)
    $v0                                      0x0800019c   Number         0  startup_stm32f40xx.o(.text)
    .text                                    0x080001c0   Section        0  memseta.o(.text)
    .text                                    0x080001e4   Section        0  uidiv.o(.text)
    .text                                    0x08000210   Section       36  init.o(.text)
    i.BusFault_Handler                       0x08000234   Section        0  stm32f4xx_it.o(i.BusFault_Handler)
    i.DebugMon_Handler                       0x08000238   Section        0  stm32f4xx_it.o(i.DebugMon_Handler)
    i.EXTI0_IRQHandler                       0x0800023a   Section        0  stm32f4xx_it.o(i.EXTI0_IRQHandler)
    i.EXTI15_10_IRQHandler                   0x08000250   Section        0  stm32f4xx_it.o(i.EXTI15_10_IRQHandler)
    i.EXTI_ClearITPendingBit                 0x0800026c   Section        0  stm32f4xx_exti.o(i.EXTI_ClearITPendingBit)
    i.EXTI_GetITStatus                       0x08000278   Section        0  stm32f4xx_exti.o(i.EXTI_GetITStatus)
    i.EXTI_Init                              0x08000290   Section        0  stm32f4xx_exti.o(i.EXTI_Init)
    i.FSMC_NORSRAMCmd                        0x08000324   Section        0  stm32f4xx_fsmc.o(i.FSMC_NORSRAMCmd)
    i.FSMC_NORSRAMInit                       0x08000358   Section        0  stm32f4xx_fsmc.o(i.FSMC_NORSRAMInit)
    i.GPIO_Init                              0x0800043e   Section        0  stm32f4xx_gpio.o(i.GPIO_Init)
    i.GPIO_PinAFConfig                       0x080004ce   Section        0  stm32f4xx_gpio.o(i.GPIO_PinAFConfig)
    i.HardFault_Handler                      0x08000514   Section        0  stm32f4xx_it.o(i.HardFault_Handler)
    i.LCD_Clear                              0x08000518   Section        0  stm324xg_eval_lcd.o(i.LCD_Clear)
    i.LCD_CtrlLinesConfig                    0x08000540   Section        0  stm324xg_eval_lcd.o(i.LCD_CtrlLinesConfig)
    i.LCD_DisplayChar                        0x08000670   Section        0  stm324xg_eval_lcd.o(i.LCD_DisplayChar)
    i.LCD_DisplayStringLine                  0x080006a0   Section        0  stm324xg_eval_lcd.o(i.LCD_DisplayStringLine)
    i.LCD_DrawChar                           0x080006ec   Section        0  stm324xg_eval_lcd.o(i.LCD_DrawChar)
    i.LCD_FSMCConfig                         0x08000798   Section        0  stm324xg_eval_lcd.o(i.LCD_FSMCConfig)
    i.LCD_GetFont                            0x080007fc   Section        0  stm324xg_eval_lcd.o(i.LCD_GetFont)
    i.LCD_ReadReg                            0x08000808   Section        0  stm324xg_eval_lcd.o(i.LCD_ReadReg)
    i.LCD_SetBackColor                       0x08000814   Section        0  stm324xg_eval_lcd.o(i.LCD_SetBackColor)
    i.LCD_SetCursor                          0x08000824   Section        0  stm324xg_eval_lcd.o(i.LCD_SetCursor)
    i.LCD_SetFont                            0x0800083c   Section        0  stm324xg_eval_lcd.o(i.LCD_SetFont)
    i.LCD_SetTextColor                       0x08000848   Section        0  stm324xg_eval_lcd.o(i.LCD_SetTextColor)
    i.LCD_WriteRAM                           0x08000858   Section        0  stm324xg_eval_lcd.o(i.LCD_WriteRAM)
    i.LCD_WriteRAM_Prepare                   0x08000860   Section        0  stm324xg_eval_lcd.o(i.LCD_WriteRAM_Prepare)
    i.LCD_WriteReg                           0x0800086a   Section        0  stm324xg_eval_lcd.o(i.LCD_WriteReg)
    i.MemManage_Handler                      0x08000874   Section        0  stm32f4xx_it.o(i.MemManage_Handler)
    i.NMI_Handler                            0x08000878   Section        0  stm32f4xx_it.o(i.NMI_Handler)
    i.NVIC_Init                              0x0800087c   Section        0  misc.o(i.NVIC_Init)
    i.PWR_BackupAccessCmd                    0x080008f4   Section        0  stm32f4xx_pwr.o(i.PWR_BackupAccessCmd)
    i.PendSV_Handler                         0x08000900   Section        0  stm32f4xx_it.o(i.PendSV_Handler)
    i.RCC_AHB1PeriphClockCmd                 0x08000904   Section        0  stm32f4xx_rcc.o(i.RCC_AHB1PeriphClockCmd)
    i.RCC_AHB3PeriphClockCmd                 0x08000924   Section        0  stm32f4xx_rcc.o(i.RCC_AHB3PeriphClockCmd)
    i.RCC_APB1PeriphClockCmd                 0x08000944   Section        0  stm32f4xx_rcc.o(i.RCC_APB1PeriphClockCmd)
    i.RCC_APB2PeriphClockCmd                 0x08000964   Section        0  stm32f4xx_rcc.o(i.RCC_APB2PeriphClockCmd)
    i.RCC_GetFlagStatus                      0x08000984   Section        0  stm32f4xx_rcc.o(i.RCC_GetFlagStatus)
    i.RCC_LSEConfig                          0x080009c4   Section        0  stm32f4xx_rcc.o(i.RCC_LSEConfig)
    i.RCC_RTCCLKCmd                          0x080009f0   Section        0  stm32f4xx_rcc.o(i.RCC_RTCCLKCmd)
    i.RCC_RTCCLKConfig                       0x080009fc   Section        0  stm32f4xx_rcc.o(i.RCC_RTCCLKConfig)
    i.RTC_AlarmCmd                           0x08000a38   Section        0  stm32f4xx_rtc.o(i.RTC_AlarmCmd)
    i.RTC_AlarmShow                          0x08000aac   Section        0  main.o(i.RTC_AlarmShow)
    i.RTC_Alarm_IRQHandler                   0x08000af4   Section        0  stm32f4xx_it.o(i.RTC_Alarm_IRQHandler)
    i.RTC_Bcd2ToByte                         0x08000b18   Section        0  stm32f4xx_rtc.o(i.RTC_Bcd2ToByte)
    RTC_Bcd2ToByte                           0x08000b19   Thumb Code    22  stm32f4xx_rtc.o(i.RTC_Bcd2ToByte)
    i.RTC_ByteToBcd2                         0x08000b2e   Section        0  stm32f4xx_rtc.o(i.RTC_ByteToBcd2)
    RTC_ByteToBcd2                           0x08000b2f   Thumb Code    28  stm32f4xx_rtc.o(i.RTC_ByteToBcd2)
    i.RTC_ClearFlag                          0x08000b4c   Section        0  stm32f4xx_rtc.o(i.RTC_ClearFlag)
    i.RTC_ClearITPendingBit                  0x08000b68   Section        0  stm32f4xx_rtc.o(i.RTC_ClearITPendingBit)
    i.RTC_Config                             0x08000b88   Section        0  main.o(i.RTC_Config)
    RTC_Config                               0x08000b89   Thumb Code   222  main.o(i.RTC_Config)
    i.RTC_EnterInitMode                      0x08000c7c   Section        0  stm32f4xx_rtc.o(i.RTC_EnterInitMode)
    i.RTC_ExitInitMode                       0x08000ccc   Section        0  stm32f4xx_rtc.o(i.RTC_ExitInitMode)
    i.RTC_GetAlarm                           0x08000ce0   Section        0  stm32f4xx_rtc.o(i.RTC_GetAlarm)
    i.RTC_GetITStatus                        0x08000d54   Section        0  stm32f4xx_rtc.o(i.RTC_GetITStatus)
    i.RTC_GetTime                            0x08000d94   Section        0  stm32f4xx_rtc.o(i.RTC_GetTime)
    i.RTC_ITConfig                           0x08000de4   Section        0  stm32f4xx_rtc.o(i.RTC_ITConfig)
    i.RTC_Init                               0x08000e48   Section        0  stm32f4xx_rtc.o(i.RTC_Init)
    i.RTC_ReadBackupRegister                 0x08000eac   Section        0  stm32f4xx_rtc.o(i.RTC_ReadBackupRegister)
    i.RTC_SetAlarm                           0x08000ecc   Section        0  stm32f4xx_rtc.o(i.RTC_SetAlarm)
    i.RTC_SetDate                            0x08000fb8   Section        0  stm32f4xx_rtc.o(i.RTC_SetDate)
    i.RTC_SetTime                            0x08001080   Section        0  stm32f4xx_rtc.o(i.RTC_SetTime)
    i.RTC_TimeShow                           0x08001150   Section        0  main.o(i.RTC_TimeShow)
    i.RTC_WaitForSynchro                     0x0800124c   Section        0  stm32f4xx_rtc.o(i.RTC_WaitForSynchro)
    i.RTC_WriteBackupRegister                0x080012ac   Section        0  stm32f4xx_rtc.o(i.RTC_WriteBackupRegister)
    i.STM324xG_LCD_Init                      0x080012c8   Section        0  stm324xg_eval_lcd.o(i.STM324xG_LCD_Init)
    i.STM_EVAL_LEDInit                       0x080016e8   Section        0  stm32f4_evb.o(i.STM_EVAL_LEDInit)
    i.STM_EVAL_LEDOn                         0x08001734   Section        0  stm32f4_evb.o(i.STM_EVAL_LEDOn)
    i.STM_EVAL_LEDToggle                     0x0800174c   Section        0  stm32f4_evb.o(i.STM_EVAL_LEDToggle)
    i.STM_EVAL_PBInit                        0x08001770   Section        0  stm32f4_evb.o(i.STM_EVAL_PBInit)
    i.SVC_Handler                            0x08001828   Section        0  stm32f4xx_it.o(i.SVC_Handler)
    i.SYSCFG_EXTILineConfig                  0x0800182c   Section        0  stm32f4xx_syscfg.o(i.SYSCFG_EXTILineConfig)
    i.SetSysClock                            0x0800186c   Section        0  system_stm32f4xx.o(i.SetSysClock)
    SetSysClock                              0x0800186d   Thumb Code   220  system_stm32f4xx.o(i.SetSysClock)
    i.SysTick_Handler                        0x08001958   Section        0  stm32f4xx_it.o(i.SysTick_Handler)
    i.SystemInit                             0x0800195c   Section        0  system_stm32f4xx.o(i.SystemInit)
    i.UsageFault_Handler                     0x080019c4   Section        0  stm32f4xx_it.o(i.UsageFault_Handler)
    i.__0sprintf$1                           0x080019c8   Section        0  printf1.o(i.__0sprintf$1)
    i.__scatterload_copy                     0x080019f0   Section       14  handlers.o(i.__scatterload_copy)
    i.__scatterload_null                     0x080019fe   Section        2  handlers.o(i.__scatterload_null)
    i.__scatterload_zeroinit                 0x08001a00   Section       14  handlers.o(i.__scatterload_zeroinit)
    i._printf_core                           0x08001a10   Section        0  printf1.o(i._printf_core)
    _printf_core                             0x08001a11   Thumb Code   336  printf1.o(i._printf_core)
    i._sputc                                 0x08001b64   Section        0  printf1.o(i._sputc)
    _sputc                                   0x08001b65   Thumb Code    10  printf1.o(i._sputc)
    i.delay                                  0x08001b70   Section        0  stm324xg_eval_lcd.o(i.delay)
    delay                                    0x08001b71   Thumb Code    32  stm324xg_eval_lcd.o(i.delay)
    i.main                                   0x08001b94   Section        0  main.o(i.main)
    .constdata                               0x08001c70   Section       92  stm32f4_evb.o(.constdata)
    .constdata                               0x08001ccc   Section    10704  stm324xg_eval_lcd.o(.constdata)
    .data                                    0x20000000   Section       12  main.o(.data)
    .data                                    0x2000000c   Section       44  stm32f4_evb.o(.data)
    .data                                    0x20000038   Section       40  stm324xg_eval_lcd.o(.data)
    LCD_Currentfonts                         0x20000058   Data           4  stm324xg_eval_lcd.o(.data)
    TextColor                                0x2000005c   Data           2  stm324xg_eval_lcd.o(.data)
    BackColor                                0x2000005e   Data           2  stm324xg_eval_lcd.o(.data)
    .bss                                     0x20000060   Section       78  main.o(.bss)
    STACK                                    0x200000b0   Section     1024  startup_stm32f40xx.o(STACK)

    Global Symbols

    Symbol Name                              Value     Ov Type        Size  Object(Section)

    BuildAttributes$$THM_ISAv4$E$P$D$K$B$S$7EM$VFPi3$EXTD16$VFPS$VFMA$PE$A:L22UL41UL21$X:L11$S22US41US21$IEEE1$IW$USESV6$~STKCKD$USESV7$~SHL$OSPACE$ROPI$EBA8$MICROLIB$REQ8$PRES8$EABIv2 0x00000000   Number         0  anon$$obj.o ABSOLUTE
    __ARM_use_no_argv                        0x00000000   Number         0  main.o ABSOLUTE
    _printf_a                                0x00000000   Number         0  stubs.o ABSOLUTE
    _printf_c                                0x00000000   Number         0  stubs.o ABSOLUTE
    _printf_charcount                        0x00000000   Number         0  stubs.o ABSOLUTE
    _printf_d                                0x00000000   Number         0  stubs.o ABSOLUTE
    _printf_e                                0x00000000   Number         0  stubs.o ABSOLUTE
    _printf_f                                0x00000000   Number         0  stubs.o ABSOLUTE
    _printf_flags                            0x00000000   Number         0  stubs.o ABSOLUTE
    _printf_fp_dec                           0x00000000   Number         0  stubs.o ABSOLUTE
    _printf_fp_hex                           0x00000000   Number         0  stubs.o ABSOLUTE
    _printf_g                                0x00000000   Number         0  stubs.o ABSOLUTE
    _printf_i                                0x00000000   Number         0  stubs.o ABSOLUTE
    _printf_int_dec                          0x00000000   Number         0  stubs.o ABSOLUTE
    _printf_l                                0x00000000   Number         0  stubs.o ABSOLUTE
    _printf_lc                               0x00000000   Number         0  stubs.o ABSOLUTE
    _printf_ll                               0x00000000   Number         0  stubs.o ABSOLUTE
    _printf_lld                              0x00000000   Number         0  stubs.o ABSOLUTE
    _printf_lli                              0x00000000   Number         0  stubs.o ABSOLUTE
    _printf_llo                              0x00000000   Number         0  stubs.o ABSOLUTE
    _printf_llu                              0x00000000   Number         0  stubs.o ABSOLUTE
    _printf_llx                              0x00000000   Number         0  stubs.o ABSOLUTE
    _printf_longlong_dec                     0x00000000   Number         0  stubs.o ABSOLUTE
    _printf_longlong_hex                     0x00000000   Number         0  stubs.o ABSOLUTE
    _printf_longlong_oct                     0x00000000   Number         0  stubs.o ABSOLUTE
    _printf_ls                               0x00000000   Number         0  stubs.o ABSOLUTE
    _printf_mbtowc                           0x00000000   Number         0  stubs.o ABSOLUTE
    _printf_n                                0x00000000   Number         0  stubs.o ABSOLUTE
    _printf_o                                0x00000000   Number         0  stubs.o ABSOLUTE
    _printf_p                                0x00000000   Number         0  stubs.o ABSOLUTE
    _printf_percent                          0x00000000   Number         0  stubs.o ABSOLUTE
    _printf_pre_padding                      0x00000000   Number         0  stubs.o ABSOLUTE
    _printf_return_value                     0x00000000   Number         0  stubs.o ABSOLUTE
    _printf_s                                0x00000000   Number         0  stubs.o ABSOLUTE
    _printf_sizespec                         0x00000000   Number         0  stubs.o ABSOLUTE
    _printf_str                              0x00000000   Number         0  stubs.o ABSOLUTE
    _printf_truncate_signed                  0x00000000   Number         0  stubs.o ABSOLUTE
    _printf_truncate_unsigned                0x00000000   Number         0  stubs.o ABSOLUTE
    _printf_u                                0x00000000   Number         0  stubs.o ABSOLUTE
    _printf_wc                               0x00000000   Number         0  stubs.o ABSOLUTE
    _printf_wctomb                           0x00000000   Number         0  stubs.o ABSOLUTE
    _printf_widthprec                        0x00000000   Number         0  stubs.o ABSOLUTE
    _printf_x                                0x00000000   Number         0  stubs.o ABSOLUTE
    __cpp_initialize__aeabi_                  - Undefined Weak Reference
    __cxa_finalize                            - Undefined Weak Reference
    __decompress                              - Undefined Weak Reference
    _clock_init                               - Undefined Weak Reference
    _microlib_exit                            - Undefined Weak Reference
    __Vectors_Size                           0x00000188   Number         0  startup_stm32f40xx.o ABSOLUTE
    __Vectors                                0x08000000   Data           4  startup_stm32f40xx.o(RESET)
    __Vectors_End                            0x08000188   Data           0  startup_stm32f40xx.o(RESET)
    __main                                   0x08000189   Thumb Code     0  entry.o(.ARM.Collect$$$$00000000)
    _main_stk                                0x08000189   Thumb Code     0  entry2.o(.ARM.Collect$$$$00000001)
    _main_scatterload                        0x0800018d   Thumb Code     0  entry5.o(.ARM.Collect$$$$00000004)
    __main_after_scatterload                 0x08000191   Thumb Code     0  entry5.o(.ARM.Collect$$$$00000004)
    _main_clock                              0x08000191   Thumb Code     0  entry7b.o(.ARM.Collect$$$$00000008)
    _main_cpp_init                           0x08000191   Thumb Code     0  entry8b.o(.ARM.Collect$$$$0000000A)
    _main_init                               0x08000191   Thumb Code     0  entry9a.o(.ARM.Collect$$$$0000000B)
    __rt_final_cpp                           0x08000199   Thumb Code     0  entry10a.o(.ARM.Collect$$$$0000000D)
    __rt_final_exit                          0x08000199   Thumb Code     0  entry11a.o(.ARM.Collect$$$$0000000F)
    Reset_Handler                            0x0800019d   Thumb Code     8  startup_stm32f40xx.o(.text)
    ADC_IRQHandler                           0x080001b7   Thumb Code     0  startup_stm32f40xx.o(.text)
    CAN1_RX0_IRQHandler                      0x080001b7   Thumb Code     0  startup_stm32f40xx.o(.text)
    CAN1_RX1_IRQHandler                      0x080001b7   Thumb Code     0  startup_stm32f40xx.o(.text)
    CAN1_SCE_IRQHandler                      0x080001b7   Thumb Code     0  startup_stm32f40xx.o(.text)
    CAN1_TX_IRQHandler                       0x080001b7   Thumb Code     0  startup_stm32f40xx.o(.text)
    CAN2_RX0_IRQHandler                      0x080001b7   Thumb Code     0  startup_stm32f40xx.o(.text)
    CAN2_RX1_IRQHandler                      0x080001b7   Thumb Code     0  startup_stm32f40xx.o(.text)
    CAN2_SCE_IRQHandler                      0x080001b7   Thumb Code     0  startup_stm32f40xx.o(.text)
    CAN2_TX_IRQHandler                       0x080001b7   Thumb Code     0  startup_stm32f40xx.o(.text)
    CRYP_IRQHandler                          0x080001b7   Thumb Code     0  startup_stm32f40xx.o(.text)
    DCMI_IRQHandler                          0x080001b7   Thumb Code     0  startup_stm32f40xx.o(.text)
    DMA1_Stream0_IRQHandler                  0x080001b7   Thumb Code     0  startup_stm32f40xx.o(.text)
    DMA1_Stream1_IRQHandler                  0x080001b7   Thumb Code     0  startup_stm32f40xx.o(.text)
    DMA1_Stream2_IRQHandler                  0x080001b7   Thumb Code     0  startup_stm32f40xx.o(.text)
    DMA1_Stream3_IRQHandler                  0x080001b7   Thumb Code     0  startup_stm32f40xx.o(.text)
    DMA1_Stream4_IRQHandler                  0x080001b7   Thumb Code     0  startup_stm32f40xx.o(.text)
    DMA1_Stream5_IRQHandler                  0x080001b7   Thumb Code     0  startup_stm32f40xx.o(.text)
    DMA1_Stream6_IRQHandler                  0x080001b7   Thumb Code     0  startup_stm32f40xx.o(.text)
    DMA1_Stream7_IRQHandler                  0x080001b7   Thumb Code     0  startup_stm32f40xx.o(.text)
    DMA2_Stream0_IRQHandler                  0x080001b7   Thumb Code     0  startup_stm32f40xx.o(.text)
    DMA2_Stream1_IRQHandler                  0x080001b7   Thumb Code     0  startup_stm32f40xx.o(.text)
    DMA2_Stream2_IRQHandler                  0x080001b7   Thumb Code     0  startup_stm32f40xx.o(.text)
    DMA2_Stream3_IRQHandler                  0x080001b7   Thumb Code     0  startup_stm32f40xx.o(.text)
    DMA2_Stream4_IRQHandler                  0x080001b7   Thumb Code     0  startup_stm32f40xx.o(.text)
    DMA2_Stream5_IRQHandler                  0x080001b7   Thumb Code     0  startup_stm32f40xx.o(.text)
    DMA2_Stream6_IRQHandler                  0x080001b7   Thumb Code     0  startup_stm32f40xx.o(.text)
    DMA2_Stream7_IRQHandler                  0x080001b7   Thumb Code     0  startup_stm32f40xx.o(.text)
    ETH_IRQHandler                           0x080001b7   Thumb Code     0  startup_stm32f40xx.o(.text)
    ETH_WKUP_IRQHandler                      0x080001b7   Thumb Code     0  startup_stm32f40xx.o(.text)
    EXTI1_IRQHandler                         0x080001b7   Thumb Code     0  startup_stm32f40xx.o(.text)
    EXTI2_IRQHandler                         0x080001b7   Thumb Code     0  startup_stm32f40xx.o(.text)
    EXTI3_IRQHandler                         0x080001b7   Thumb Code     0  startup_stm32f40xx.o(.text)
    EXTI4_IRQHandler                         0x080001b7   Thumb Code     0  startup_stm32f40xx.o(.text)
    EXTI9_5_IRQHandler                       0x080001b7   Thumb Code     0  startup_stm32f40xx.o(.text)
    FLASH_IRQHandler                         0x080001b7   Thumb Code     0  startup_stm32f40xx.o(.text)
    FPU_IRQHandler                           0x080001b7   Thumb Code     0  startup_stm32f40xx.o(.text)
    FSMC_IRQHandler                          0x080001b7   Thumb Code     0  startup_stm32f40xx.o(.text)
    HASH_RNG_IRQHandler                      0x080001b7   Thumb Code     0  startup_stm32f40xx.o(.text)
    I2C1_ER_IRQHandler                       0x080001b7   Thumb Code     0  startup_stm32f40xx.o(.text)
    I2C1_EV_IRQHandler                       0x080001b7   Thumb Code     0  startup_stm32f40xx.o(.text)
    I2C2_ER_IRQHandler                       0x080001b7   Thumb Code     0  startup_stm32f40xx.o(.text)
    I2C2_EV_IRQHandler                       0x080001b7   Thumb Code     0  startup_stm32f40xx.o(.text)
    I2C3_ER_IRQHandler                       0x080001b7   Thumb Code     0  startup_stm32f40xx.o(.text)
    I2C3_EV_IRQHandler                       0x080001b7   Thumb Code     0  startup_stm32f40xx.o(.text)
    OTG_FS_IRQHandler                        0x080001b7   Thumb Code     0  startup_stm32f40xx.o(.text)
    OTG_FS_WKUP_IRQHandler                   0x080001b7   Thumb Code     0  startup_stm32f40xx.o(.text)
    OTG_HS_EP1_IN_IRQHandler                 0x080001b7   Thumb Code     0  startup_stm32f40xx.o(.text)
    OTG_HS_EP1_OUT_IRQHandler                0x080001b7   Thumb Code     0  startup_stm32f40xx.o(.text)
    OTG_HS_IRQHandler                        0x080001b7   Thumb Code     0  startup_stm32f40xx.o(.text)
    OTG_HS_WKUP_IRQHandler                   0x080001b7   Thumb Code     0  startup_stm32f40xx.o(.text)
    PVD_IRQHandler                           0x080001b7   Thumb Code     0  startup_stm32f40xx.o(.text)
    RCC_IRQHandler                           0x080001b7   Thumb Code     0  startup_stm32f40xx.o(.text)
    RTC_WKUP_IRQHandler                      0x080001b7   Thumb Code     0  startup_stm32f40xx.o(.text)
    SDIO_IRQHandler                          0x080001b7   Thumb Code     0  startup_stm32f40xx.o(.text)
    SPI1_IRQHandler                          0x080001b7   Thumb Code     0  startup_stm32f40xx.o(.text)
    SPI2_IRQHandler                          0x080001b7   Thumb Code     0  startup_stm32f40xx.o(.text)
    SPI3_IRQHandler                          0x080001b7   Thumb Code     0  startup_stm32f40xx.o(.text)
    TAMP_STAMP_IRQHandler                    0x080001b7   Thumb Code     0  startup_stm32f40xx.o(.text)
    TIM1_BRK_TIM9_IRQHandler                 0x080001b7   Thumb Code     0  startup_stm32f40xx.o(.text)
    TIM1_CC_IRQHandler                       0x080001b7   Thumb Code     0  startup_stm32f40xx.o(.text)
    TIM1_TRG_COM_TIM11_IRQHandler            0x080001b7   Thumb Code     0  startup_stm32f40xx.o(.text)
    TIM1_UP_TIM10_IRQHandler                 0x080001b7   Thumb Code     0  startup_stm32f40xx.o(.text)
    TIM2_IRQHandler                          0x080001b7   Thumb Code     0  startup_stm32f40xx.o(.text)
    TIM3_IRQHandler                          0x080001b7   Thumb Code     0  startup_stm32f40xx.o(.text)
    TIM4_IRQHandler                          0x080001b7   Thumb Code     0  startup_stm32f40xx.o(.text)
    TIM5_IRQHandler                          0x080001b7   Thumb Code     0  startup_stm32f40xx.o(.text)
    TIM6_DAC_IRQHandler                      0x080001b7   Thumb Code     0  startup_stm32f40xx.o(.text)
    TIM7_IRQHandler                          0x080001b7   Thumb Code     0  startup_stm32f40xx.o(.text)
    TIM8_BRK_TIM12_IRQHandler                0x080001b7   Thumb Code     0  startup_stm32f40xx.o(.text)
    TIM8_CC_IRQHandler                       0x080001b7   Thumb Code     0  startup_stm32f40xx.o(.text)
    TIM8_TRG_COM_TIM14_IRQHandler            0x080001b7   Thumb Code     0  startup_stm32f40xx.o(.text)
    TIM8_UP_TIM13_IRQHandler                 0x080001b7   Thumb Code     0  startup_stm32f40xx.o(.text)
    UART4_IRQHandler                         0x080001b7   Thumb Code     0  startup_stm32f40xx.o(.text)
    UART5_IRQHandler                         0x080001b7   Thumb Code     0  startup_stm32f40xx.o(.text)
    USART1_IRQHandler                        0x080001b7   Thumb Code     0  startup_stm32f40xx.o(.text)
    USART2_IRQHandler                        0x080001b7   Thumb Code     0  startup_stm32f40xx.o(.text)
    USART3_IRQHandler                        0x080001b7   Thumb Code     0  startup_stm32f40xx.o(.text)
    USART6_IRQHandler                        0x080001b7   Thumb Code     0  startup_stm32f40xx.o(.text)
    WWDG_IRQHandler                          0x080001b7   Thumb Code     0  startup_stm32f40xx.o(.text)
    __aeabi_memset                           0x080001c1   Thumb Code    14  memseta.o(.text)
    __aeabi_memset4                          0x080001c1   Thumb Code     0  memseta.o(.text)
    __aeabi_memset8                          0x080001c1   Thumb Code     0  memseta.o(.text)
    __aeabi_memclr                           0x080001cf   Thumb Code     4  memseta.o(.text)
    __aeabi_memclr4                          0x080001cf   Thumb Code     0  memseta.o(.text)
    __aeabi_memclr8                          0x080001cf   Thumb Code     0  memseta.o(.text)
    _memset$wrapper                          0x080001d3   Thumb Code    18  memseta.o(.text)
    __aeabi_uidiv                            0x080001e5   Thumb Code     0  uidiv.o(.text)
    __aeabi_uidivmod                         0x080001e5   Thumb Code    44  uidiv.o(.text)
    __scatterload                            0x08000211   Thumb Code    28  init.o(.text)
    __scatterload_rt2                        0x08000211   Thumb Code     0  init.o(.text)
    BusFault_Handler                         0x08000235   Thumb Code     4  stm32f4xx_it.o(i.BusFault_Handler)
    DebugMon_Handler                         0x08000239   Thumb Code     2  stm32f4xx_it.o(i.DebugMon_Handler)
    EXTI0_IRQHandler                         0x0800023b   Thumb Code    22  stm32f4xx_it.o(i.EXTI0_IRQHandler)
    EXTI15_10_IRQHandler                     0x08000251   Thumb Code    26  stm32f4xx_it.o(i.EXTI15_10_IRQHandler)
    EXTI_ClearITPendingBit                   0x0800026d   Thumb Code     6  stm32f4xx_exti.o(i.EXTI_ClearITPendingBit)
    EXTI_GetITStatus                         0x08000279   Thumb Code    20  stm32f4xx_exti.o(i.EXTI_GetITStatus)
    EXTI_Init                                0x08000291   Thumb Code   142  stm32f4xx_exti.o(i.EXTI_Init)
    FSMC_NORSRAMCmd                          0x08000325   Thumb Code    46  stm32f4xx_fsmc.o(i.FSMC_NORSRAMCmd)
    FSMC_NORSRAMInit                         0x08000359   Thumb Code   230  stm32f4xx_fsmc.o(i.FSMC_NORSRAMInit)
    GPIO_Init                                0x0800043f   Thumb Code   144  stm32f4xx_gpio.o(i.GPIO_Init)
    GPIO_PinAFConfig                         0x080004cf   Thumb Code    70  stm32f4xx_gpio.o(i.GPIO_PinAFConfig)
    HardFault_Handler                        0x08000515   Thumb Code     4  stm32f4xx_it.o(i.HardFault_Handler)
    LCD_Clear                                0x08000519   Thumb Code    40  stm324xg_eval_lcd.o(i.LCD_Clear)
    LCD_CtrlLinesConfig                      0x08000541   Thumb Code   286  stm324xg_eval_lcd.o(i.LCD_CtrlLinesConfig)
    LCD_DisplayChar                          0x08000671   Thumb Code    42  stm324xg_eval_lcd.o(i.LCD_DisplayChar)
    LCD_DisplayStringLine                    0x080006a1   Thumb Code    72  stm324xg_eval_lcd.o(i.LCD_DisplayStringLine)
    LCD_DrawChar                             0x080006ed   Thumb Code   160  stm324xg_eval_lcd.o(i.LCD_DrawChar)
    LCD_FSMCConfig                           0x08000799   Thumb Code    98  stm324xg_eval_lcd.o(i.LCD_FSMCConfig)
    LCD_GetFont                              0x080007fd   Thumb Code     6  stm324xg_eval_lcd.o(i.LCD_GetFont)
    LCD_ReadReg                              0x08000809   Thumb Code    12  stm324xg_eval_lcd.o(i.LCD_ReadReg)
    LCD_SetBackColor                         0x08000815   Thumb Code    12  stm324xg_eval_lcd.o(i.LCD_SetBackColor)
    LCD_SetCursor                            0x08000825   Thumb Code    24  stm324xg_eval_lcd.o(i.LCD_SetCursor)
    LCD_SetFont                              0x0800083d   Thumb Code     6  stm324xg_eval_lcd.o(i.LCD_SetFont)
    LCD_SetTextColor                         0x08000849   Thumb Code    12  stm324xg_eval_lcd.o(i.LCD_SetTextColor)
    LCD_WriteRAM                             0x08000859   Thumb Code     8  stm324xg_eval_lcd.o(i.LCD_WriteRAM)
    LCD_WriteRAM_Prepare                     0x08000861   Thumb Code    10  stm324xg_eval_lcd.o(i.LCD_WriteRAM_Prepare)
    LCD_WriteReg                             0x0800086b   Thumb Code    10  stm324xg_eval_lcd.o(i.LCD_WriteReg)
    MemManage_Handler                        0x08000875   Thumb Code     4  stm32f4xx_it.o(i.MemManage_Handler)
    NMI_Handler                              0x08000879   Thumb Code     2  stm32f4xx_it.o(i.NMI_Handler)
    NVIC_Init                                0x0800087d   Thumb Code   106  misc.o(i.NVIC_Init)
    PWR_BackupAccessCmd                      0x080008f5   Thumb Code     6  stm32f4xx_pwr.o(i.PWR_BackupAccessCmd)
    PendSV_Handler                           0x08000901   Thumb Code     2  stm32f4xx_it.o(i.PendSV_Handler)
    RCC_AHB1PeriphClockCmd                   0x08000905   Thumb Code    26  stm32f4xx_rcc.o(i.RCC_AHB1PeriphClockCmd)
    RCC_AHB3PeriphClockCmd                   0x08000925   Thumb Code    26  stm32f4xx_rcc.o(i.RCC_AHB3PeriphClockCmd)
    RCC_APB1PeriphClockCmd                   0x08000945   Thumb Code    26  stm32f4xx_rcc.o(i.RCC_APB1PeriphClockCmd)
    RCC_APB2PeriphClockCmd                   0x08000965   Thumb Code    26  stm32f4xx_rcc.o(i.RCC_APB2PeriphClockCmd)
    RCC_GetFlagStatus                        0x08000985   Thumb Code    60  stm32f4xx_rcc.o(i.RCC_GetFlagStatus)
    RCC_LSEConfig                            0x080009c5   Thumb Code    40  stm32f4xx_rcc.o(i.RCC_LSEConfig)
    RCC_RTCCLKCmd                            0x080009f1   Thumb Code     6  stm32f4xx_rcc.o(i.RCC_RTCCLKCmd)
    RCC_RTCCLKConfig                         0x080009fd   Thumb Code    50  stm32f4xx_rcc.o(i.RCC_RTCCLKConfig)
    RTC_AlarmCmd                             0x08000a39   Thumb Code   112  stm32f4xx_rtc.o(i.RTC_AlarmCmd)
    RTC_AlarmShow                            0x08000aad   Thumb Code    48  main.o(i.RTC_AlarmShow)
    RTC_Alarm_IRQHandler                     0x08000af5   Thumb Code    36  stm32f4xx_it.o(i.RTC_Alarm_IRQHandler)
    RTC_ClearFlag                            0x08000b4d   Thumb Code    24  stm32f4xx_rtc.o(i.RTC_ClearFlag)
    RTC_ClearITPendingBit                    0x08000b69   Thumb Code    28  stm32f4xx_rtc.o(i.RTC_ClearITPendingBit)
    RTC_EnterInitMode                        0x08000c7d   Thumb Code    76  stm32f4xx_rtc.o(i.RTC_EnterInitMode)
    RTC_ExitInitMode                         0x08000ccd   Thumb Code    14  stm32f4xx_rtc.o(i.RTC_ExitInitMode)
    RTC_GetAlarm                             0x08000ce1   Thumb Code   112  stm32f4xx_rtc.o(i.RTC_GetAlarm)
    RTC_GetITStatus                          0x08000d55   Thumb Code    58  stm32f4xx_rtc.o(i.RTC_GetITStatus)
    RTC_GetTime                              0x08000d95   Thumb Code    72  stm32f4xx_rtc.o(i.RTC_GetTime)
    RTC_ITConfig                             0x08000de5   Thumb Code    94  stm32f4xx_rtc.o(i.RTC_ITConfig)
    RTC_Init                                 0x08000e49   Thumb Code    94  stm32f4xx_rtc.o(i.RTC_Init)
    RTC_ReadBackupRegister                   0x08000ead   Thumb Code    26  stm32f4xx_rtc.o(i.RTC_ReadBackupRegister)
    RTC_SetAlarm                             0x08000ecd   Thumb Code   230  stm32f4xx_rtc.o(i.RTC_SetAlarm)
    RTC_SetDate                              0x08000fb9   Thumb Code   190  stm32f4xx_rtc.o(i.RTC_SetDate)
    RTC_SetTime                              0x08001081   Thumb Code   198  stm32f4xx_rtc.o(i.RTC_SetTime)
    RTC_TimeShow                             0x08001151   Thumb Code   224  main.o(i.RTC_TimeShow)
    RTC_WaitForSynchro                       0x0800124d   Thumb Code    92  stm32f4xx_rtc.o(i.RTC_WaitForSynchro)
    RTC_WriteBackupRegister                  0x080012ad   Thumb Code    24  stm32f4xx_rtc.o(i.RTC_WriteBackupRegister)
    STM324xG_LCD_Init                        0x080012c9   Thumb Code  1050  stm324xg_eval_lcd.o(i.STM324xG_LCD_Init)
    STM_EVAL_LEDInit                         0x080016e9   Thumb Code    62  stm32f4_evb.o(i.STM_EVAL_LEDInit)
    STM_EVAL_LEDOn                           0x08001735   Thumb Code    16  stm32f4_evb.o(i.STM_EVAL_LEDOn)
    STM_EVAL_LEDToggle                       0x0800174d   Thumb Code    26  stm32f4_evb.o(i.STM_EVAL_LEDToggle)
    STM_EVAL_PBInit                          0x08001771   Thumb Code   156  stm32f4_evb.o(i.STM_EVAL_PBInit)
    SVC_Handler                              0x08001829   Thumb Code     2  stm32f4xx_it.o(i.SVC_Handler)
    SYSCFG_EXTILineConfig                    0x0800182d   Thumb Code    60  stm32f4xx_syscfg.o(i.SYSCFG_EXTILineConfig)
    SysTick_Handler                          0x08001959   Thumb Code     2  stm32f4xx_it.o(i.SysTick_Handler)
    SystemInit                               0x0800195d   Thumb Code    88  system_stm32f4xx.o(i.SystemInit)
    UsageFault_Handler                       0x080019c5   Thumb Code     4  stm32f4xx_it.o(i.UsageFault_Handler)
    __0sprintf$1                             0x080019c9   Thumb Code    34  printf1.o(i.__0sprintf$1)
    __1sprintf$1                             0x080019c9   Thumb Code     0  printf1.o(i.__0sprintf$1)
    __2sprintf                               0x080019c9   Thumb Code     0  printf1.o(i.__0sprintf$1)
    __scatterload_copy                       0x080019f1   Thumb Code    14  handlers.o(i.__scatterload_copy)
    __scatterload_null                       0x080019ff   Thumb Code     2  handlers.o(i.__scatterload_null)
    __scatterload_zeroinit                   0x08001a01   Thumb Code    14  handlers.o(i.__scatterload_zeroinit)
    main                                     0x08001b95   Thumb Code   218  main.o(i.main)
    GPIO_PIN                                 0x08001c70   Data           8  stm32f4_evb.o(.constdata)
    GPIO_CLK                                 0x08001c78   Data          16  stm32f4_evb.o(.constdata)
    BUTTON_PIN                               0x08001c88   Data           6  stm32f4_evb.o(.constdata)
    BUTTON_CLK                               0x08001c90   Data          12  stm32f4_evb.o(.constdata)
    BUTTON_EXTI_LINE                         0x08001c9c   Data           6  stm32f4_evb.o(.constdata)
    BUTTON_PORT_SOURCE                       0x08001ca2   Data           6  stm32f4_evb.o(.constdata)
    BUTTON_PIN_SOURCE                        0x08001ca8   Data           6  stm32f4_evb.o(.constdata)
    BUTTON_IRQn                              0x08001cae   Data           6  stm32f4_evb.o(.constdata)
    COM_USART_CLK                            0x08001cb4   Data           4  stm32f4_evb.o(.constdata)
    COM_TX_PORT_CLK                          0x08001cb8   Data           4  stm32f4_evb.o(.constdata)
    COM_RX_PORT_CLK                          0x08001cbc   Data           4  stm32f4_evb.o(.constdata)
    COM_TX_PIN                               0x08001cc0   Data           2  stm32f4_evb.o(.constdata)
    COM_RX_PIN                               0x08001cc2   Data           2  stm32f4_evb.o(.constdata)
    COM_TX_PIN_SOURCE                        0x08001cc4   Data           2  stm32f4_evb.o(.constdata)
    COM_RX_PIN_SOURCE                        0x08001cc6   Data           2  stm32f4_evb.o(.constdata)
    COM_TX_AF                                0x08001cc8   Data           2  stm32f4_evb.o(.constdata)
    COM_RX_AF                                0x08001cca   Data           2  stm32f4_evb.o(.constdata)
    ASCII16x24_Table                         0x08001ccc   Data        4560  stm324xg_eval_lcd.o(.constdata)
    ASCII12x12_Table                         0x08002e9c   Data        2304  stm324xg_eval_lcd.o(.constdata)
    ASCII8x12_Table                          0x0800379c   Data        2304  stm324xg_eval_lcd.o(.constdata)
    ASCII8x8_Table                           0x0800409c   Data        1536  stm324xg_eval_lcd.o(.constdata)
    Region$$Table$$Base                      0x0800469c   Number         0  anon$$obj.o(Region$$Table)
    Region$$Table$$Limit                     0x080046bc   Number         0  anon$$obj.o(Region$$Table)
    RTC_TimeStructure                        0x20000000   Data           4  main.o(.data)
    uwAsynchPrediv                           0x20000004   Data           4  main.o(.data)
    uwSynchPrediv                            0x20000008   Data           4  main.o(.data)
    GPIO_PORT                                0x2000000c   Data          16  stm32f4_evb.o(.data)
    BUTTON_PORT                              0x2000001c   Data          12  stm32f4_evb.o(.data)
    COM_USART                                0x20000028   Data           4  stm32f4_evb.o(.data)
    COM_TX_PORT                              0x2000002c   Data           4  stm32f4_evb.o(.data)
    COM_RX_PORT                              0x20000030   Data           4  stm32f4_evb.o(.data)
    NVIC_InitStructure                       0x20000034   Data           4  stm32f4_evb.o(.data)
    Font16x24                                0x20000038   Data           8  stm324xg_eval_lcd.o(.data)
    Font12x12                                0x20000040   Data           8  stm324xg_eval_lcd.o(.data)
    Font8x12                                 0x20000048   Data           8  stm324xg_eval_lcd.o(.data)
    Font8x8                                  0x20000050   Data           8  stm324xg_eval_lcd.o(.data)
    RTC_InitStructure                        0x20000060   Data          12  main.o(.bss)
    RTC_AlarmStructure                       0x2000006c   Data          16  main.o(.bss)
    aShowTime                                0x2000007c   Data          50  main.o(.bss)
    __initial_sp                             0x200004b0   Data           0  startup_stm32f40xx.o(STACK)



==============================================================================

Memory Map of the image

  Image Entry point : 0x08000189

  Load Region LR_IROM1 (Base: 0x08000000, Size: 0x0000471c, Max: 0x00100000, ABSOLUTE)

    Execution Region ER_IROM1 (Base: 0x08000000, Size: 0x000046bc, Max: 0x00100000, ABSOLUTE)

    Base Addr    Size         Type   Attr      Idx    E Section Name        Object

    0x08000000   0x00000188   Data   RO         6081    RESET               startup_stm32f40xx.o
    0x08000188   0x00000000   Code   RO         6086  * .ARM.Collect$$$$00000000  mc_w.l(entry.o)
    0x08000188   0x00000004   Code   RO         6362    .ARM.Collect$$$$00000001  mc_w.l(entry2.o)
    0x0800018c   0x00000004   Code   RO         6365    .ARM.Collect$$$$00000004  mc_w.l(entry5.o)
    0x08000190   0x00000000   Code   RO         6367    .ARM.Collect$$$$00000008  mc_w.l(entry7b.o)
    0x08000190   0x00000000   Code   RO         6369    .ARM.Collect$$$$0000000A  mc_w.l(entry8b.o)
    0x08000190   0x00000008   Code   RO         6370    .ARM.Collect$$$$0000000B  mc_w.l(entry9a.o)
    0x08000198   0x00000000   Code   RO         6372    .ARM.Collect$$$$0000000D  mc_w.l(entry10a.o)
    0x08000198   0x00000000   Code   RO         6374    .ARM.Collect$$$$0000000F  mc_w.l(entry11a.o)
    0x08000198   0x00000004   Code   RO         6363    .ARM.Collect$$$$00002712  mc_w.l(entry2.o)
    0x0800019c   0x00000024   Code   RO         6082    .text               startup_stm32f40xx.o
    0x080001c0   0x00000024   Code   RO         6091    .text               mc_w.l(memseta.o)
    0x080001e4   0x0000002c   Code   RO         6377    .text               mc_w.l(uidiv.o)
    0x08000210   0x00000024   Code   RO         6394    .text               mc_w.l(init.o)
    0x08000234   0x00000004   Code   RO            4    i.BusFault_Handler  stm32f4xx_it.o
    0x08000238   0x00000002   Code   RO            5    i.DebugMon_Handler  stm32f4xx_it.o
    0x0800023a   0x00000016   Code   RO            6    i.EXTI0_IRQHandler  stm32f4xx_it.o
    0x08000250   0x0000001a   Code   RO            7    i.EXTI15_10_IRQHandler  stm32f4xx_it.o
    0x0800026a   0x00000002   PAD
    0x0800026c   0x0000000c   Code   RO         2296    i.EXTI_ClearITPendingBit  stm32f4xx_exti.o
    0x08000278   0x00000018   Code   RO         2300    i.EXTI_GetITStatus  stm32f4xx_exti.o
    0x08000290   0x00000094   Code   RO         2301    i.EXTI_Init         stm32f4xx_exti.o
    0x08000324   0x00000034   Code   RO         2630    i.FSMC_NORSRAMCmd   stm32f4xx_fsmc.o
    0x08000358   0x000000e6   Code   RO         2632    i.FSMC_NORSRAMInit  stm32f4xx_fsmc.o
    0x0800043e   0x00000090   Code   RO         2752    i.GPIO_Init         stm32f4xx_gpio.o
    0x080004ce   0x00000046   Code   RO         2753    i.GPIO_PinAFConfig  stm32f4xx_gpio.o
    0x08000514   0x00000004   Code   RO            8    i.HardFault_Handler  stm32f4xx_it.o
    0x08000518   0x00000028   Code   RO          855    i.LCD_Clear         stm324xg_eval_lcd.o
    0x08000540   0x00000130   Code   RO          859    i.LCD_CtrlLinesConfig  stm324xg_eval_lcd.o
    0x08000670   0x00000030   Code   RO          861    i.LCD_DisplayChar   stm324xg_eval_lcd.o
    0x080006a0   0x0000004c   Code   RO          864    i.LCD_DisplayStringLine  stm324xg_eval_lcd.o
    0x080006ec   0x000000ac   Code   RO          865    i.LCD_DrawChar      stm324xg_eval_lcd.o
    0x08000798   0x00000062   Code   RO          873    i.LCD_FSMCConfig    stm324xg_eval_lcd.o
    0x080007fa   0x00000002   PAD
    0x080007fc   0x0000000c   Code   RO          876    i.LCD_GetFont       stm324xg_eval_lcd.o
    0x08000808   0x0000000c   Code   RO          882    i.LCD_ReadReg       stm324xg_eval_lcd.o
    0x08000814   0x00000010   Code   RO          883    i.LCD_SetBackColor  stm324xg_eval_lcd.o
    0x08000824   0x00000018   Code   RO          885    i.LCD_SetCursor     stm324xg_eval_lcd.o
    0x0800083c   0x0000000c   Code   RO          887    i.LCD_SetFont       stm324xg_eval_lcd.o
    0x08000848   0x00000010   Code   RO          888    i.LCD_SetTextColor  stm324xg_eval_lcd.o
    0x08000858   0x00000008   Code   RO          891    i.LCD_WriteRAM      stm324xg_eval_lcd.o
    0x08000860   0x0000000a   Code   RO          892    i.LCD_WriteRAM_Prepare  stm324xg_eval_lcd.o
    0x0800086a   0x0000000a   Code   RO          893    i.LCD_WriteReg      stm324xg_eval_lcd.o
    0x08000874   0x00000004   Code   RO            9    i.MemManage_Handler  stm32f4xx_it.o
    0x08000878   0x00000002   Code   RO           10    i.NMI_Handler       stm32f4xx_it.o
    0x0800087a   0x00000002   PAD
    0x0800087c   0x00000078   Code   RO         1132    i.NVIC_Init         misc.o
    0x080008f4   0x0000000c   Code   RO         3321    i.PWR_BackupAccessCmd  stm32f4xx_pwr.o
    0x08000900   0x00000002   Code   RO           11    i.PendSV_Handler    stm32f4xx_it.o
    0x08000902   0x00000002   PAD
    0x08000904   0x00000020   Code   RO         3435    i.RCC_AHB1PeriphClockCmd  stm32f4xx_rcc.o
    0x08000924   0x00000020   Code   RO         3441    i.RCC_AHB3PeriphClockCmd  stm32f4xx_rcc.o
    0x08000944   0x00000020   Code   RO         3444    i.RCC_APB1PeriphClockCmd  stm32f4xx_rcc.o
    0x08000964   0x00000020   Code   RO         3447    i.RCC_APB2PeriphClockCmd  stm32f4xx_rcc.o
    0x08000984   0x00000040   Code   RO         3457    i.RCC_GetFlagStatus  stm32f4xx_rcc.o
    0x080009c4   0x0000002c   Code   RO         3465    i.RCC_LSEConfig     stm32f4xx_rcc.o
    0x080009f0   0x0000000c   Code   RO         3478    i.RCC_RTCCLKCmd     stm32f4xx_rcc.o
    0x080009fc   0x0000003c   Code   RO         3479    i.RCC_RTCCLKConfig  stm32f4xx_rcc.o
    0x08000a38   0x00000074   Code   RO         3833    i.RTC_AlarmCmd      stm32f4xx_rtc.o
    0x08000aac   0x00000048   Code   RO          227    i.RTC_AlarmShow     main.o
    0x08000af4   0x00000024   Code   RO           12    i.RTC_Alarm_IRQHandler  stm32f4xx_it.o
    0x08000b18   0x00000016   Code   RO         3836    i.RTC_Bcd2ToByte    stm32f4xx_rtc.o
    0x08000b2e   0x0000001c   Code   RO         3838    i.RTC_ByteToBcd2    stm32f4xx_rtc.o
    0x08000b4a   0x00000002   PAD
    0x08000b4c   0x0000001c   Code   RO         3841    i.RTC_ClearFlag     stm32f4xx_rtc.o
    0x08000b68   0x00000020   Code   RO         3842    i.RTC_ClearITPendingBit  stm32f4xx_rtc.o
    0x08000b88   0x000000f4   Code   RO          228    i.RTC_Config        main.o
    0x08000c7c   0x00000050   Code   RO         3848    i.RTC_EnterInitMode  stm32f4xx_rtc.o
    0x08000ccc   0x00000014   Code   RO         3849    i.RTC_ExitInitMode  stm32f4xx_rtc.o
    0x08000ce0   0x00000074   Code   RO         3850    i.RTC_GetAlarm      stm32f4xx_rtc.o
    0x08000d54   0x00000040   Code   RO         3854    i.RTC_GetITStatus   stm32f4xx_rtc.o
    0x08000d94   0x00000050   Code   RO         3857    i.RTC_GetTime       stm32f4xx_rtc.o
    0x08000de4   0x00000064   Code   RO         3861    i.RTC_ITConfig      stm32f4xx_rtc.o
    0x08000e48   0x00000064   Code   RO         3862    i.RTC_Init          stm32f4xx_rtc.o
    0x08000eac   0x00000020   Code   RO         3865    i.RTC_ReadBackupRegister  stm32f4xx_rtc.o
    0x08000ecc   0x000000ec   Code   RO         3867    i.RTC_SetAlarm      stm32f4xx_rtc.o
    0x08000fb8   0x000000c8   Code   RO         3868    i.RTC_SetDate       stm32f4xx_rtc.o
    0x08001080   0x000000d0   Code   RO         3869    i.RTC_SetTime       stm32f4xx_rtc.o
    0x08001150   0x000000fc   Code   RO          229    i.RTC_TimeShow      main.o
    0x0800124c   0x00000060   Code   RO         3885    i.RTC_WaitForSynchro  stm32f4xx_rtc.o
    0x080012ac   0x0000001c   Code   RO         3888    i.RTC_WriteBackupRegister  stm32f4xx_rtc.o
    0x080012c8   0x00000420   Code   RO          895    i.STM324xG_LCD_Init  stm324xg_eval_lcd.o
    0x080016e8   0x0000004c   Code   RO          277    i.STM_EVAL_LEDInit  stm32f4_evb.o
    0x08001734   0x00000018   Code   RO          279    i.STM_EVAL_LEDOn    stm32f4_evb.o
    0x0800174c   0x00000024   Code   RO          280    i.STM_EVAL_LEDToggle  stm32f4_evb.o
    0x08001770   0x000000b8   Code   RO          282    i.STM_EVAL_PBInit   stm32f4_evb.o
    0x08001828   0x00000002   Code   RO           13    i.SVC_Handler       stm32f4xx_it.o
    0x0800182a   0x00000002   PAD
    0x0800182c   0x00000040   Code   RO         4560    i.SYSCFG_EXTILineConfig  stm32f4xx_syscfg.o
    0x0800186c   0x000000ec   Code   RO         5975    i.SetSysClock       system_stm32f4xx.o
    0x08001958   0x00000002   Code   RO           14    i.SysTick_Handler   stm32f4xx_it.o
    0x0800195a   0x00000002   PAD
    0x0800195c   0x00000068   Code   RO         5977    i.SystemInit        system_stm32f4xx.o
    0x080019c4   0x00000004   Code   RO           15    i.UsageFault_Handler  stm32f4xx_it.o
    0x080019c8   0x00000028   Code   RO         6140    i.__0sprintf$1      mc_w.l(printf1.o)
    0x080019f0   0x0000000e   Code   RO         6400    i.__scatterload_copy  mc_w.l(handlers.o)
    0x080019fe   0x00000002   Code   RO         6401    i.__scatterload_null  mc_w.l(handlers.o)
    0x08001a00   0x0000000e   Code   RO         6402    i.__scatterload_zeroinit  mc_w.l(handlers.o)
    0x08001a0e   0x00000002   PAD
    0x08001a10   0x00000154   Code   RO         6145    i._printf_core      mc_w.l(printf1.o)
    0x08001b64   0x0000000a   Code   RO         6147    i._sputc            mc_w.l(printf1.o)
    0x08001b6e   0x00000002   PAD
    0x08001b70   0x00000024   Code   RO          896    i.delay             stm324xg_eval_lcd.o
    0x08001b94   0x000000da   Code   RO          230    i.main              main.o
    0x08001c6e   0x00000002   PAD
    0x08001c70   0x0000005c   Data   RO          286    .constdata          stm32f4_evb.o
    0x08001ccc   0x000029d0   Data   RO          897    .constdata          stm324xg_eval_lcd.o
    0x0800469c   0x00000020   Data   RO         6398    Region$$Table       anon$$obj.o


    Execution Region RW_IRAM1 (Base: 0x20000000, Size: 0x000004b0, Max: 0x00020000, ABSOLUTE)

    Base Addr    Size         Type   Attr      Idx    E Section Name        Object

    0x20000000   0x0000000c   Data   RW          232    .data               main.o
    0x2000000c   0x0000002c   Data   RW          287    .data               stm32f4_evb.o
    0x20000038   0x00000028   Data   RW          898    .data               stm324xg_eval_lcd.o
    0x20000060   0x0000004e   Zero   RW          231    .bss                main.o
    0x200000ae   0x00000002   PAD
    0x200000b0   0x00000400   Zero   RW         6079    STACK               startup_stm32f40xx.o


==============================================================================

Image component sizes


      Code (inc. data)   RO Data    RW Data    ZI Data      Debug   Object Name

       786         74          0         12         78       3186   main.o
       120         14          0          0          0       1180   misc.o
        36          8        392          0       1024        944   startup_stm32f40xx.o
      1950         70      10704         40          0      13801   stm324xg_eval_lcd.o
       320         60         92         44          0       4647   stm32f4_evb.o
       184         16          0          0          0       2408   stm32f4xx_exti.o
       282          6          0          0          0       2053   stm32f4xx_fsmc.o
       214          0          0          0          0       2003   stm32f4xx_gpio.o
       110          0          0          0          0     293691   stm32f4xx_it.o
        12          6          0          0          0        598   stm32f4xx_pwr.o
       308         48          0          0          0       5235   stm32f4xx_rcc.o
      1586         92          0          0          0      13974   stm32f4xx_rtc.o
        64          4          0          0          0        720   stm32f4xx_syscfg.o
       340         32          0          0          0       1541   system_stm32f4xx.o

    ----------------------------------------------------------------------
      6328        430      11220         96       1104     345981   Object Totals
         0          0         32          0          0          0   (incl. Generated)
        16          0          0          0          2          0   (incl. Padding)

    ----------------------------------------------------------------------

      Code (inc. data)   RO Data    RW Data    ZI Data      Debug   Library Member Name

         0          0          0          0          0          0   entry.o
         0          0          0          0          0          0   entry10a.o
         0          0          0          0          0          0   entry11a.o
         8          4          0          0          0          0   entry2.o
         4          0          0          0          0          0   entry5.o
         0          0          0          0          0          0   entry7b.o
         0          0          0          0          0          0   entry8b.o
         8          4          0          0          0          0   entry9a.o
        30          0          0          0          0          0   handlers.o
        36          8          0          0          0         68   init.o
        36          0          0          0          0        108   memseta.o
       390         10          0          0          0        252   printf1.o
        44          0          0          0          0         80   uidiv.o

    ----------------------------------------------------------------------
       560         26          0          0          0        508   Library Totals
         4          0          0          0          0          0   (incl. Padding)

    ----------------------------------------------------------------------

      Code (inc. data)   RO Data    RW Data    ZI Data      Debug   Library Name

       556         26          0          0          0        508   mc_w.l

    ----------------------------------------------------------------------
       560         26          0          0          0        508   Library Totals

    ----------------------------------------------------------------------

==============================================================================


      Code (inc. data)   RO Data    RW Data    ZI Data      Debug   

      6888        456      11220         96       1104     339737   Grand Totals
      6888        456      11220         96       1104     339737   ELF Image Totals
      6888        456      11220         96          0          0   ROM Totals

==============================================================================

    Total RO  Size (Code + RO Data)                18108 (  17.68kB)
    Total RW  Size (RW Data + ZI Data)              1200 (   1.17kB)
    Total ROM Size (Code + RO Data + RW Data)      18204 (  17.78kB)

==============================================================================

